******************************************************************************
                  TI ARM Linker PC v18.12.3                    
******************************************************************************
>> Linked Mon Jan 13 11:20:43 2020

OUTPUT FILE NAME:   <httpget_TIVA4C.out>
ENTRY POINT SYMBOL: "_c_int00"  address: 00012b05


MEMORY CONFIGURATION

         name            origin    length      used     unused   attr    fill
----------------------  --------  ---------  --------  --------  ----  --------
  FLASH                 00000000   00100000  0001aabc  000e5544  R  X
  SRAM                  20000000   00040000  000117a0  0002e860  RW X


SEGMENT ALLOCATION MAP

run origin  load origin   length   init length attrs members
----------  ----------- ---------- ----------- ----- -------
00000000    00000000    0001aac8   0001aac8    r-x
  00000000    00000000    0000003c   0000003c    r-- .resetVecs
  00000040    00000040    00017a3a   00017a3a    r-x .text
  00017a7c    00017a7c    00002a9e   00002a9e    r-- .const
  0001a520    0001a520    000005a8   000005a8    r-- .cinit
20000000    20000000    00000360   00000000    rw-
  20000000    20000000    00000360   00000000    rw- .vecs
20000380    20000380    00011440   00000000    rw-
  20000380    20000380    000100d0   00000000    rw- .bss
  20010450    20010450    00000b70   00000000    rw- .data
  20010fc0    20010fc0    00000800   00000000    rw- .stack


SECTION ALLOCATION MAP

 output                                  attributes/
section   page    origin      length       input sections
--------  ----  ----------  ----------   ----------------
.text      0    00000040    00017a3a     
                  00000040    00000c68     stk.aem4f : tcpin.oem4f (.text:TcpInput)
                  00000ca8    000008b8               : tcpout.oem4f (.text:TcpOutput)
                  00001560    00000708     httpget.obj (.text:httpTask)
                  00001c68    0000058c     rtsv7M4_T_le_v4SPD16_eabi.lib : e_powf.c.obj (.text:powf)
                  000021f4    00000004     stk.aem4f : bind.oem4f (.text:BindGetIF)
                  000021f8    00000430     sysbios.aem4f : BIOS.obj (.text:ti_sysbios_family_arm_m3_Hwi_excDumpRegs__I)
                  00002628    00000408     stk.aem4f : ipout.oem4f (.text:IPTxPacket)
                  00002a30    00000384               : ipin.oem4f (.text:IPRxPacket)
                  00002db4    00000372     nettool_ipv4.aem4f : dnscomn.oem4f (.text:DNSResolveByName)
                  00003126    00000002     hal_userled_stub.aem4f : llled.oem4f (.text:LED_TOGGLE)
                  00003128    00000354     httpget.obj (.text:BMP180_getPressure)
                  0000347c    00000350     nettool_ipv4.aem4f : httpclie.oem4f (.text:httpClientProcess)
                  000037cc    0000034c     ti.targets.arm.rtsarm.aem4f : System.oem4f (.text:xdc_runtime_System_doPrint__I)
                  00003b18    000002fe     nettool_ipv4.aem4f : dnscomn.oem4f (.text:DNSResolveByAddr)
                  00003e16    00000002     stk.aem4f : nat.oem4f (.text:NatMsg)
                  00003e18    000002f8     nettool_ipv4.aem4f : inetaddr.oem4f (.text:getaddrinfo)
                  00004110    000002da                        : dnscomn.oem4f (.text:DNSResolveByNS)
                  000043ea    00000002     os.aem4f : task.oem4f (.text:_TaskInit)
                  000043ec    000002cc     nettool_ipv4.aem4f : httpsend.oem4f (.text:httpSendStatusLine)
                  000046b8    00000284     stk.aem4f : sock.oem4f (.text:SockSet)
                  0000493c    0000025e               : fileuser.oem4f (.text:fdPoll)
                  00004b9a    00000002     os.aem4f : task.oem4f (.text:_TaskShutdown)
                  00004b9c    0000024c     stk.aem4f : ipfrag.oem4f (.text:IPReasm)
                  00004de8    0000023c               : icmpin.oem4f (.text:ICMPInput)
                  00005024    00000238               : udp.oem4f (.text:UdpInput)
                  0000525c    00000204     Boot.aem4f : Boot_sysctl.oem4f (.text:ti_catalog_arm_cortexm4_tiva_ce_Boot_sysCtlClockFreqSetI__I)
                  00005460    000001f4     stk.aem4f : sock.oem4f (.text:SockRecv)
                  00005654    00000004               : bind.oem4f (.text:BindGetNext)
                  00005658    000001f4     sysbios.aem4f : BIOS.obj (.text:ti_sysbios_family_arm_m3_Hwi_excHandlerMax__I)
                  0000584c    000001e8     nettool_ipv4.aem4f : telnetd.oem4f (.text:telnet_netdata)
                  00005a34    000001c0                        : daemon.oem4f (.text:daemon)
                  00005bf4    000001b8     drivers_tivaware.aem4f : EMACSnow.oem4f (.text:EMACSnow_NIMUInit)
                  00005dac    000001b0     stk.aem4f : lliout.oem4f (.text:LLITxIpPacket)
                  00005f5c    000001ac               : lliin.oem4f (.text:LLIRxPacket)
                  00006108    0000019c     os.aem4f : mem.oem4f (.text:mmAlloc)
                  000062a4    0000019a     nettool_ipv4.aem4f : dnsclnt.oem4f (.text:DNSResolve)
                  0000643e    00000002     hal_ser_stub.aem4f : llserstb.oem4f (.text:_llSerialServiceCheck)
                  00006440    00000198     stk.aem4f : igmp.oem4f (.text:IGMPInput)
                  000065d8    00000198     nettool_ipv4.aem4f : ipaddr.oem4f (.text:NtGetPublicHost)
                  00006770    00000190     stk.aem4f : sock.oem4f (.text:SockNew)
                  00006900    00000188     httpget.obj (.text:BMP180_getPressureCalibration)
                  00006a88    00000186     stk.aem4f : fileuser.oem4f (.text:fdSelect)
                  00006c0e    00000002     hal_ser_stub.aem4f : llserstb.oem4f (.text:_llSerialShutdown)
                  00006c10    00000174     netctrl_ipv4.aem4f : netctrl.oem4f (.text:NC_NetStart)
                  00006d84    00000004     http_ndk.aem4f : httpcli.oem4f (.text:HTTPCli_construct)
                  00006d88    00000174     sysbios.aem4f : BIOS.obj (.text:ti_sysbios_family_arm_m3_Hwi_excBusFault__I)
                  00006efc    00000004     driverlib.lib : i2c.obj (.text:I2CMasterControl)
                  00006f00    00000174     sysbios.aem4f : BIOS.obj (.text:ti_sysbios_knl_Semaphore_pend__E)
                  00007074    00000170     stk.aem4f : rtc.oem4f (.text:RTCReport)
                  000071e4    0000016c     nettool_ipv4.aem4f : dnscomn.oem4f (.text:DNSResolveExternal)
                  00007350    0000016c                        : httpsend.oem4f (.text:SetContentType)
                  000074bc    00000004     driverlib.lib : i2c.obj (.text:I2CMasterDataGet)
                  000074c0    0000016c     sysbios.aem4f : BIOS.obj (.text:ti_sysbios_knl_Event_pend__E)
                  0000762c    0000016a     stk.aem4f : sb.oem4f (.text:SBRead)
                  00007796    00000002     hal_userled_stub.aem4f : llled.oem4f (.text:_llUserLedInit)
                  00007798    00000164     sysbios.aem4f : BIOS.obj (.text:ti_sysbios_family_arm_m3_Hwi_excUsageFault__I)
                  000078fc    00000160     stk.aem4f : sock.oem4f (.text:SockConnect)
                  00007a5c    00000158     nettool_ipv4.aem4f : dhcpmain.oem4f (.text:DHCPOpen)
                  00007bb4    00000150     drivers_tivaware.aem4f : GPIOTiva.oem4f (.text:GPIO_setConfig)
                  00007d04    00000150     nettool_ipv4.aem4f : httpsend.oem4f (.text:httpSendErrorHTML)
                  00007e54    00000004     driverlib.lib : i2c.obj (.text:I2CMasterDataPut)
                  00007e58    00000150     sysbios.aem4f : BIOS.obj (.text:ti_sysbios_knl_Task_Instance_finalize__E)
                  00007fa8    00000148     os.aem4f : efs.oem4f (.text:efs_filecheck)
                  000080f0    00000148     sysbios.aem4f : BIOS.obj (.text:ti_sysbios_family_arm_m3_Hwi_excMemFault__I)
                  00008238    00000144     stk.aem4f : bind.oem4f (.text:BindNew)
                  0000837c    00000140               : tcp.oem4f (.text:TcpTimeoutCheck)
                  000084bc    0000013c     nettool_ipv4.aem4f : config.oem4f (.text:CfgAddEntry)
                  000085f8    0000013c     stk.aem4f : sockint.oem4f (.text:SockNotify)
                  00008734    0000013c               : sock.oem4f (.text:SockSend)
                  00008870    00000138     nettool_ipv4.aem4f : daemon.oem4f (.text:DaemonNew)
                  000089a8    00000136                        : dnspkt.oem4f (.text:DNSGetReply)
                  00008ade    00000002     hal_userled_stub.aem4f : llled.oem4f (.text:_llUserLedShutdown)
                  00008ae0    00000134     stk.aem4f : icmp.oem4f (.text:ICMPGenPacket)
                  00008c14    00000132     nettool_ipv4.aem4f : dnspkt.oem4f (.text:DNSReadRecord)
                  00008d46    00000130     driverlib.lib : gpio.obj (.text:GPIOPadConfigSet)
                  00008e76    00000002     rtsv7M4_T_le_v4SPD16_eabi.lib : _lock.c.obj (.text:_nop)
                  00008e78    0000012c     EK_TM4C1294XL.obj (.text:EK_TM4C1294XL_initEMAC)
                  00008fa4    00000128     http_ndk.aem4f : httpcli.oem4f (.text:contentHandler)
                  000090cc    00000128     httpget_pem4f.oem4f (.text:ti_ndk_config_Global_stackThread)
                  000091f4    00000124     stk.aem4f : sockpcb.oem4f (.text:SockPcbResolve)
                  00009318    00000124               : udp.oem4f (.text:UdpOutput)
                  0000943c    00000124     httpget.obj (.text:sendData2Server)
                  00009560    00000118     http_ndk.aem4f : httpcli.oem4f (.text:HTTPCli_connect)
                  00009678    00000118     httpget.obj (.text:TaskForTMP006)
                  00009790    00000118     stk.aem4f : tcpout.oem4f (.text:TcpGenPacket)
                  000098a8    00000118     nettool_ipv4.aem4f : telnetd.oem4f (.text:telnet_engine)
                  000099c0    00000118     ti.targets.arm.rtsarm.aem4f : Error.oem4f (.text:xdc_runtime_Error_policyDefault__E)
                  00009ad8    00000114     httpget.obj (.text:BMP180_getTemperature)
                  00009bec    00000114     stk.aem4f : nimu.oem4f (.text:NIMUIoctl)
                  00009d00    00000110               : node.oem4f (.text:NodeTreeFree)
                  00009e10    00000110               : raw.oem4f (.text:RawInput)
                  00009f20    00000110     rtsv7M4_T_le_v4SPD16_eabi.lib : strtoul.c.obj (.text:strtoul)
                  0000a030    0000010c     stk.aem4f : rtable.oem4f (.text:RtFind)
                  0000a13c    0000010a               : route.oem4f (.text:RtCreate)
                  0000a246    00000002     hal_ser_stub.aem4f : llserstb.oem4f (.text:llSerialService)
                  0000a248    00000108     drivers_tivaware.aem4f : EMACSnow.oem4f (.text:EMACSnow_emacStart)
                  0000a350    00000108     sysbios.aem4f : BIOS.obj (.text:ti_sysbios_family_arm_lm4_Timer_start__E)
                  0000a458    00000106     http_ndk.aem4f : httpcli.oem4f (.text:HTTPCli_getResponseField)
                  0000a55e    00000104     nettool_ipv4.aem4f : httppars.oem4f (.text:httpParseRecv)
                  0000a662    00000002     rtsv7M4_T_le_v4SPD16_eabi.lib : div0.asm.obj (.text)
                  0000a664    00000104     os.aem4f : task.oem4f (.text:llEnter)
                  0000a768    00000104     httpget.obj (.text:socketTask)
                  0000a86c    00000102     nettool_ipv4.aem4f : dhcppkt.oem4f (.text:dhcpPacketProcess)
                  0000a96e    00000102                        : inetaddr.oem4f (.text:inet_aton)
                  0000aa70    00000100     stk.aem4f : igmp.oem4f (.text:IGMPSendReply)
                  0000ab70    00000100     ti.targets.arm.rtsarm.aem4f : Core-mem.oem4f (.text:xdc_runtime_Core_createObject__I)
                  0000ac70    000000fc     netctrl_ipv4.aem4f : netctrl.oem4f (.text:NetScheduler)
                  0000ad6c    000000f8     stk.aem4f : pipe.oem4f (.text:PipeRecv)
                  0000ae64    000000f8     ti.targets.arm.rtsarm.aem4f : Startup.oem4f (.text:xdc_runtime_Startup_startMods__I)
                  0000af5c    000000f8     httpget_pem4f.oem4f (.text:xdc_runtime_System_printfExtend__I)
                  0000b054    000000f4     os.aem4f : task.oem4f (.text:TaskGetEnv)
                  0000b148    000000f4     sysbios.aem4f : m3_Hwi_asm.obj (.text:ti_sysbios_family_arm_m3_Hwi_dispatch__I)
                  0000b23c    00000004     os.aem4f : ossys.oem4f (.text:NDK_vsprintf)
                  0000b240    000000f4     sysbios.aem4f : BIOS.obj (.text:ti_sysbios_knl_Task_Instance_init__E)
                  0000b334    000000f2     http_ndk.aem4f : httpcli.oem4f (.text:bufferedRecv)
                  0000b426    00000002     httpget_pem4f.oem4f (.text:ti_ndk_config_Global_NetworkClose)
                  0000b428    000000f0     stk.aem4f : lliout.oem4f (.text:LLIGenArpPacket)
                  0000b518    000000f0               : sock.oem4f (.text:SockClose)
                  0000b608    000000ee     nettool_ipv4.aem4f : dnspkt.oem4f (.text:DNSWriteRecord)
                  0000b6f6    00000002     httpget_pem4f.oem4f (.text:ti_ndk_config_Global_NetworkOpen)
                  0000b6f8    000000ec     http_ndk.aem4f : httpcli.oem4f (.text:redirect)
                  0000b7e4    00000004     stk.aem4f : node.oem4f (.text:NodeSetRt)
                  0000b7e8    000000ec     sysbios.aem4f : BIOS.obj (.text:ti_sysbios_knl_Task_postInit__I)
                  0000b8d4    000000e8     httpget.obj (.text:TaskForBMP180)
                  0000b9bc    000000e8     os.aem4f : task.oem4f (.text:TaskSetEnv)
                  0000baa4    000000e6     nettool_ipv4.aem4f : dnspkt.oem4f (.text:DNSWriteName)
                  0000bb8a    00000002     httpget_pem4f.oem4f (.text:ti_sysbios_BIOS_nullFunc__I)
                  0000bb8c    000000e6     http_ndk.aem4f : httpcli.oem4f (.text:HTTPCli_initSockAddr)
                  0000bc72    000000e2     nettool_ipv4.aem4f : httpclie.oem4f (.text:httpGetAuthParams)
                  0000bd54    000000e0     drivers_tivaware.aem4f : I2CTiva.oem4f (.text:I2CTiva_open)
                  0000be34    000000e0     stk.aem4f : tcptime.oem4f (.text:TcpTimeoutRexmt)
                  0000bf14    000000dc               : sb.oem4f (.text:SBWrite)
                  0000bff0    000000dc     nettool_ipv4.aem4f : dhcpsock.oem4f (.text:dhcpSocketOpen)
                  0000c0cc    000000dc                        : dhcpsm.oem4f (.text:dhcpState)
                  0000c1a8    000000dc     sysbios.aem4f : BIOS.obj (.text:ti_sysbios_knl_Task_sleep__E)
                  0000c284    000000d8     stk.aem4f : node.oem4f (.text:NodeAdd)
                  0000c35c    000000d8               : tcpprot.oem4f (.text:TcpPrSetOption)
                  0000c434    000000d6     drivers_tivaware.aem4f : I2CTiva.oem4f (.text:I2CTiva_hwiFxn)
                  0000c50a    00000002     httpget_pem4f.oem4f (.text:xdc_runtime_Startup_reset__I)
                  0000c50c    000000d4     drivers_tivaware.aem4f : EMACSnow.oem4f (.text:EMACSnow_handleRx)
                  0000c5e0    000000d4     stk.aem4f : sockpcb.oem4f (.text:SockPcbBind)
                  0000c6b4    000000d4     nettool_ipv4.aem4f : httpsend.oem4f (.text:httpAuthenticationReq)
                  0000c788    000000d4     sysbios.aem4f : BIOS.obj (.text:ti_sysbios_heaps_HeapMem_alloc__E)
                  0000c85c    000000d1     stk.aem4f : nimu.oem4f (.text:NIMUReceivePacket)
                  0000c92d    00000003     --HOLE-- [fill = 0]
                  0000c930    000000d0     rtsv7M4_T_le_v4SPD16_eabi.lib : s_scalbnf.c.obj (.text:scalbnf)
                  0000ca00    000000cc     stk.aem4f : icmp.oem4f (.text:ICMPSendRtAdv)
                  0000cacc    000000cc     nettool_ipv4.aem4f : dhcpbild.oem4f (.text:dhcpBuildHeader)
                  0000cb98    000000cc                        : dhcpsm.oem4f (.text:dhcpIPAdd)
                  0000cc64    000000cc                        : dhcppkt.oem4f (.text:dhcpVerifyMessage)
                  0000cd30    000000cc     ti.targets.arm.rtsarm.aem4f : Core-smem.oem4f (.text:xdc_runtime_Core_constructObject__I)
                  0000cdfc    000000c8     stk.aem4f : rawethsock.oem4f (.text:RawEthSockNew)
                  0000cec4    000000c8     netctrl_ipv4.aem4f : netsrv.oem4f (.text:SPIpNet)
                  0000cf8c    000000c8     httpget.obj (.text:netIPAddrHook)
                  0000d054    000000c4     drivers_tivaware.aem4f : EMACSnow.oem4f (.text:EMACSnow_InitDMADescriptors)
                  0000d118    000000c4     stk.aem4f : igmp.oem4f (.text:IGMPJoinHostGroup)
                  0000d1dc    000000c4     nettool_ipv4.aem4f : dhcpsm.oem4f (.text:StateBound)
                  0000d2a0    000000c4     http_ndk.aem4f : httpcli.oem4f (.text:getChunkedData)
                  0000d364    000000c2     nettool_ipv4.aem4f : dnspkt.oem4f (.text:DNSReadName)
                  0000d426    00000002     --HOLE-- [fill = 0]
                  0000d428    000000be                        : dnsclnt.oem4f (.text:DNSGetHostByName)
                  0000d4e6    000000bc     stk.aem4f : sockpcb.oem4f (.text:SockPcbFind)
                  0000d5a2    00000002     --HOLE-- [fill = 0]
                  0000d5a4    000000bc               : vlan.oem4f (.text:VLANDeinit)
                  0000d660    000000bc     sysbios.aem4f : BIOS.obj (.text:ti_sysbios_family_arm_m3_Hwi_excDebugMon__I)
                  0000d71c    00000004     stk.aem4f : rawethsock_prot.oem4f (.text:RawEthSockPrAttach)
                  0000d720    000000bc     sysbios.aem4f : BIOS.obj (.text:ti_sysbios_family_arm_m3_Hwi_excHardFault__I)
                  0000d7dc    00000004     stk.aem4f : rawethsock_prot.oem4f (.text:RawEthSockPrDetach)
                  0000d7e0    000000bc     sysbios.aem4f : BIOS.obj (.text:ti_sysbios_knl_Task_exit__E)
                  0000d89c    000000b8     EK_TM4C1294XL.obj (.text:EK_TM4C1294XL_initGeneral)
                  0000d954    000000b8     stk.aem4f : icmpin.oem4f (.text:ICMPRevSrcRoute)
                  0000da0c    000000b8               : lli.oem4f (.text:_LLITimeoutCheck)
                  0000dac4    000000b4               : tcptime.oem4f (.text:TcpTimeoutKeep)
                  0000db78    000000b4     http_ndk.aem4f : httpcli.oem4f (.text:getStatus)
                  0000dc2c    00000004     os.aem4f : semaphore.oem4f (.text:SemPend)
                  0000dc30    000000b4     sysbios.aem4f : BIOS.obj (.text:ti_sysbios_knl_Task_checkStacks__E)
                  0000dce4    000000b1     nettool_ipv4.aem4f : inetaddr.oem4f (.text:createAddrInfo)
                  0000dd95    00000001     --HOLE-- [fill = 0]
                  0000dd96    000000b0     stk.aem4f : rawethsock.oem4f (.text:RawEthSockSet)
                  0000de46    00000002     --HOLE-- [fill = 0]
                  0000de48    000000ac               : rtable.oem4f (.text:RtTimeoutCheck)
                  0000def4    000000ac     http_ndk.aem4f : httpcli.oem4f (.text:httpProxyTunnel)
                  0000dfa0    000000ac     sysbios.aem4f : BIOS.obj (.text:ti_sysbios_family_arm_lm4_Timer_enableTiva__I)
                  0000e04c    000000aa     network_ndk.aem4f : ssock.oem4f (.text:Ssock_send)
                  0000e0f6    00000002     --HOLE-- [fill = 0]
                  0000e0f8    000000a8     stk.aem4f : sockint.oem4f (.text:SockCreatePacket)
                  0000e1a0    000000a4     netctrl_ipv4.aem4f : netsrv.oem4f (.text:ServiceSpawn)
                  0000e244    00000004     os.aem4f : semaphore.oem4f (.text:SemPost)
                  0000e248    000000a4     sysbios.aem4f : BIOS.obj (.text:ti_sysbios_knl_Task_setPri__E)
                  0000e2ec    000000a2     nettool_ipv4.aem4f : httpclie.oem4f (.text:httpExtractTag)
                  0000e38e    00000002     --HOLE-- [fill = 0]
                  0000e390    000000a2     httpget.obj (.text:main)
                  0000e432    00000002     --HOLE-- [fill = 0]
                  0000e434    000000a0     stk.aem4f : ip.oem4f (.text:IPGetRoute)
                  0000e4d4    000000a0     auto_init.aem4f : auto_init.oem4f (.text)
                  0000e574    000000a0     ti.targets.arm.rtsarm.aem4f : Text.oem4f (.text:xdc_runtime_Text_putMod__E)
                  0000e614    0000009e     stk.aem4f : nimu.oem4f (.text:NIMUAddEthernetHeader)
                  0000e6b2    0000009e     nettool_ipv4.aem4f : dhcpbild.oem4f (.text:dhcpBuildRequest)
                  0000e750    0000009c     stk.aem4f : exec.oem4f (.text:ExecOpen)
                  0000e7ec    0000009c     rtsv7M4_T_le_v4SPD16_eabi.lib : memcpy_t2.asm.obj (.text)
                  0000e888    0000009a     ti.targets.arm.rtsarm.aem4f : Text.oem4f (.text:xdc_runtime_Text_putSite__E)
                  0000e922    00000002     --HOLE-- [fill = 0]
                  0000e924    00000098     netctrl_ipv4.aem4f : netctrl.oem4f (.text:NC_SystemOpen)
                  0000e9bc    00000098                        : netsrv.oem4f (.text:ServiceScan)
                  0000ea54    00000098     Boot.aem4f : Boot.oem4f (.text:ti_catalog_arm_cortexm4_tiva_ce_Boot_sysCtlClockFreqSet__E)
                  0000eaec    00000004     os.aem4f : semaphore.oem4f (.text:SemReset)
                  0000eaf0    00000098     sysbios.aem4f : BIOS.obj (.text:ti_sysbios_knl_Task_schedule__I)
                  0000eb88    00000096     nettool_ipv4.aem4f : telnetd.oem4f (.text:telnet_termdata)
                  0000ec1e    00000002     --HOLE-- [fill = 0]
                  0000ec20    00000094                        : config.oem4f (.text:CfgRemoveEntry)
                  0000ecb4    00000004     network_ndk.aem4f : ssock.oem4f (.text:Ssock_getSocket)
                  0000ecb8    00000094     sysbios.aem4f : BIOS.obj (.text:ti_sysbios_family_arm_m3_Hwi_Instance_init__E)
                  0000ed4c    00000004     os.aem4f : task.oem4f (.text:TaskSelf)
                  0000ed50    00000094     sysbios.aem4f : BIOS.obj (.text:ti_sysbios_family_arm_m3_Hwi_initNVIC__E)
                  0000ede4    00000090     nettool_ipv4.aem4f : config.oem4f (.text:CfgExecute)
                  0000ee74    00000090     stk.aem4f : igmp.oem4f (.text:IGMPMsg)
                  0000ef04    00000090     os.aem4f : mem.oem4f (.text:mmBulkAlloc)
                  0000ef94    00000090     http_ndk.aem4f : httpcli.oem4f (.text:readLine)
                  0000f024    00000004     os.aem4f : task.oem4f (.text:TaskSetPri)
                  0000f028    00000090     sysbios.aem4f : BIOS.obj (.text:ti_sysbios_knl_Task_Module_startup__E)
                  0000f0b8    00000090                   : BIOS.obj (.text:ti_sysbios_knl_Task_startCore__E)
                  0000f148    0000008c     nettool_ipv4.aem4f : dnscomn.oem4f (.text:DNSResolveQuery)
                  0000f1d4    0000008c     drivers_tivaware.aem4f : GPIOTiva.oem4f (.text:GPIO_init)
                  0000f260    0000008c     stk.aem4f : ip.oem4f (.text:IPMsg)
                  0000f2ec    0000008c     os.aem4f : mem.oem4f (.text:_mmInit)
                  0000f378    0000008c              : mem.oem4f (.text:mmInitPage)
                  0000f404    0000008c     nettool_ipv4.aem4f : telnetd.oem4f (.text:telnetClientProcess)
                  0000f490    0000008c     sysbios.aem4f : m3_TaskSupport_asm.obj (.text:ti_sysbios_family_arm_m3_TaskSupport_buildTaskStack)
                  0000f51c    00000004     hal_ser_stub.aem4f : llserstb.oem4f (.text:_llSerialInit)
                  0000f520    0000008c     sysbios.aem4f : BIOS.obj (.text:ti_sysbios_knl_Event_post__E)
                  0000f5ac    0000008a     netctrl_ipv4.aem4f : netsrv.oem4f (.text:SPRoute)
                  0000f636    00000002     --HOLE-- [fill = 0]
                  0000f638    00000088     stk.aem4f : sockpcb.oem4f (.text:SockPcbCtlError)
                  0000f6c0    00000087     httpget_pem4f.oem4f (.text:ti_ndk_config_Global_NetworkIPAddr)
                  0000f747    00000001     --HOLE-- [fill = 0]
                  0000f748    00000086     stk.aem4f : sock.oem4f (.text:SockCheck)
                  0000f7ce    00000086     nettool_ipv4.aem4f : dhcpsm.oem4f (.text:StateRequesting)
                  0000f854    00000084                        : config.oem4f (.text:CfgGetEntry)
                  0000f8d8    00000084     drivers_tivaware.aem4f : EMACSnow.oem4f (.text:EMACSnow_processPhyInterrupt)
                  0000f95c    00000084     stk.aem4f : tcpprot.oem4f (.text:TcpPrAttach)
                  0000f9e0    00000084     os.aem4f : mem.oem4f (.text:mmBulkFree)
                  0000fa64    00000084              : mem.oem4f (.text:mmFree)
                  0000fae8    00000084     sysbios.aem4f : BIOS.obj (.text:ti_sysbios_family_arm_m3_Hwi_postInit__I)
                  0000fb6c    00000082     nettool_ipv4.aem4f : dhcpsm.oem4f (.text:StateRenewRebind)
                  0000fbee    00000002     --HOLE-- [fill = 0]
                  0000fbf0    00000080                        : daemon.oem4f (.text:DaemonFree)
                  0000fc70    00000080     drivers_tivaware.aem4f : EMACSnow.oem4f (.text:EMACSnow_emacStop)
                  0000fcf0    00000080                            : EMACSnow.oem4f (.text:EMACSnow_processPendingTx)
                  0000fd70    00000080     stk.aem4f : lli.oem4f (.text:LLINew)
                  0000fdf0    00000080     netctrl_ipv4.aem4f : netsrv.oem4f (.text:NS_BootTask)
                  0000fe70    00000080     stk.aem4f : pbm.oem4f (.text:PBM_alloc)
                  0000fef0    00000080               : raw.oem4f (.text:RawOutput)
                  0000ff70    0000007e     drivers_tivaware.aem4f : I2CTiva.oem4f (.text:I2CTiva_transfer)
                  0000ffee    0000007e     stk.aem4f : fileuser.oem4f (.text:fdClose)
                  0001006c    0000007c     nettool_ipv4.aem4f : config.oem4f (.text:CfgGetNextEntry)
                  000100e8    0000007c     drivers_tivaware.aem4f : EMACSnow.oem4f (.text:EMACSnow_hwiIntFxn)
                  00010164    0000007c     stk.aem4f : igmp.oem4f (.text:IGMPDoMCast)
                  000101e0    0000007c               : igmp.oem4f (.text:IGMPJoin)
                  0001025c    0000007c               : socket.oem4f (.text:NDK_setsockopt)
                  000102d8    0000007c               : nimu.oem4f (.text:NIMURegister)
                  00010354    0000007c               : pbm.oem4f (.text:PBM_free)
                  000103d0    0000007c     nettool_ipv4.aem4f : daemon.oem4f (.text:dchild)
                  0001044c    0000007c                        : inetaddr.oem4f (.text:inet_pton)
                  000104c8    0000007c     sysbios.aem4f : BIOS.obj (.text:ti_sysbios_heaps_HeapMem_free__E)
                  00010544    0000007a     stk.aem4f : sock.oem4f (.text:SockAccept)
                  000105be    0000007a     rtsv7M4_T_le_v4SPD16_eabi.lib : memset_t2.asm.obj (.text)
                  00010638    00000078     driverlib.lib : emac.obj (.text:EMACInit)
                  000106b0    00000078     stk.aem4f : socket.oem4f (.text:NDK_sendto)
                  00010728    00000078               : tcptime.oem4f (.text:TcpXmitTimer)
                  000107a0    00000078               : fileuser.oem4f (.text:fdOpenSession)
                  00010818    00000078     os.aem4f : task.oem4f (.text:llExit)
                  00010890    00000078     sysbios.aem4f : BIOS.obj (.text:ti_sysbios_knl_Semaphore_post__E)
                  00010908    00000076     stk.aem4f : pipe.oem4f (.text:PipeSend)
                  0001097e    00000002     --HOLE-- [fill = 0]
                  00010980    00000075               : tcptime.oem4f (.text:TcpTimeoutSackRexmt)
                  000109f5    00000003     --HOLE-- [fill = 0]
                  000109f8    00000074               : igmp.oem4f (.text:IGMPLeaveHostGroup)
                  00010a6c    00000074               : nimu.oem4f (.text:NIMUShutdown)
                  00010ae0    00000074               : raweth.oem4f (.text:RawEthRxPacket)
                  00010b54    00000074               : sockpcb.oem4f (.text:SockPcbConnect)
                  00010bc8    00000074     nettool_ipv4.aem4f : inetaddr.oem4f (.text:setAddrInfo)
                  00010c3c    00000072     os.aem4f : semaphore.oem4f (.text:SemCreateBinary)
                  00010cae    00000002     --HOLE-- [fill = 0]
                  00010cb0    00000070     http_ndk.aem4f : httpcli.oem4f (.text:HTTPCli_sendRequest)
                  00010d20    00000070     stk.aem4f : socket.oem4f (.text:NDK_accept)
                  00010d90    00000070               : socket.oem4f (.text:NDK_send)
                  00010e00    00000070               : rtable.oem4f (.text:RtFlush)
                  00010e70    00000070     netctrl_ipv4.aem4f : netsrv.oem4f (.text:SPConfig)
                  00010ee0    00000070     stk.aem4f : sock.oem4f (.text:SockShutdown)
                  00010f50    00000070     nettool_ipv4.aem4f : dhcptags.oem4f (.text:dhcpDecodeType)
                  00010fc0    00000070     sysbios.aem4f : BIOS.obj (.text:ti_sysbios_knl_Clock_workFunc__E)
                  00011030    00000070                   : BIOS.obj (.text:ti_sysbios_knl_Semaphore_Instance_init__E)
                  000110a0    0000006e     stk.aem4f : socket.oem4f (.text:NDK_recv)
                  0001110e    00000002     --HOLE-- [fill = 0]
                  00011110    0000006e               : rtable.oem4f (.text:RtWalkNext)
                  0001117e    0000006e               : sockpcb.oem4f (.text:SockPcbFindRaw)
                  000111ec    0000006d               : node.oem4f (.text:NodeNew)
                  00011259    00000003     --HOLE-- [fill = 0]
                  0001125c    0000006d     ti.targets.arm.rtsarm.aem4f : System.oem4f (.text:xdc_runtime_System_formatNum__I)
                  000112c9    00000003     --HOLE-- [fill = 0]
                  000112cc    0000006c     os.aem4f : ossys.oem4f (.text:DbgPrintf)
                  00011338    0000006c     stk.aem4f : node.oem4f (.text:NodeTreeNew)
                  000113a4    0000006c               : raweth.oem4f (.text:RawEthTxPacket)
                  00011410    0000006c               : udp.oem4f (.text:UdpChecksum)
                  0001147c    0000006c     http_ndk.aem4f : httpcli.oem4f (.text:checkContentField)
                  000114e8    0000006c     httpget_pem4f.oem4f (.text:ti_ndk_config_ip_init)
                  00011554    00000004     rtsv7M4_T_le_v4SPD16_eabi.lib : exit.c.obj (.text:abort:abort)
                  00011558    0000006c     sysbios.aem4f : BIOS.obj (.text:ti_sysbios_knl_Swi_restoreHwi__E)
                  000115c4    0000006c     ti.targets.arm.rtsarm.aem4f : Error.oem4f (.text:xdc_runtime_Error_print__E)
                  00011630    0000006c                                 : Memory.oem4f (.text:xdc_runtime_Memory_alloc__E)
                  0001169c    0000006a     stk.aem4f : tcpprot.oem4f (.text:TcpPrInherit)
                  00011706    00000002     --HOLE-- [fill = 0]
                  00011708    00000068     EK_TM4C1294XL.obj (.text:EK_TM4C1294XL_initI2C)
                  00011770    00000068     stk.aem4f : socket.oem4f (.text:NDK_socket)
                  000117d8    00000068               : pbm.oem4f (.text:PBM_open)
                  00011840    00000068               : sock.oem4f (.text:SockListen)
                  000118a8    00000068               : rtable.oem4f (.text:_RtNodeInsert)
                  00011910    00000068     rtsv7M4_T_le_v4SPD16_eabi.lib : copy_decompress_lzss.c.obj (.text:decompress:lzss:__TI_decompress_lzss)
                  00011978    00000066     ti.targets.arm.rtsarm.aem4f : Core-mem.oem4f (.text:xdc_runtime_Core_deleteObject__I)
                  000119de    00000002     --HOLE-- [fill = 0]
                  000119e0    00000064     nettool_ipv4.aem4f : config.oem4f (.text:CfgFree)
                  00011a44    00000064     drivers_tivaware.aem4f : GPIOTiva.oem4f (.text:GPIO_hwiIntFxn)
                  00011aa8    00000064     stk.aem4f : pbm.oem4f (.text:PBMQ_enq)
                  00011b0c    00000064               : sockint.oem4f (.text:SockSpawnAbort)
                  00011b70    00000064     nettool_ipv4.aem4f : telnetd.oem4f (.text:TelnetOpen)
                  00011bd4    00000064     hal_timer_bios.aem4f : lltimer.oem4f (.text:llTimerTick)
                  00011c38    00000064     sysbios.aem4f : BIOS.obj (.text:ti_sysbios_family_arm_lm4_Timer_Module_startup__E)
                  00011c9c    00000064     httpget_pem4f.oem4f (.text:ti_sysbios_family_arm_m3_Hwi_create)
                  00011d00    00000064     sysbios.aem4f : BIOS.obj (.text:ti_sysbios_family_arm_m3_Hwi_dispatchC__I)
                  00011d64    00000064     stk.aem4f : lliin.oem4f (.text:updateRtTable)
                  00011dc8    00000062     drivers_tivaware.aem4f : I2CTiva.oem4f (.text:I2CTiva_primeTransfer)
                  00011e2a    00000062     stk.aem4f : ipin.oem4f (.text:IPRouteIP)
                  00011e8c    00000062               : sb.oem4f (.text:SBNew)
                  00011eee    00000002     --HOLE-- [fill = 0]
                  00011ef0    00000060     httpget.obj (.text:BMP180_startPressureAcquisition)
                  00011f50    00000060     httpget.obj (.text:BMP180_startTemperatureAcquisition)
                  00011fb0    00000060     nettool_ipv4.aem4f : config.oem4f (.text:CfgGetEntryCnt)
                  00012010    00000060     stk.aem4f : file.oem4f (.text:FdWaitEvent)
                  00012070    00000060               : socket.oem4f (.text:NDK_getpeername)
                  000120d0    00000060               : nimu.oem4f (.text:NIMUUnregister)
                  00012130    00000060               : node.oem4f (.text:NodeFind)
                  00012190    00000060               : rtc.oem4f (.text:RTCMsg)
                  000121f0    00000060     netctrl_ipv4.aem4f : netsrv.oem4f (.text:ServiceKill)
                  00012250    00000060     stk.aem4f : tcp.oem4f (.text:TcpChecksum)
                  000122b0    00000060     nettool_ipv4.aem4f : dhcptags.oem4f (.text:dhcpBuildOptions)
                  00012310    00000060                        : http.oem4f (.text:httpOpen)
                  00012370    00000060     httpget_pem4f.oem4f (.text:ti_ndk_config_Global_serviceReport)
                  000123d0    0000005f     nettool_ipv4.aem4f : httpsend.oem4f (.text:httpSendFullResponse)
                  0001242f    00000001     --HOLE-- [fill = 0]
                  00012430    0000005e     stk.aem4f : route.oem4f (.text:RtRemove)
                  0001248e    0000005e     nettool_ipv4.aem4f : dhcpsm.oem4f (.text:StateSelecting)
                  000124ec    0000005e     stk.aem4f : vlan.oem4f (.text:VLANReceivePacket)
                  0001254a    00000002     --HOLE-- [fill = 0]
                  0001254c    0000005c     nettool_ipv4.aem4f : config.oem4f (.text:CfgSetExecuteOrder)
                  000125a8    0000005c     stk.aem4f : nimu.oem4f (.text:NIMUIoctlSpecialCmd)
                  00012604    0000005c     netctrl_ipv4.aem4f : netsrv.oem4f (.text:SPService)
                  00012660    0000005c     httpget_pem4f.oem4f (.text:ti_sysbios_knl_Swi_create)
                  000126bc    00000004     stk.aem4f : listlib.oem4f (.text:list_get_head)
                  000126c0    0000005c     sysbios.aem4f : BIOS.obj (.text:ti_sysbios_knl_Swi_run__I)
                  0001271c    00000004     stk.aem4f : listlib.oem4f (.text:list_get_next)
                  00012720    0000005c     sysbios.aem4f : BIOS.obj (.text:ti_sysbios_knl_Swi_schedule__I)
                  0001277c    0000005c     httpget_pem4f.oem4f (.text:ti_sysbios_knl_Task_create)
                  000127d8    0000005c     sysbios.aem4f : BIOS.obj (.text:ti_sysbios_knl_Task_unblockI__E)
                  00012834    0000005b     ti.targets.arm.rtsarm.aem4f : Text.oem4f (.text:xdc_runtime_Text_putLab__E)
                  0001288f    00000001     --HOLE-- [fill = 0]
                  00012890    0000005a     stk.aem4f : rawethsock.oem4f (.text:RawEthSockCheck)
                  000128ea    0000005a               : route.oem4f (.text:RtRedirect)
                  00012944    0000005a               : tcpprot.oem4f (.text:TcpValidateMetrics)
                  0001299e    0000005a     nettool_ipv4.aem4f : dhcpbild.oem4f (.text:dhcpBuildDecline)
                  000129f8    0000005a     os.aem4f : mem.oem4f (.text:mmCopy)
                  00012a52    0000005a     httpget_pem4f.oem4f (.text:ti_ndk_config_tcp_init)
                  00012aac    00000058     stk.aem4f : bind.oem4f (.text:BindFree)
                  00012b04    00000058     boot.aem4f : boot.oem4f (.text)
                  00012b5c    00000058     driverlib.lib : emac.obj (.text:EMACPHYConfigSet)
                  00012bb4    00000058     rtsv7M4_T_le_v4SPD16_eabi.lib : hostwrite.c.obj (.text:HOSTwrite)
                  00012c0c    00000058     stk.aem4f : igmp.oem4f (.text:IGMPTimer)
                  00012c64    00000058     os.aem4f : semaphore.oem4f (.text:SemCreate)
                  00012cbc    00000058     httpget_pem4f.oem4f (.text:ti_ndk_config_http_init)
                  00012d14    00000058     httpget_pem4f.oem4f (.text:ti_sysbios_family_arm_m3_Hwi_construct)
                  00012d6c    00000058     sysbios.aem4f : m3_Hwi_asm_switch.obj (.text:ti_sysbios_family_arm_m3_Hwi_initStacks__E)
                  00012dc4    00000056     driverlib.lib : gpio.obj (.text:GPIOIntTypeSet)
                  00012e1a    00000056     http_ndk.aem4f : httpcli.oem4f (.text:sprsend)
                  00012e70    00000054     nettool_ipv4.aem4f : config.oem4f (.text:CfgEntryDeRef)
                  00012ec4    00000054     http_ndk.aem4f : httpcli.oem4f (.text:HTTPCli_sendField)
                  00012f18    00000054     stk.aem4f : igmp.oem4f (.text:IGMPLeave)
                  00012f6c    00000054               : rawethsock_pcb.oem4f (.text:RawEthSockPcbAttach)
                  00012fc0    00000054               : sockpcb.oem4f (.text:SockCleanPcb)
                  00013014    00000054               : tcptime.oem4f (.text:TcpTimeoutPersist)
                  00013068    00000054     http_ndk.aem4f : httpcli.oem4f (.text:asyncThread)
                  000130bc    00000004                    : httpcli.oem4f (.text:threadExit)
                  000130c0    00000054     sysbios.aem4f : BIOS.obj (.text:ti_sysbios_family_arm_lm4_Timer_initDevice__I)
                  00013114    00000004     httpget_pem4f.oem4f (.text:ti_sysbios_BIOS_RtsGateProxy_enter__E)
                  00013118    00000054     sysbios.aem4f : BIOS.obj (.text:ti_sysbios_knl_Swi_Instance_init__E)
                  0001316c    00000054     ti.targets.arm.rtsarm.aem4f : Assert.oem4f (.text:xdc_runtime_Assert_raise__I)
                  000131c0    00000052     nettool_ipv4.aem4f : dnscomn.oem4f (.text:DNSReplyFree)
                  00013212    00000052     stk.aem4f : tcpprot.oem4f (.text:TcpPrDetach)
                  00013264    00000050     drivers_tivaware.aem4f : GPIOTiva.oem4f (.text:GPIO_setCallback)
                  000132b4    00000050                            : GPIOTiva.oem4f (.text:GPIO_write)
                  00013304    00000050     stk.aem4f : socket.oem4f (.text:NDK_bind)
                  00013354    00000050               : socket.oem4f (.text:NDK_connect)
                  000133a4    00000050               : route.oem4f (.text:RtNew)
                  000133f4    00000050     driverlib.lib : sysctl.obj (.text:SysCtlPeripheralReset)
                  00013444    00000050     Boot.aem4f : Boot_sysctl.oem4f (.text:_SysCtlFrequencyGet)
                  00013494    00000004     httpget_pem4f.oem4f (.text:ti_sysbios_BIOS_RtsGateProxy_leave__E)
                  00013498    00000050     sysbios.aem4f : BIOS.obj (.text:ti_sysbios_family_arm_m3_Hwi_Module_startup__E)
                  000134e8    00000050                   : BIOS.obj (.text:ti_sysbios_knl_Clock_Instance_init__E)
                  00013538    00000050     ti.targets.arm.rtsarm.aem4f : Startup.oem4f (.text:xdc_runtime_Startup_exec__E)
                  00013588    00000050                                 : Text.oem4f (.text:xdc_runtime_Text_visitRope2__I)
                  000135d8    0000004f     os.aem4f : efs.oem4f (.text:efs_fopen)
                  00013627    00000001     --HOLE-- [fill = 0]
                  00013628    0000004e     stk.aem4f : node.oem4f (.text:NodeDeRef)
                  00013676    0000004e     nettool_ipv4.aem4f : config.oem4f (.text:_CfgEntryScan)
                  000136c4    0000004c                        : ipaddr.oem4f (.text:NtAddNetwork)
                  00013710    0000004c     stk.aem4f : sockint.oem4f (.text:SockValidateRoute)
                  0001375c    0000004c     rtsv7M4_T_le_v4SPD16_eabi.lib : atoi.c.obj (.text:atoi)
                  000137a8    0000004c                                   : cpy_tbl.c.obj (.text:copy_in)
                  000137f4    0000004c     httpget.obj (.text:initializeI2C)
                  00013840    0000004c     sysbios.aem4f : BIOS.obj (.text:ti_sysbios_heaps_HeapMem_getStats__E)
                  0001388c    00000004                   : BIOS.obj (.text:ti_sysbios_family_arm_lm4_Timer_masterEnable__I)
                  00013890    0000004c                   : BIOS.obj (.text:ti_sysbios_knl_Swi_runLoop__I)
                  000138dc    00000004     httpget_pem4f.oem4f (.text:ti_sysbios_family_arm_m3_Hwi_delete)
                  000138e0    0000004c     sysbios.aem4f : BIOS.obj (.text:ti_sysbios_knl_Task_allBlockedFunction__I)
                  0001392c    0000004a     stk.aem4f : sock.oem4f (.text:SockDisconnect)
                  00013976    00000002     --HOLE-- [fill = 0]
                  00013978    0000004a               : timer.oem4f (.text:TimerNew)
                  000139c2    00000002     --HOLE-- [fill = 0]
                  000139c4    00000048     httpget.obj (.text:BMP180_calculateAltitude)
                  00013a0c    00000048     nettool_ipv4.aem4f : config.oem4f (.text:CfgNew)
                  00013a54    00000048     driverlib.lib : gpio.obj (.text:GPIOPinConfigure)
                  00013a9c    00000048                   : i2c.obj (.text:I2CMasterInitExpClk)
                  00013ae4    00000048     stk.aem4f : lli.oem4f (.text:LLIMsg)
                  00013b2c    00000048               : node.oem4f (.text:NodeWalk)
                  00013b74    00000048               : rawethsock_pcb.oem4f (.text:RawEthSockPcbDetach)
                  00013bbc    00000048               : sockpcb.oem4f (.text:SockPcbResolveChain)
                  00013c04    00000048               : tcpprot.oem4f (.text:TcpDrop)
                  00013c4c    00000048               : lli.oem4f (.text:_LLIExpListInsert)
                  00013c94    00000048               : rtable.oem4f (.text:_RtExpListInsert)
                  00013cdc    00000048               : file.oem4f (.text:fdint_lockfd)
                  00013d24    00000004     httpget_pem4f.oem4f (.text:ti_sysbios_family_arm_m3_Hwi_destruct)
                  00013d28    00000048     sysbios.aem4f : BIOS.obj (.text:ti_sysbios_family_arm_lm4_Timer_enableTimers__I)
                  00013d70    00000048                   : BIOS.obj (.text:ti_sysbios_family_arm_m3_Hwi_disableInterrupt__E)
                  00013db8    00000048                   : BIOS.obj (.text:ti_sysbios_family_arm_m3_Hwi_enableInterrupt__E)
                  00013e00    00000048                   : BIOS.obj (.text:ti_sysbios_family_arm_m3_Hwi_excReserved__I)
                  00013e48    00000048                   : BIOS.obj (.text:ti_sysbios_knl_Task_deleteTerminatedTasksFunc__I)
                  00013e90    00000046     nettool_ipv4.aem4f : ipaddr.oem4f (.text:NtIfIdx2Ip)
                  00013ed6    00000046     stk.aem4f : rawethsock.oem4f (.text:RawEthSockSend)
                  00013f1c    00000046               : tcpprot.oem4f (.text:TcpPrCtlError)
                  00013f62    00000046     os.aem4f : mem.oem4f (.text:mmZeroInit)
                  00013fa8    00000046     ti.targets.arm.rtsarm.aem4f : Core-params.oem4f (.text:xdc_runtime_Core_assignParams__I)
                  00013fee    00000002     --HOLE-- [fill = 0]
                  00013ff0    00000044     drivers_tivaware.aem4f : EMACSnow.oem4f (.text:EMACSnow_processTransmitted)
                  00014034    00000044     stk.aem4f : icmp.oem4f (.text:ICMPChecksum)
                  00014078    00000044               : ipfrag.oem4f (.text:IPReasmFree)
                  000140bc    00000044               : lli.oem4f (.text:LLIGetValidTime)
                  00014100    00000044               : rtable.oem4f (.text:RouteMsg)
                  00014144    00000044               : rtable.oem4f (.text:RtWalkEnd)
                  00014188    00000044               : sockpcb.oem4f (.text:SockPcbDetach)
                  000141cc    00000044               : timer.oem4f (.text:TimerListInsert)
                  00014210    00000044     os.aem4f : efs.oem4f (.text:efs_internal_remove)
                  00014254    00000044     nettool_ipv4.aem4f : httpclie.oem4f (.text:httpGetMimeBits)
                  00014298    00000044     hal_timer_bios.aem4f : lltimer.oem4f (.text:llTimerGetTime)
                  000142dc    00000004     httpget_pem4f.oem4f (.text:ti_sysbios_family_arm_m3_TaskSupport_Module__startupDone__S)
                  000142e0    00000044     sysbios.aem4f : BIOS.obj (.text:ti_sysbios_family_arm_lm4_Timer_isrStub__E)
                  00014324    00000004     httpget_pem4f.oem4f (.text:ti_sysbios_heaps_HeapMem_Module_GateProxy_enter__E)
                  00014328    00000044     sysbios.aem4f : BIOS.obj (.text:ti_sysbios_family_arm_m3_Hwi_getStackInfo__E)
                  0001436c    00000004     httpget_pem4f.oem4f (.text:ti_sysbios_heaps_HeapMem_Module_GateProxy_leave__E)
                  00014370    00000044     sysbios.aem4f : BIOS.obj (.text:ti_sysbios_knl_Swi_post__E)
                  000143b4    00000044     ti.targets.arm.rtsarm.aem4f : Error.oem4f (.text:xdc_runtime_Error_setX__E)
                  000143f8    00000044                                 : SysMin.oem4f (.text:xdc_runtime_SysMin_flush__E)
                  0001443c    00000044                                 : Text.oem4f (.text:xdc_runtime_Text_xprintf__I)
                  00014480    00000042     nettool_ipv4.aem4f : telnetd.oem4f (.text:CmdWriteCmd)
                  000144c2    00000042     stk.aem4f : socket.oem4f (.text:NDK_listen)
                  00014504    00000042               : tcpprot.oem4f (.text:TcpPrSendOOB)
                  00014546    00000042               : fileuser.oem4f (.text:fdCloseSession)
                  00014588    00000040     nettool_ipv4.aem4f : dnspkt.oem4f (.text:DNSBuildRequest)
                  000145c8    00000040     http_ndk.aem4f : httpcli.oem4f (.text:HTTPCli_readResponseBody)
                  00014608    00000040     stk.aem4f : lliin.oem4f (.text:LLIValidateRoute)
                  00014648    00000040               : pbm.oem4f (.text:PBM_copy)
                  00014688    00000040               : sockpcb.oem4f (.text:SockPcbRtChange)
                  000146c8    00000040               : tcpprot.oem4f (.text:TcpPrSend)
                  00014708    00000040     nettool_ipv4.aem4f : httpsend.oem4f (.text:httpSendErrorResponse)
                  00014748    00000040     rtsv7M4_T_le_v4SPD16_eabi.lib : u_divt2.asm.obj (.text)
                  00014788    00000040     http_ndk.aem4f : httpcli.oem4f (.text:threadCreate)
                  000147c8    00000040     sysbios.aem4f : BIOS.obj (.text:ti_sysbios_family_arm_lm4_Timer_startup__E)
                  00014808    00000040                   : BIOS.obj (.text:ti_sysbios_heaps_HeapMem_Instance_init__E)
                  00014848    0000003e     nettool_ipv4.aem4f : dhcpmain.oem4f (.text:DHCPClose)
                  00014886    00000002     --HOLE-- [fill = 0]
                  00014888    0000003e     stk.aem4f : nimu.oem4f (.text:NIMUAllocateName)
                  000148c6    0000003e     os.aem4f : task.oem4f (.text:TaskCreate)
                  00014904    0000003e     stk.aem4f : tcpprot.oem4f (.text:TcpPrDisconnect)
                  00014942    0000003e               : file.oem4f (.text:fdint_unlockfd)
                  00014980    0000003c     nettool_ipv4.aem4f : config.oem4f (.text:CfgEntryGetData)
                  000149bc    0000003c     driverlib.lib : emac.obj (.text:EMACIntDisable)
                  000149f8    0000003c     stk.aem4f : node.oem4f (.text:NodeUpdatePL)
                  00014a34    0000003c               : rtable.oem4f (.text:RtWalkBegin)
                  00014a70    0000003c               : tcpprot.oem4f (.text:TcpPrConnect)
                  00014aac    0000003c               : tcptime.oem4f (.text:TcpSetPersist)
                  00014ae8    0000003c               : rtc.oem4f (.text:_RTCSendRtAdv)
                  00014b24    0000003c               : rtable.oem4f (.text:_RtNodeRemove)
                  00014b60    0000003c     hal_timer_bios.aem4f : lltimer.oem4f (.text:_llTimerInit)
                  00014b9c    0000003c     rtsv7M4_T_le_v4SPD16_eabi.lib : strncasecmp.c.obj (.text:strncasecmp)
                  00014bd8    0000003c     sysbios.aem4f : BIOS.obj (.text:ti_sysbios_family_arm_m3_Hwi_excSvCall__I)
                  00014c14    00000004     httpget_pem4f.oem4f (.text:ti_sysbios_knl_Clock_TimerProxy_getMaxTicks__E)
                  00014c18    0000003c     sysbios.aem4f : BIOS.obj (.text:ti_sysbios_heaps_HeapMem_init__I)
                  00014c54    00000004     httpget_pem4f.oem4f (.text:ti_sysbios_knl_Queue_destruct)
                  00014c58    0000003c     sysbios.aem4f : BIOS.obj (.text:ti_sysbios_knl_Swi_restore__E)
                  00014c94    0000003a     driverlib.lib : emac.obj (.text:EMACIntEnable)
                  00014cce    0000003a     drivers_tivaware.aem4f : I2CTiva.oem4f (.text:I2CTiva_completeTransfer)
                  00014d08    0000003a     os.aem4f : efs.oem4f (.text:efs_filesend)
                  00014d42    00000002     --HOLE-- [fill = 0]
                  00014d44    00000038     driverlib.lib : emac.obj (.text:EMACConfigGet)
                  00014d7c    00000038     drivers_tivaware.aem4f : I2C.oem4f (.text:I2C_init)
                  00014db4    00000038     stk.aem4f : ipfrag.oem4f (.text:IPReasmTimeout)
                  00014dec    00000038               : node.oem4f (.text:NodeGetRt)
                  00014e24    00000038     driverlib.lib : sysctl.obj (.text:SysCtlPeripheralReady)
                  00014e5c    00000038     stk.aem4f : tcpprot.oem4f (.text:TcpClose)
                  00014e94    00000038               : timer.oem4f (.text:TimerHSTick)
                  00014ecc    00000038     rtsv7M4_T_le_v4SPD16_eabi.lib : trgmsg.c.obj (.text:__TI_writemsg)
                  00014f04    00000038     nettool_ipv4.aem4f : dhcpbild.oem4f (.text:dhcpBuildDiscover)
                  00014f3c    00000038                        : dhcptags.oem4f (.text:dhcpOptionsClear)
                  00014f74    00000038     stk.aem4f : file.oem4f (.text:fdint_waitevent)
                  00014fac    00000004     httpget_pem4f.oem4f (.text:ti_sysbios_knl_Semaphore_delete)
                  00014fb0    00000038     sysbios.aem4f : BIOS.obj (.text:ti_sysbios_family_arm_m3_Hwi_excNoIsr__I)
                  00014fe8    00000038     httpget_pem4f.oem4f (.text:ti_sysbios_knl_Clock_create)
                  00015020    00000038     sysbios.aem4f : BIOS.obj (.text:ti_sysbios_knl_Task_processVitalTaskFlag__I)
                  00015058    00000038     ti.targets.arm.rtsarm.aem4f : SysMin.oem4f (.text:xdc_runtime_SysMin_putch__E)
                  00015090    00000038                                 : System.oem4f (.text:xdc_runtime_System_atexit__E)
                  000150c8    00000036     nettool_ipv4.aem4f : telnetd.oem4f (.text:CmdWriteBytes)
                  000150fe    00000036     drivers_tivaware.aem4f : I2CTiva.oem4f (.text:I2CTiva_close)
                  00015134    00000036     stk.aem4f : ip.oem4f (.text:IPChecksum)
                  0001516a    00000036     network_ndk.aem4f : ssock.oem4f (.text:Ssock_recv)
                  000151a0    00000036     rtsv7M4_T_le_v4SPD16_eabi.lib : strncpy.c.obj (.text:strncpy)
                  000151d6    00000002     --HOLE-- [fill = 0]
                  000151d8    00000035     httpget.obj (.text:printError)
                  0001520d    00000003     --HOLE-- [fill = 0]
                  00015210    00000034     nettool_ipv4.aem4f : config.oem4f (.text:CfgSetService)
                  00015244    00000034     driverlib.lib : emac.obj (.text:EMACConfigSet)
                  00015278    00000034                   : emac.obj (.text:EMACIntClear)
                  000152ac    00000034     drivers_tivaware.aem4f : EMACSnow.oem4f (.text:EMACSnow_emacPoll)
                  000152e0    00000034                            : EMACSnow.oem4f (.text:EMACSnow_isLinkUp)
                  00015314    00000034                            : EMAC.oem4f (.text:EMAC_init)
                  00015348    00000034     stk.aem4f : exec.oem4f (.text:ExecClose)
                  0001537c    00000034               : nimu.oem4f (.text:NIMUFindByName)
                  000153b0    00000034               : nimu.oem4f (.text:NIMUInit)
                  000153e4    00000034               : rawethsock.oem4f (.text:RawEthSockNotify)
                  00015418    00000034               : sockprot.oem4f (.text:SockPrCtlError)
                  0001544c    00000034     driverlib.lib : sysctl.obj (.text:SysCtlPeripheralEnable)
                  00015480    00000034     rtsv7M4_T_le_v4SPD16_eabi.lib : trgmsg.c.obj (.text:__TI_readmsg)
                  000154b4    00000034     nettool_ipv4.aem4f : httpsend.oem4f (.text:httpSendEntityLength)
                  000154e8    00000034     os.aem4f : mem.oem4f (.text:mmUnInitPage)
                  0001551c    00000034              : ossys.oem4f (.text:stricmp)
                  00015550    00000034     rtsv7M4_T_le_v4SPD16_eabi.lib : strstr.c.obj (.text:strstr)
                  00015584    00000004     httpget_pem4f.oem4f (.text:ti_sysbios_knl_Semaphore_destruct)
                  00015588    00000034     sysbios.aem4f : BIOS.obj (.text:ti_sysbios_family_arm_m3_Hwi_Instance_finalize__E)
                  000155bc    00000004     httpget_pem4f.oem4f (.text:ti_sysbios_knl_Swi_delete)
                  000155c0    00000034     sysbios.aem4f : BIOS.obj (.text:ti_sysbios_family_arm_m3_Hwi_excNmi__I)
                  000155f4    00000004     httpget_pem4f.oem4f (.text:ti_sysbios_knl_Task_delete)
                  000155f8    00000034     sysbios.aem4f : BIOS.obj (.text:ti_sysbios_hal_Hwi_checkStack)
                  0001562c    00000034     httpget_pem4f.oem4f (.text:ti_sysbios_knl_Semaphore_create)
                  00015660    00000034     ti.targets.arm.rtsarm.aem4f : Core-label.oem4f (.text:xdc_runtime_Core_assignLabel__I)
                  00015694    00000033                                 : Text.oem4f (.text:xdc_runtime_Text_printVisFxn__I)
                  000156c7    00000001     --HOLE-- [fill = 0]
                  000156c8    00000032     nettool_ipv4.aem4f : config.oem4f (.text:CfgGetImmediate)
                  000156fa    00000032     stk.aem4f : pipe.oem4f (.text:PipeCheck)
                  0001572c    00000032               : route.oem4f (.text:RtDeRef)
                  0001575e    00000032               : route.oem4f (.text:RtSetFailure)
                  00015790    00000032               : sb.oem4f (.text:SBFlush)
                  000157c2    00000032               : sb.oem4f (.text:SBSetMax)
                  000157f4    00000032               : sock.oem4f (.text:SockIntAbort)
                  00015826    00000032     nettool_ipv4.aem4f : config.oem4f (.text:_CfgAcquire)
                  00015858    00000032                        : dhcpsm.oem4f (.text:dhcpIPRemove)
                  0001588a    00000032     os.aem4f : efs.oem4f (.text:efs_fclose)
                  000158bc    00000004     ti.targets.arm.rtsarm.aem4f : Error.oem4f (.text:xdc_runtime_Error_getMsg__E)
                  000158c0    00000032     sysbios.aem4f : BIOS.obj (.text:ti_sysbios_hal_Hwi_initStack)
                  000158f2    00000006     driverlib.lib : emac.obj (.text:EMACRxDMADescriptorListSet)
                  000158f8    00000032     sysbios.aem4f : BIOS.obj (.text:ti_sysbios_knl_Event_pendTimeout__I)
                  0001592a    00000006     driverlib.lib : emac.obj (.text:EMACTxDMADescriptorListSet)
                  00015930    00000032     sysbios.aem4f : BIOS.obj (.text:ti_sysbios_knl_Semaphore_pendTimeout__I)
                  00015962    00000030     driverlib.lib : emac.obj (.text:EMACAddrSet)
                  00015992    00000002     --HOLE-- [fill = 0]
                  00015994    00000030     drivers_tivaware.aem4f : EMACSnow.oem4f (.text:EMACSnow_handlePackets)
                  000159c4    00000030                            : I2C.oem4f (.text:I2C_open)
                  000159f4    00000030     netctrl_ipv4.aem4f : netsrv.oem4f (.text:NS_PreBoot)
                  00015a24    00000030     stk.aem4f : sock.oem4f (.text:SockBind)
                  00015a54    00000030               : sock.oem4f (.text:SockGetName)
                  00015a84    00000030     nettool_ipv4.aem4f : dhcpsock.oem4f (.text:dhcpPacketSend)
                  00015ab4    00000030     stk.aem4f : listlib.oem4f (.text:list_remove_node)
                  00015ae4    00000030     http_ndk.aem4f : httpcli.oem4f (.text:skipLine)
                  00015b14    00000030     httpget_pem4f.oem4f (.text:ti_sysbios_BIOS_atExitFunc__I)
                  00015b44    00000004     ti.targets.arm.rtsarm.aem4f : Error.oem4f (.text:xdc_runtime_Error_getSite__E)
                  00015b48    00000030     sysbios.aem4f : BIOS.obj (.text:ti_sysbios_family_arm_lm4_Timer_stop__E)
                  00015b78    00000030                   : BIOS.obj (.text:ti_sysbios_family_arm_m3_TaskSupport_start__E)
                  00015ba8    00000030     httpget_pem4f.oem4f (.text:ti_sysbios_gates_GateHwi_Object__create__S)
                  00015bd8    00000030     httpget_pem4f.oem4f (.text:ti_sysbios_gates_GateMutex_Object__create__S)
                  00015c08    00000030     sysbios.aem4f : BIOS.obj (.text:ti_sysbios_gates_GateMutex_enter__E)
                  00015c38    00000030     httpget_pem4f.oem4f (.text:ti_sysbios_heaps_HeapMem_Object__create__S)
                  00015c68    00000030     httpget_pem4f.oem4f (.text:ti_sysbios_knl_Semaphore_construct)
                  00015c98    00000030     ti.targets.arm.rtsarm.aem4f : SysMin.oem4f (.text:xdc_runtime_SysMin_abort__E)
                  00015cc8    00000030                                 : System.oem4f (.text:xdc_runtime_System_processAtExit__E)
                  00015cf8    0000002e     stk.aem4f : sb.oem4f (.text:SBFree)
                  00015d26    0000002e     httpget_pem4f.oem4f (.text:malloc)
                  00015d54    0000002e     rtsv7M4_T_le_v4SPD16_eabi.lib : strcasecmp.c.obj (.text:strcasecmp)
                  00015d82    0000002c     driverlib.lib : emac.obj (.text:EMACIntStatus)
                  00015dae    0000002c     stk.aem4f : file.oem4f (.text:FdSignalEvent)
                  00015dda    00000002     --HOLE-- [fill = 0]
                  00015ddc    0000002c               : igmp.oem4f (.text:IGMPTestGroup)
                  00015e08    0000002c     os.aem4f : task.oem4f (.text:NDK_hookCreate)
                  00015e34    0000002c     stk.aem4f : nimu.oem4f (.text:NIMUAllocateIndex)
                  00015e60    0000002c               : nimu.oem4f (.text:NIMUPacketServiceCheck)
                  00015e8c    0000002c               : pipe.oem4f (.text:PipeClose)
                  00015eb8    0000002c               : sockpcb.oem4f (.text:SockPcbAttach)
                  00015ee4    0000002c               : lli.oem4f (.text:_LLIExpListRemove)
                  00015f10    0000002c               : lli.oem4f (.text:_LLITimeoutFlush)
                  00015f3c    0000002c               : rtable.oem4f (.text:_RtExpListRemove)
                  00015f68    0000002c     os.aem4f : efs.oem4f (.text:efs_findfile)
                  00015f94    0000002c     stk.aem4f : file.oem4f (.text:fdint_setevent)
                  00015fc0    0000002c     http_ndk.aem4f : httpcli.oem4f (.text:lookUpResponseFields)
                  00015fec    0000002c     rtsv7M4_T_le_v4SPD16_eabi.lib : strncmp.c.obj (.text:strncmp)
                  00016018    0000002c     httpget_pem4f.oem4f (.text:ti_sysbios_knl_Clock_doTick__I)
                  00016044    0000002c     httpget_pem4f.oem4f (.text:ti_sysbios_knl_Queue_construct)
                  00016070    0000002c     sysbios.aem4f : BIOS.obj (.text:ti_sysbios_knl_Task_restore__E)
                  0001609c    0000002c     ti.targets.arm.rtsarm.aem4f : Text.oem4f (.text:xdc_runtime_Text_cordText__E)
                  000160c8    0000002a     driverlib.lib : gpio.obj (.text:GPIODirModeSet)
                  000160f2    0000002a     stk.aem4f : pbm.oem4f (.text:PBMQ_deq)
                  0001611c    0000002a     netctrl_ipv4.aem4f : netsrv.oem4f (.text:ServiceCallback)
                  00016146    0000002a     nettool_ipv4.aem4f : config.oem4f (.text:_CfgRelease)
                  00016170    0000002a                        : inetaddr.oem4f (.text:mergeLists)
                  0001619a    0000002a     ti.targets.arm.rtsarm.aem4f : System.oem4f (.text:xdc_runtime_System_putchar__I)
                  000161c4    00000028     stk.aem4f : bind.oem4f (.text:BindFindByNet)
                  000161ec    00000028               : lli.oem4f (.text:LLIFree)
                  00016214    00000028     netctrl_ipv4.aem4f : netctrl.oem4f (.text:NC_SystemClose)
                  0001623c    00000028     stk.aem4f : nimu.oem4f (.text:NIMUCreatePacket)
                  00016264    00000028               : nimu.oem4f (.text:NIMUPacketService)
                  0001628c    00000028               : tcpin.oem4f (.text:TcpEnterTimeWait)
                  000162b4    00000028               : timer.oem4f (.text:TimerListRemove)
                  000162dc    00000028               : vlan.oem4f (.text:VLANFindSourceInterface)
                  00016304    00000028               : vlan.oem4f (.text:VLANInit)
                  0001632c    00000028     nettool_ipv4.aem4f : dhcpsock.oem4f (.text:dhcpPacketReceive)
                  00016354    00000028     drivers_tivaware.aem4f : EMACSnow.oem4f (.text:signalLinkChange)
                  0001637c    00000028     rtsv7M4_T_le_v4SPD16_eabi.lib : e_sqrtf.c.obj (.text:sqrtf)
                  000163a4    00000004     httpget_pem4f.oem4f (.text:xdc_runtime_System_Module_GateProxy_enter__E)
                  000163a8    00000028     sysbios.aem4f : BIOS.obj (.text:ti_sysbios_knl_Semaphore_Instance_finalize__E)
                  000163d0    00000028                   : BIOS.obj (.text:ti_sysbios_knl_Semaphore_reset__E)
                  000163f8    00000028                   : BIOS.obj (.text:ti_sysbios_knl_Swi_Module_startup__E)
                  00016420    00000026     nettool_ipv4.aem4f : config.oem4f (.text:CfgEntryInfo)
                  00016446    00000026     driverlib.lib : emac.obj (.text:EMACPHYRead)
                  0001646c    00000026                   : emac.obj (.text:EMACPHYWrite)
                  00016492    00000026     stk.aem4f : rawethsock.oem4f (.text:RawEthSockClose)
                  000164b8    00000026     sysbios.aem4f : m3_Hwi_asm.obj (.text:ti_sysbios_family_arm_m3_Hwi_pendSV__I)
                  000164de    00000026     ti.targets.arm.rtsarm.aem4f : System.oem4f (.text:xdc_runtime_System_avprintf__E)
                  00016504    00000024     stk.aem4f : bind.oem4f (.text:BindFindByHost)
                  00016528    00000024               : bind.oem4f (.text:BindGetIFByDBCast)
                  0001654c    00000024     drivers_tivaware.aem4f : EMACSnow.oem4f (.text:EMACSnow_pkt_service)
                  00016570    00000024                            : EMACSnow.oem4f (.text:EMACSnow_primeRx)
                  00016594    00000024     stk.aem4f : exec.oem4f (.text:ExecTimer)
                  000165b8    00000024     http_ndk.aem4f : httpcli.oem4f (.text:HTTPCli_disconnect)
                  000165dc    00000024     stk.aem4f : nimu.oem4f (.text:NIMUFindByIndex)
                  00016600    00000024               : rtc.oem4f (.text:RTCAddHook)
                  00016624    00000024               : rawethsock_pcb.oem4f (.text:RawEthSockPcbFind)
                  00016648    00000024               : route.oem4f (.text:RtFree)
                  0001666c    00000024               : route.oem4f (.text:RtSetTimeout)
                  00016690    00000024               : sockpcb.oem4f (.text:SockPcbCleanup)
                  000166b4    00000024               : tcpprot.oem4f (.text:TcpPrListen)
                  000166d8    00000024               : tcptime.oem4f (.text:TcpTimeoutWait2)
                  000166fc    00000024     nettool_ipv4.aem4f : config.oem4f (.text:_CfgEntryProcess)
                  00016720    00000024     http_ndk.aem4f : httpcli.oem4f (.text:getRequestFieldValue)
                  00016744    00000024     httpget_pem4f.oem4f (.text:ti_sysbios_BIOS_errorRaiseHook__I)
                  00016768    00000024     httpget_pem4f.oem4f (.text:ti_sysbios_BIOS_registerRTSLock__I)
                  0001678c    00000024     httpget_pem4f.oem4f (.text:ti_sysbios_BIOS_removeRTSLock__I)
                  000167b0    00000024     httpget_pem4f.oem4f (.text:ti_sysbios_BIOS_startFunc__I)
                  000167d4    00000024     httpget_pem4f.oem4f (.text:ti_sysbios_gates_GateMutex_Object__delete__S)
                  000167f8    00000024     sysbios.aem4f : BIOS.obj (.text:ti_sysbios_knl_Clock_Module_startup__E)
                  0001681c    00000024     httpget_pem4f.oem4f (.text:ti_sysbios_knl_Semaphore_Object__delete__S)
                  00016840    00000024     sysbios.aem4f : BIOS.obj (.text:ti_sysbios_knl_Task_restoreHwi__E)
                  00016864    00000024     ti.targets.arm.rtsarm.aem4f : System.oem4f (.text:xdc_runtime_System_vprintf__E)
                  00016888    00000022     nettool_ipv4.aem4f : config.oem4f (.text:CfgEntryRef)
                  000168aa    00000022     stk.aem4f : vlan.oem4f (.text:VLANFindNode)
                  000168cc    00000004     httpget_pem4f.oem4f (.text:xdc_runtime_System_Module_GateProxy_leave__E)
                  000168d0    00000022     sysbios.aem4f : BIOS.obj (.text:ti_sysbios_family_arm_lm4_Timer_write__I)
                  000168f2    00000022     httpget_pem4f.oem4f (.text:xdc_runtime_SysMin_output__I)
                  00016914    00000020     netctrl_ipv4.aem4f : netctrl.oem4f (.text:NC_BootComplete)
                  00016934    00000020     stk.aem4f : nimu.oem4f (.text:NIMUGetNumOfObject)
                  00016954    00000020               : rtc.oem4f (.text:RTCRemoveHook)
                  00016974    00000020               : tcp.oem4f (.text:TcpTimeoutRemove)
                  00016994    00000020     Boot.aem4f : Boot_sysctl.oem4f (.text:_SysCtlMemTimingGet)
                  000169b4    00000020     stk.aem4f : fileuser.oem4f (.text:fdsetTestEntry)
                  000169d4    00000020     httpget_pem4f.oem4f (.text:ti_sysbios_BIOS_rtsLock__I)
                  000169f4    00000020     httpget_pem4f.oem4f (.text:ti_sysbios_family_arm_m3_Hwi_Object__delete__S)
                  00016a14    00000020     sysbios.aem4f : m3_Hwi_asm.obj (.text:ti_sysbios_family_arm_m3_Hwi_excHandlerAsm__I)
                  00016a34    00000004     ti.targets.arm.rtsarm.aem4f : System.oem4f (.text:xdc_runtime_System_aprintf_va__F)
                  00016a38    00000020     sysbios.aem4f : BIOS.obj (.text:ti_sysbios_family_arm_m3_Hwi_excHandler__I)
                  00016a58    00000020     httpget_pem4f.oem4f (.text:ti_sysbios_gates_GateHwi_Object__delete__S)
                  00016a78    00000020     httpget_pem4f.oem4f (.text:ti_sysbios_heaps_HeapMem_Object__delete__S)
                  00016a98    00000020     sysbios.aem4f : BIOS.obj (.text:ti_sysbios_knl_Idle_run__E)
                  00016ab8    00000020     httpget_pem4f.oem4f (.text:ti_sysbios_knl_Semaphore_Object__destruct__S)
                  00016ad8    00000020     httpget_pem4f.oem4f (.text:ti_sysbios_knl_Swi_Object__delete__S)
                  00016af8    00000020     httpget_pem4f.oem4f (.text:ti_sysbios_knl_Task_Object__delete__S)
                  00016b18    00000020     ti.targets.arm.rtsarm.aem4f : Registry.oem4f (.text:xdc_runtime_Registry_findById__E)
                  00016b38    00000020                                 : SysMin.oem4f (.text:xdc_runtime_SysMin_Module_startup__E)
                  00016b58    0000001e     os.aem4f : efs.oem4f (.text:efs_loadfunction)
                  00016b76    0000001e     stk.aem4f : fileuser.oem4f (.text:fdError)
                  00016b94    0000001e               : fileuser.oem4f (.text:fdSelectAbort)
                  00016bb2    0000001e               : listlib.oem4f (.text:list_remove)
                  00016bd0    0000001e     httpget.obj (.text:send)
                  00016bee    0000001e     rtsv7M4_T_le_v4SPD16_eabi.lib : strcat.c.obj (.text:strcat)
                  00016c0c    0000001e     sysbios.aem4f : m3_Hwi_asm_switch.obj (.text:ti_sysbios_family_xxx_Hwi_switchAndRunFunc)
                  00016c2a    00000002     --HOLE-- [fill = 0]
                  00016c2c    0000001c     stk.aem4f : bind.oem4f (.text:BindFindByIF)
                  00016c48    0000001c               : exec.oem4f (.text:ExecBroadcast)
                  00016c64    0000001c     os.aem4f : ossys.oem4f (.text:NDK_sprintf)
                  00016c80    0000001c     stk.aem4f : nimu.oem4f (.text:NIMUAddHeader)
                  00016c9c    0000001c               : sockprot.oem4f (.text:SockPrDetach)
                  00016cb8    0000001c     network_ndk.aem4f : ssock.oem4f (.text:Ssock_destruct)
                  00016cd4    0000001c     os.aem4f : task.oem4f (.text:TaskDestroy)
                  00016cf0    0000001c     drivers_tivaware.aem4f : GPIOTiva.oem4f (.text:getGpioIntIndex)
                  00016d0c    0000001c     httpget_pem4f.oem4f (.text:ti_ndk_config_global_taskCreateHook)
                  00016d28    0000001c     httpget_pem4f.oem4f (.text:ti_sysbios_family_arm_m3_Hwi_Object__destruct__S)
                  00016d44    00000004     ti.targets.arm.rtsarm.aem4f : System.oem4f (.text:xdc_runtime_System_printf_va__F)
                  00016d48    0000001c     sysbios.aem4f : BIOS.obj (.text:ti_sysbios_gates_GateMutex_Instance_init__E)
                  00016d64    0000001c     httpget_pem4f.oem4f (.text:ti_sysbios_knl_Queue_Object__destruct__S)
                  00016d80    0000001c     sysbios.aem4f : BIOS.obj (.text:ti_sysbios_knl_Queue_put__E)
                  00016d9c    00000004     --HOLE-- [fill = 0]
                  00016da0    0000001c                   : BIOS.obj (.text:ti_sysbios_knl_Task_enter__I)
                  00016dbc    0000001c     ti.targets.arm.rtsarm.aem4f : Error.oem4f (.text:xdc_runtime_Error_raiseX__E)
                  00016dd8    0000001c                                 : Memory.oem4f (.text:xdc_runtime_Memory_valloc__E)
                  00016df4    0000001c                                 : SysMin.oem4f (.text:xdc_runtime_SysMin_exit__E)
                  00016e10    0000001c                                 : System.oem4f (.text:xdc_runtime_System_abort__E)
                  00016e2c    0000001a     stk.aem4f : bind.oem4f (.text:BindGetIP)
                  00016e46    0000001a               : sockint.oem4f (.text:SockSetOOBMark)
                  00016e60    0000001a               : file.oem4f (.text:fdint_getfdt)
                  00016e7a    0000001a     httpget_pem4f.oem4f (.text:free)
                  00016e94    0000001a     nettool_ipv4.aem4f : httpsend.oem4f (.text:httpSendClientStr)
                  00016eae    0000001a     httpget_pem4f.oem4f (.text:ti_sysbios_family_arm_m3_Hwi_Handle__label__S)
                  00016ec8    0000001a     httpget_pem4f.oem4f (.text:ti_sysbios_gates_GateHwi_Handle__label__S)
                  00016ee2    0000001a     httpget_pem4f.oem4f (.text:ti_sysbios_gates_GateMutex_Handle__label__S)
                  00016efc    0000001a     httpget_pem4f.oem4f (.text:ti_sysbios_heaps_HeapMem_Handle__label__S)
                  00016f16    0000001a     httpget_pem4f.oem4f (.text:ti_sysbios_knl_Swi_Handle__label__S)
                  00016f30    0000001a     httpget_pem4f.oem4f (.text:ti_sysbios_knl_Task_Handle__label__S)
                  00016f4a    00000006     driverlib.lib : gpio.obj (.text:GPIOIntClear)
                  00016f50    0000001a     sysbios.aem4f : BIOS.obj (.text:ti_sysbios_knl_Task_sleepTimeout__I)
                  00016f6a    0000001a     httpget_pem4f.oem4f (.text:xdc_runtime_System_aprintf__E)
                  00016f84    0000001a     httpget_pem4f.oem4f (.text:xdc_runtime_System_printf__E)
                  00016f9e    00000002     --HOLE-- [fill = 0]
                  00016fa0    00000018     drivers_tivaware.aem4f : EMACSnow.oem4f (.text:EMACSnow_emacSend)
                  00016fb8    00000018     stk.aem4f : ip.oem4f (.text:IPRtChange)
                  00016fd0    00000018               : rawethsock_pcb.oem4f (.text:RawEthSockPcbCleanup)
                  00016fe8    00000018     nettool_ipv4.aem4f : ipaddr.oem4f (.text:RouteHook)
                  00017000    00000018     stk.aem4f : tcpin.oem4f (.text:SEQ_GEQ)
                  00017018    00000018               : tcpout.oem4f (.text:SEQ_GEQ)
                  00017030    00000018               : tcpin.oem4f (.text:SEQ_GT)
                  00017048    00000018               : tcpout.oem4f (.text:SEQ_GT)
                  00017060    00000018               : tcpin.oem4f (.text:SEQ_LEQ)
                  00017078    00000018               : tcpout.oem4f (.text:SEQ_LEQ)
                  00017090    00000018               : tcpin.oem4f (.text:SEQ_LT)
                  000170a8    00000018               : tcpout.oem4f (.text:SEQ_LT)
                  000170c0    00000018               : tcp.oem4f (.text:TcpTimeoutAdd)
                  000170d8    00000018     rtsv7M4_T_le_v4SPD16_eabi.lib : args_main.c.obj (.text:_args_main)
                  000170f0    00000018                                   : s_copysignf.c.obj (.text:copysignf)
                  00017108    00000018     nettool_ipv4.aem4f : dhcpsock.oem4f (.text:dhcpSocketClose)
                  00017120    00000018     stk.aem4f : file.oem4f (.text:fdint_clearevent)
                  00017138    00000018     nettool_ipv4.aem4f : inetaddr.oem4f (.text:freeaddrinfo)
                  00017150    00000018     stk.aem4f : listlib.oem4f (.text:list_add)
                  00017168    00000018     rtsv7M4_T_le_v4SPD16_eabi.lib : strcmp.c.obj (.text:strcmp)
                  00017180    00000018     httpget_pem4f.oem4f (.text:ti_sysbios_BIOS_rtsUnlock__I)
                  00017198    00000018     httpget_pem4f.oem4f (.text:ti_sysbios_family_arm_lm4_Timer_Module__startupDone__F)
                  000171b0    00000018     httpget_pem4f.oem4f (.text:ti_sysbios_family_arm_m3_Hwi_Module__startupDone__F)
                  000171c8    00000018     sysbios.aem4f : m3_TaskSupport_asm.obj (.text:ti_sysbios_family_arm_m3_TaskSupport_swap__E)
                  000171e0    00000018                   : BIOS.obj (.text:ti_sysbios_gates_GateMutex_leave__E)
                  000171f8    00000018     ti.targets.arm.rtsarm.aem4f : Error.oem4f (.text:xdc_runtime_Error_check__E)
                  00017210    00000018                                 : System.oem4f (.text:xdc_runtime_System_exit__E)
                  00017228    00000018                                 : Text.oem4f (.text:xdc_runtime_Text_ropeText__E)
                  00017240    00000016     driverlib.lib : emac.obj (.text:EMACReset)
                  00017256    00000016                   : emac.obj (.text:EMACRxEnable)
                  0001726c    00000016                   : emac.obj (.text:EMACTxEnable)
                  00017282    00000016     http_ndk.aem4f : httpcli.oem4f (.text:HTTPCli_destruct)
                  00017298    00000016                    : httpcli.oem4f (.text:HTTPCli_readRawResponseBody)
                  000172ae    00000016     driverlib.lib : i2c.obj (.text:I2CMasterErr)
                  000172c4    00000016     stk.aem4f : file.oem4f (.text:fdint_freefdt)
                  000172da    00000016     rtsv7M4_T_le_v4SPD16_eabi.lib : strchr.c.obj (.text:strchr)
                  000172f0    00000016     httpget_pem4f.oem4f (.text:ti_sysbios_BIOS_exitFunc__I)
                  00017306    00000016     httpget.obj (.text:ti_sysbios_knl_Task_Params_init)
                  0001731c    00000016     ti.targets.arm.rtsarm.aem4f : System.oem4f (.text:xdc_runtime_System_vsprintf__E)
                  00017332    00000014     stk.aem4f : bind.oem4f (.text:BindIPHost2IF)
                  00017346    00000002     --HOLE-- [fill = 0]
                  00017348    00000014     driverlib.lib : flash.obj (.text:FlashUserGet)
                  0001735c    00000014     http_ndk.aem4f : httpcli.oem4f (.text:HTTPCli_getResponseStatus)
                  00017370    00000014     netctrl_ipv4.aem4f : netctrl.oem4f (.text:NC_NetStop)
                  00017384    00000014     os.aem4f : task.oem4f (.text:NDK_hookExit)
                  00017398    00000014     stk.aem4f : nimu.oem4f (.text:NIMUSendPacket)
                  000173ac    00000014     nettool_ipv4.aem4f : ipaddr.oem4f (.text:NtRemoveNetwork)
                  000173c0    00000014     stk.aem4f : rawethsock_pcb.oem4f (.text:RawEthSockPcbInit)
                  000173d4    00000014     network_ndk.aem4f : ssock.oem4f (.text:Ssock_construct)
                  000173e8    00000014     stk.aem4f : timer.oem4f (.text:TimerFree)
                  000173fc    00000014     httpget.obj (.text:connect)
                  00017410    00000014     httpget.obj (.text:socket)
                  00017424    00000014     rtsv7M4_T_le_v4SPD16_eabi.lib : strcpy.c.obj (.text:strcpy)
                  00017438    00000014                                   : strlen.c.obj (.text:strlen)
                  0001744c    00000014     httpget_pem4f.oem4f (.text:ti_ndk_config_global_taskExitHook)
                  00017460    00000014     httpget_pem4f.oem4f (.text:ti_sysbios_family_arm_m3_Hwi_Object__get__S)
                  00017474    00000004     --HOLE-- [fill = 0]
                  00017478    00000014     sysbios.aem4f : BIOS.obj (.text:ti_sysbios_family_arm_m3_Hwi_switchFromBootStack__E)
                  0001748c    00000014     httpget_pem4f.oem4f (.text:ti_sysbios_heaps_HeapMem_Object__get__S)
                  000174a0    00000014     httpget_pem4f.oem4f (.text:ti_sysbios_knl_Swi_Object__get__S)
                  000174b4    00000014     httpget_pem4f.oem4f (.text:ti_sysbios_knl_Task_Object__first__S)
                  000174c8    00000014     httpget_pem4f.oem4f (.text:ti_sysbios_knl_Task_Object__next__S)
                  000174dc    00000014     httpget.obj (.text:timerISR)
                  000174f0    00000012     driverlib.lib : gpio.obj (.text:GPIOPinTypeEthernetLED)
[...]
20000000  ti_sysbios_family_arm_m3_Hwi_ramVectors                              
20000380  ti_sysbios_heaps_HeapMem_Instance_State_0_buf__A                     
20005380  ti_ndk_config_Global_pit                                             
20005428  ti_ndk_config_Global_pitBuffer                                       
20009c28  _ICMPIn                                                              
20009c74  PBMQ_free                                                            
20009c80  ti_ndk_config_Global_pBufMem                                         
2000d880  ti_ndk_config_Global_pHdrMem                                         
2000db78  ti_sysbios_knl_Task_Instance_State_0_stack__A                        
2000e378  ti_sysbios_knl_Task_Instance_State_1_stack__A                        
2000eb78  ti_sysbios_knl_Task_Instance_State_2_stack__A                        
2000f178  ti_sysbios_knl_Task_Instance_State_3_stack__A                        
2000f378  ti_sysbios_family_arm_m3_Hwi_dispatchTable                           
2000f8e8  __CIOBUF_                                                            
2000fb08  i2cTivaObjects                                                       
2000fc08  tcps                                                                 
2000ff24  xdc_runtime_SysMin_Module_State_0_outbuf__A                          
2000ffa4  ips                                                                  
2001000c  nimu_mcb                                                             
200100d0  _ICMPOut                                                             
2001015c  vlan_mcb                                                             
200101a8  udps                                                                 
200101cc  rxBuffer                                                             
200101ec  BlockCount                                                           
20010208  BlockMax                                                             
20010224  PageCount                                                            
20010240  PageMax                                                              
2001025c  i2cTransaction                                                       
20010278  stkEvent                                                             
20010290  Humidity_str                                                         
200102a4  Humidity_str_2                                                       
200102cc  press_str                                                            
200102e0  press_str_2                                                          
200102f4  tempstr                                                              
20010308  tempstr_2                                                            
2001031c  i2cParams                                                            
2001033c  raweths                                                              
2001034c  raws                                                                 
2001035c  tpseudo                                                              
20010368  upseudo                                                              
2001037c  emacObjects                                                          
20010384  parmbuf                                                              
2001038c  B3                                                                   
20010390  B4                                                                   
20010394  B5t                                                                  
20010398  B6                                                                   
2001039c  B7                                                                   
200103bc  TEMP_VALUE_FOR_ACU                                                   
200103cc  UP                                                                   
200103d0  UT                                                                   
200103d4  X1p                                                                  
200103d8  X1t                                                                  
200103dc  X2p                                                                  
200103e0  X2t                                                                  
200103e4  X3p                                                                  
200103e8  _IGMPInDiscard                                                       
200103ec  _IGMPInQuery                                                         
200103f0  _IGMPInQueryGroup                                                    
200103f4  _IGMPInResponse                                                      
200103f8  _IGMPOutResponse                                                     
200103fc  alt                                                                  
20010400  g_ulStatus                                                           
20010414  i2c                                                                  
20010418  press                                                                
2001041c  raweth_pcb                                                           
20010420  temp                                                                 
20010424  ti_sysbios_knl_Task_Instance_State_0_hookEnv__A                      
20010428  ti_sysbios_knl_Task_Instance_State_1_hookEnv__A                      
2001042c  ti_sysbios_knl_Task_Instance_State_2_hookEnv__A                      
20010430  ti_sysbios_knl_Task_Instance_State_3_hookEnv__A                      
20010434  txBuffer                                                             
20010438  AC1                                                                  
2001043a  AC2                                                                  
2001043c  AC3                                                                  
2001043e  AC4                                                                  
20010440  AC5                                                                  
20010442  AC6                                                                  
20010444  B1                                                                   
20010446  B2                                                                   
20010448  MB                                                                   
2001044a  MC                                                                   
2001044c  MD                                                                   
2001044e  temperature_TMP006                                                   
20010450  ti_sysbios_knl_Task_Object__table__V                                 
20010580  HTTPStd_VER                                                          
20010584  HTTPStd_GET                                                          
20010588  HTTPStd_POST                                                         
2001058c  HTTPStd_HEAD                                                         
20010590  HTTPStd_OPTIONS                                                      
20010594  HTTPStd_PUT                                                          
20010598  HTTPStd_DELETE                                                       
2001059c  HTTPStd_CONNECT                                                      
200105a0  HTTPStd_PATCH                                                        
200105a4  HTTPStd_CONTENT_TYPE_APPLET                                          
200105a8  HTTPStd_CONTENT_TYPE_AU                                              
200105ac  HTTPStd_CONTENT_TYPE_CSS                                             
200105b0  HTTPStd_CONTENT_TYPE_DOC                                             
200105b4  HTTPStd_CONTENT_TYPE_GIF                                             
200105b8  HTTPStd_CONTENT_TYPE_HTML                                            
200105bc  HTTPStd_CONTENT_TYPE_JPG                                             
200105c0  HTTPStd_CONTENT_TYPE_MPEG                                            
200105c4  HTTPStd_CONTENT_TYPE_PDF                                             
200105c8  HTTPStd_CONTENT_TYPE_WAV                                             
200105cc  HTTPStd_CONTENT_TYPE_ZIP                                             
200105d0  HTTPStd_CONTENT_TYPE_PLAIN                                           
200105d4  HTTPStd_FIELD_NAME_ACCEPT                                            
200105d8  HTTPStd_FIELD_NAME_ACCEPT_CHARSET                                    
200105dc  HTTPStd_FIELD_NAME_ACCEPT_ENCODING                                   
200105e0  HTTPStd_FIELD_NAME_ACCEPT_LANGUAGE                                   
200105e4  HTTPStd_FIELD_NAME_ACCEPT_RANGES                                     
200105e8  HTTPStd_FIELD_NAME_AGE                                               
200105ec  HTTPStd_FIELD_NAME_ALLOW                                             
200105f0  HTTPStd_FIELD_NAME_AUTHORIZATION                                     
200105f4  HTTPStd_FIELD_NAME_CACHE_CONTROL                                     
200105f8  HTTPStd_FIELD_NAME_CONNECTION                                        
200105fc  HTTPStd_FIELD_NAME_CONTENT_ENCODING                                  
20010600  HTTPStd_FIELD_NAME_CONTENT_LANGUAGE                                  
20010604  HTTPStd_FIELD_NAME_CONTENT_LENGTH                                    
20010608  HTTPStd_FIELD_NAME_CONTENT_LOCATION                                  
2001060c  HTTPStd_FIELD_NAME_CONTENT_MD5                                       
20010610  HTTPStd_FIELD_NAME_CONTENT_RANGE                                     
20010614  HTTPStd_FIELD_NAME_CONTENT_TYPE                                      
20010618  HTTPStd_FIELD_NAME_COOKIE                                            
2001061c  HTTPStd_FIELD_NAME_DATE                                              
20010620  HTTPStd_FIELD_NAME_ETAG                                              
20010624  HTTPStd_FIELD_NAME_EXPECT                                            
20010628  HTTPStd_FIELD_NAME_EXPIRES                                           
2001062c  HTTPStd_FIELD_NAME_FROM                                              
20010630  HTTPStd_FIELD_NAME_HOST                                              
20010634  HTTPStd_FIELD_NAME_IF_MATCH                                          
20010638  HTTPStd_FIELD_NAME_IF_MODIFIED_SINCE                                 
2001063c  HTTPStd_FIELD_NAME_IF_NONE_MATCH                                     
20010640  HTTPStd_FIELD_NAME_IF_RANGE                                          
20010644  HTTPStd_FIELD_NAME_IF_UNMODIFIED_SINCE                               
20010648  HTTPStd_FIELD_NAME_LAST_MODIFIED                                     
2001064c  HTTPStd_FIELD_NAME_LOCATION                                          
20010650  HTTPStd_FIELD_NAME_MAX_FORWARDS                                      
20010654  HTTPStd_FIELD_NAME_ORIGIN                                            
20010658  HTTPStd_FIELD_NAME_PRAGMA                                            
2001065c  HTTPStd_FIELD_NAME_PROXY_AUTHENTICATE                                
20010660  HTTPStd_FIELD_NAME_PROXY_AUTHORIZATION                               
20010664  HTTPStd_FIELD_NAME_RANGE                                             
20010668  HTTPStd_FIELD_NAME_REFERER                                           
2001066c  HTTPStd_FIELD_NAME_RETRY_AFTER                                       
20010670  HTTPStd_FIELD_NAME_SERVER                                            
20010674  HTTPStd_FIELD_NAME_TE                                                
20010678  HTTPStd_FIELD_NAME_TRAILER                                           
2001067c  HTTPStd_FIELD_NAME_TRANSFER_ENCODING                                 
20010680  HTTPStd_FIELD_NAME_UPGRADE                                           
20010684  HTTPStd_FIELD_NAME_USER_AGENT                                        
20010688  HTTPStd_FIELD_NAME_VARY                                              
2001068c  HTTPStd_FIELD_NAME_VIA                                               
20010690  HTTPStd_FIELD_NAME_WWW_AUTHENTICATE                                  
20010694  HTTPStd_FIELD_NAME_WARNING                                           
20010698  HTTPStd_FIELD_NAME_X_FORWARDED_FOR                                   
2001069c  _ipcfg                                                               
20010750  ti_sysbios_family_arm_lm4_Timer_Object__table__V                     
200107d0  ti_sysbios_knl_Swi_Module_State_0_readyQ__A                          
20010850  ti_sysbios_knl_Task_Module_State_0_readyQ__A                         
200108d0  ti_sysbios_knl_Semaphore_Object__table__V                            
20010970  CONTENT_TYPE_APPLET                                                  
20010974  CONTENT_TYPE_AU                                                      
20010978  CONTENT_TYPE_CSS                                                     
2001097c  CONTENT_TYPE_DOC                                                     
20010980  CONTENT_TYPE_GIF                                                     
20010984  CONTENT_TYPE_HTML                                                    
20010988  CONTENT_TYPE_JPG                                                     
2001098c  CONTENT_TYPE_MPEG                                                    
20010990  CONTENT_TYPE_PDF                                                     
20010994  CONTENT_TYPE_WAV                                                     
20010998  CONTENT_TYPE_ZIP                                                     
2001099c  CONTENT_TYPE                                                         
200109a0  CONTENT_LENGTH                                                       
200109a4  CRLF                                                                 
200109a8  DEFAULT_NAME                                                         
200109ac  HTTP_VER                                                             
200109b0  SPACE                                                                
200109b4  ti_sysbios_knl_Task_Module__state__V                                 
20010ab8  ti_sysbios_family_arm_lm4_Timer_Module_State_0_device__A             
20010af8  ti_sysbios_gates_GateMutex_Object__table__V                          
20010b64  ti_sysbios_family_arm_m3_Hwi_Module__state__V                        
20010b98  enablePrefetch                                                       
20010b9c  phyCounter                                                           
20010bca  ti_sysbios_family_arm_m3_Hwi_Module_State_0_excActive__A             
20010bfc  ti_sysbios_family_arm_m3_Hwi_Object__table__V                        
20010c2c  ti_sysbios_knl_Swi_Object__table__V                                  
20010c5c  ti_sysbios_knl_Clock_Module__state__V                                
20010c88  pstrMsgName                                                          
20010cb0  _oscfg                                                               
20010cd4  PITCount                                                             
20010cd8  PITUsed                                                              
20010cdc  PITHigh                                                              
20010cf8  ti_sysbios_BIOS_Module__state__V                                     
20010d1c  ti_sysbios_family_arm_lm4_Timer_Module_State_0_handles__A            
20010d58  ti_ndk_config_Global_Id2Size                                         
20010d74  ti_sysbios_knl_Swi_Module__state__V                                  
20010dd8  ti_sysbios_heaps_HeapMem_Object__table__V                            
20010e2c  gpioPinConfigs                                                       
20010e54  _IGMPForceVersion1                                                   
20010e5c  ti_sysbios_family_arm_lm4_Timer_Module__state__V                     
20010e68  ti_sysbios_knl_Event_Object__table__V                                
20010e74  xdc_runtime_SysMin_Module__state__V                                  
20010e8c  _lock                                                                
20010e90  _unlock                                                              
20010e94  NIMUDeviceTable                                                      
20010e9c  gpioCallbackFunctions                                                
20010ea4  ti_ndk_config_Global_HostName                                        
20010ea8  __xdc__init__addr                                                    
20010ec4  _ICMPInErrors                                                        
20010ec8  _ICMPOutErrors                                                       
20010ecc  _IPExecuting                                                         
20010ee4  tcp_iss                                                              
20010ee8  ptTimeFirst                                                          
20010ef4  ti_sysbios_family_arm_m3_Hwi_Module__root__V                         
20010efc  ti_sysbios_gates_GateHwi_Module__root__V                             
20010f04  ti_sysbios_gates_GateMutex_Module__root__V                           
20010f0c  ti_sysbios_hal_Timer_Object__table__V                                
20010f14  ti_sysbios_heaps_HeapMem_Module__root__V                             
20010f1c  ti_sysbios_knl_Clock_Module__root__V                                 
20010f24  ti_sysbios_knl_Queue_Module__root__V                                 
20010f2c  ti_sysbios_knl_Semaphore_Module__root__V                             
20010f34  ti_sysbios_knl_Swi_Module__root__V                                   
20010f3c  ti_sysbios_knl_Task_Module__root__V                                  
20010f44  xdc_runtime_Registry_Module__state__V                                
20010f4c  xdc_runtime_Startup_Module__state__V                                 
20010f54  xdc_runtime_System_Module_State_0_atexitHandlers__A                  
20010f5c  xdc_runtime_System_Module__state__V                                  
20010f64  macAddress                                                           
20010f76  xdc_runtime_Error_Module__state__V                                   
20010f88  httpErrorResponseHook                                                
20010f90  errno                                                                
20010f94  main_func_sp                                                         
20010f9c  _IPReasmPtr                                                          
20010fac  ti_sysbios_family_arm_m3_Hwi_Module_State_0_excContext__A            
20010fb0  ti_sysbios_family_arm_m3_Hwi_Module_State_0_excStack__A              
20010fb4  ti_sysbios_gates_GateHwi_Object__table__V                            
20010fb8  ti_sysbios_knl_Task_Module_State_0_idleTask__A                       
20010fbc  xdc_runtime_Memory_Module__state__V                                  
20010fc0  __stack                                                              
200117c0  __STACK_END                                                          
e000e000  ti_sysbios_family_arm_m3_Hwi_nvic                                    
ffffffff  __TI_pprof_out_hndl                                                  
ffffffff  __TI_prof_data_size                                                  
ffffffff  __TI_prof_data_start                                                 
ffffffff  __binit__                                                            
ffffffff  __c_args__                                                           
ffffffff  binit                                                                
UNDEFED   SHT$$INIT_ARRAY$$Base                                                
UNDEFED   SHT$$INIT_ARRAY$$Limit                                               

[1255 symbols]
