******************************************************************************
                  TI ARM Linker PC v18.1.4                     
******************************************************************************
>> Linked Mon Dec 31 00:16:13 2018

OUTPUT FILE NAME:   <httpget_EK_TM4C1294XL_TI_TivaTM4C1294NCPDT.out>
ENTRY POINT SYMBOL: "_c_int00"  address: 0000f245


MEMORY CONFIGURATION

         name            origin    length      used     unused   attr    fill
----------------------  --------  ---------  --------  --------  ----  --------
  FLASH                 00000000   00100000  000166ec  000e9914  R  X
  SRAM                  20000000   00040000  00010110  0002fef0  RW X


SEGMENT ALLOCATION MAP

run origin  load origin   length   init length attrs members
----------  ----------- ---------- ----------- ----- -------
00000000    00000000    000166f8   000166f8    r-x
  00000000    00000000    0000003c   0000003c    r-- .resetVecs
  00000040    00000040    000139da   000139da    r-x .text
  00013a1c    00013a1c    00002826   00002826    r-- .const
  00016248    00016248    000004b0   000004b0    r-- .cinit
20000000    20000000    00000360   00000000    rw-
  20000000    20000000    00000360   00000000    rw- .vecs
20000380    20000380    0000fdb0   00000000    rw-
  20000380    20000380    0000ec2c   00000000    rw- .bss
  2000efac    2000efac    00000984   00000000    rw- .data
  2000f930    2000f930    00000800   00000000    rw- .stack


SECTION ALLOCATION MAP

 output                                  attributes/
section   page    origin      length       input sections
--------  ----  ----------  ----------   ----------------
.text      0    00000040    000139da     
                  00000040    00000c68     stk.aem4f : tcpin.oem4f (.text:TcpInput)
                  00000ca8    000008b8               : tcpout.oem4f (.text:TcpOutput)
                  00001560    00000430     sysbios.aem4f : BIOS.obj (.text:ti_sysbios_family_arm_m3_Hwi_excDumpRegs__I)
                  00001990    00000408     stk.aem4f : ipout.oem4f (.text:IPTxPacket)
                  00001d98    00000384               : ipin.oem4f (.text:IPRxPacket)
                  0000211c    00000372     nettool_ipv4.aem4f : dnscomn.oem4f (.text:DNSResolveByName)
                  0000248e    00000002     hal_userled_stub.aem4f : llled.oem4f (.text:LED_TOGGLE)
                  00002490    0000034c     ti.targets.arm.rtsarm.aem4f : System.oem4f (.text:xdc_runtime_System_doPrint__I)
                  000027dc    00000340     httpget.obj (.text:httpTask)
                  00002b1c    000002fe     nettool_ipv4.aem4f : dnscomn.oem4f (.text:DNSResolveByAddr)
                  00002e1a    00000002     stk.aem4f : nat.oem4f (.text:NatMsg)
                  00002e1c    000002f8     nettool_ipv4.aem4f : inetaddr.oem4f (.text:getaddrinfo)
                  00003114    000002da                        : dnscomn.oem4f (.text:DNSResolveByNS)
                  000033ee    00000002     os.aem4f : task.oem4f (.text:_TaskInit)
                  000033f0    00000284     stk.aem4f : sock.oem4f (.text:SockSet)
                  00003674    0000024c               : ipfrag.oem4f (.text:IPReasm)
                  000038c0    0000023c               : icmpin.oem4f (.text:ICMPInput)
                  00003afc    00000238               : udp.oem4f (.text:UdpInput)
                  00003d34    00000204     Boot.aem4f : Boot_sysctl.oem4f (.text:ti_catalog_arm_cortexm4_tiva_ce_Boot_sysCtlClockFreqSetI__I)
                  00003f38    000001fc     sysbios.aem4f : BIOS.obj (.text:ti_sysbios_family_arm_m3_Hwi_excHandlerMax__I)
                  00004134    000001f4     stk.aem4f : sock.oem4f (.text:SockRecv)
                  00004328    000001b8     drivers_tivaware.aem4f : EMACSnow.oem4f (.text:EMACSnow_NIMUInit)
                  000044e0    000001b0     stk.aem4f : lliout.oem4f (.text:LLITxIpPacket)
                  00004690    000001ac               : lliin.oem4f (.text:LLIRxPacket)
                  0000483c    0000019c     os.aem4f : mem.oem4f (.text:mmAlloc)
                  000049d8    0000019a     nettool_ipv4.aem4f : dnsclnt.oem4f (.text:DNSResolve)
                  00004b72    00000002     os.aem4f : task.oem4f (.text:_TaskShutdown)
                  00004b74    00000198     stk.aem4f : igmp.oem4f (.text:IGMPInput)
                  00004d0c    00000198     nettool_ipv4.aem4f : ipaddr.oem4f (.text:NtGetPublicHost)
                  00004ea4    00000190     stk.aem4f : sock.oem4f (.text:SockNew)
                  00005034    00000174     netctrl_min_ipv4.aem4f : netctrl.oem4f (.text:NC_NetStart)
                  000051a8    00000174     sysbios.aem4f : BIOS.obj (.text:ti_sysbios_family_arm_m3_Hwi_excBusFault__I)
                  0000531c    00000170     stk.aem4f : rtc.oem4f (.text:RTCReport)
                  0000548c    0000016c     nettool_ipv4.aem4f : dnscomn.oem4f (.text:DNSResolveExternal)
                  000055f8    0000016a     stk.aem4f : sb.oem4f (.text:SBRead)
                  00005762    00000006     driverlib.lib : emac.obj (.text:EMACRxDMADescriptorListSet)
                  00005768    00000164     sysbios.aem4f : BIOS.obj (.text:ti_sysbios_family_arm_m3_Hwi_excUsageFault__I)
                  000058cc    00000160     stk.aem4f : sock.oem4f (.text:SockConnect)
                  00005a2c    00000158     nettool_ipv4.aem4f : dhcpmain.oem4f (.text:DHCPOpen)
                  00005b84    00000150     drivers_tivaware.aem4f : GPIOTiva.oem4f (.text:GPIO_setConfig)
                  00005cd4    00000004     stk.aem4f : bind.oem4f (.text:BindGetIF)
                  00005cd8    00000150     sysbios.aem4f : BIOS.obj (.text:ti_sysbios_knl_Task_Instance_finalize__E)
                  00005e28    00000148                   : BIOS.obj (.text:ti_sysbios_family_arm_m3_Hwi_excMemFault__I)
                  00005f70    00000144     stk.aem4f : bind.oem4f (.text:BindNew)
                  000060b4    00000140               : tcp.oem4f (.text:TcpTimeoutCheck)
                  000061f4    0000013c     nettool_ipv4.aem4f : config.oem4f (.text:CfgAddEntry)
                  00006330    0000013c     stk.aem4f : sockint.oem4f (.text:SockNotify)
                  0000646c    0000013c               : sock.oem4f (.text:SockSend)
                  000065a8    00000138     sysbios.aem4f : BIOS.obj (.text:ti_sysbios_knl_Semaphore_pend__E)
                  000066e0    00000136     nettool_ipv4.aem4f : dnspkt.oem4f (.text:DNSGetReply)
                  00006816    00000002     hal_ser_stub.aem4f : llserstb.oem4f (.text:_llSerialServiceCheck)
                  00006818    00000134     stk.aem4f : icmp.oem4f (.text:ICMPGenPacket)
                  0000694c    00000132     nettool_ipv4.aem4f : dnspkt.oem4f (.text:DNSReadRecord)
                  00006a7e    00000130     driverlib.lib : gpio.obj (.text:GPIOPadConfigSet)
                  00006bae    00000002     hal_ser_stub.aem4f : llserstb.oem4f (.text:_llSerialShutdown)
                  00006bb0    0000012c     EK_TM4C1294XL.obj (.text:EK_TM4C1294XL_initEMAC)
                  00006cdc    00000128     http_ndk.aem4f : httpcli.oem4f (.text:contentHandler)
                  00006e04    00000124     stk.aem4f : sockpcb.oem4f (.text:SockPcbResolve)
                  00006f28    00000124               : udp.oem4f (.text:UdpOutput)
                  0000704c    00000120     httpget_pem4f.oem4f (.text:ti_ndk_config_Global_stackThread)
                  0000716c    00000118     http_ndk.aem4f : httpcli.oem4f (.text:HTTPCli_connect)
                  00007284    00000118     stk.aem4f : tcpout.oem4f (.text:TcpGenPacket)
                  0000739c    00000118     ti.targets.arm.rtsarm.aem4f : Error.oem4f (.text:xdc_runtime_Error_policyDefault__E)
                  000074b4    00000114     stk.aem4f : nimu.oem4f (.text:NIMUIoctl)
                  000075c8    00000110               : node.oem4f (.text:NodeTreeFree)
                  000076d8    00000110               : raw.oem4f (.text:RawInput)
                  000077e8    00000110     rtsv7M4_T_le_v4SPD16_eabi.lib : strtoul.c.obj (.text:strtoul)
                  000078f8    0000010c     stk.aem4f : rtable.oem4f (.text:RtFind)
                  00007a04    0000010a               : route.oem4f (.text:RtCreate)
                  00007b0e    00000002     hal_userled_stub.aem4f : llled.oem4f (.text:_llUserLedInit)
                  00007b10    00000108     drivers_tivaware.aem4f : EMACSnow.oem4f (.text:EMACSnow_emacStart)
                  00007c18    00000108     sysbios.aem4f : BIOS.obj (.text:ti_sysbios_family_arm_lm4_Timer_start__E)
                  00007d20    00000106     http_ndk.aem4f : httpcli.oem4f (.text:HTTPCli_getResponseField)
                  00007e26    00000002     hal_userled_stub.aem4f : llled.oem4f (.text:_llUserLedShutdown)
                  00007e28    00000104     os.aem4f : task.oem4f (.text:llEnter)
                  00007f2c    00000102     nettool_ipv4.aem4f : dhcppkt.oem4f (.text:dhcpPacketProcess)
                  0000802e    00000102                        : inetaddr.oem4f (.text:inet_aton)
                  00008130    00000100     stk.aem4f : igmp.oem4f (.text:IGMPSendReply)
                  00008230    00000100     ti.targets.arm.rtsarm.aem4f : Core-mem.oem4f (.text:xdc_runtime_Core_createObject__I)
                  00008330    000000fc     netctrl_min_ipv4.aem4f : netctrl.oem4f (.text:NetScheduler)
                  0000842c    000000f8     stk.aem4f : pipe.oem4f (.text:PipeRecv)
                  00008524    000000f8     ti.targets.arm.rtsarm.aem4f : Startup.oem4f (.text:xdc_runtime_Startup_startMods__I)
                  0000861c    000000f8     httpget_pem4f.oem4f (.text:xdc_runtime_System_printfExtend__I)
                  00008714    000000f4     os.aem4f : task.oem4f (.text:TaskGetEnv)
                  00008808    000000f4     sysbios.aem4f : m3_Hwi_asm.obj (.text:ti_sysbios_family_arm_m3_Hwi_dispatch__I)
                  000088fc    00000004     stk.aem4f : bind.oem4f (.text:BindGetNext)
                  00008900    000000f4     sysbios.aem4f : BIOS.obj (.text:ti_sysbios_knl_Task_Instance_init__E)
                  000089f4    000000f2     http_ndk.aem4f : httpcli.oem4f (.text:bufferedRecv)
                  00008ae6    00000002     rtsv7M4_T_le_v4SPD16_eabi.lib : _lock.c.obj (.text:_nop)
                  00008ae8    000000f0     stk.aem4f : lliout.oem4f (.text:LLIGenArpPacket)
                  00008bd8    000000f0               : sock.oem4f (.text:SockClose)
                  00008cc8    000000ee     nettool_ipv4.aem4f : dnspkt.oem4f (.text:DNSWriteRecord)
                  00008db6    00000002     hal_ser_stub.aem4f : llserstb.oem4f (.text:llSerialService)
                  00008db8    000000ec     http_ndk.aem4f : httpcli.oem4f (.text:redirect)
                  00008ea4    00000004                    : httpcli.oem4f (.text:HTTPCli_construct)
                  00008ea8    000000ec     sysbios.aem4f : BIOS.obj (.text:ti_sysbios_knl_Task_postInit__I)
                  00008f94    000000e8     os.aem4f : task.oem4f (.text:TaskSetEnv)
                  0000907c    000000e6     nettool_ipv4.aem4f : dnspkt.oem4f (.text:DNSWriteName)
                  00009162    00000002     rtsv7M4_T_le_v4SPD16_eabi.lib : div0.asm.obj (.text)
                  00009164    000000e6     http_ndk.aem4f : httpcli.oem4f (.text:HTTPCli_initSockAddr)
                  0000924a    00000002     httpget_pem4f.oem4f (.text:ti_ndk_config_Global_NetworkClose)
                  0000924c    000000e0     stk.aem4f : tcptime.oem4f (.text:TcpTimeoutRexmt)
                  0000932c    000000dc               : sb.oem4f (.text:SBWrite)
                  00009408    000000dc     nettool_ipv4.aem4f : dhcpsock.oem4f (.text:dhcpSocketOpen)
                  000094e4    000000dc                        : dhcpsm.oem4f (.text:dhcpState)
                  000095c0    000000d8     stk.aem4f : node.oem4f (.text:NodeAdd)
                  00009698    000000d8               : tcpprot.oem4f (.text:TcpPrSetOption)
                  00009770    000000d4     drivers_tivaware.aem4f : EMACSnow.oem4f (.text:EMACSnow_handleRx)
                  00009844    000000d4     stk.aem4f : sockpcb.oem4f (.text:SockPcbBind)
                  00009918    000000d4     sysbios.aem4f : BIOS.obj (.text:ti_sysbios_heaps_HeapMem_alloc__E)
                  000099ec    000000d1     stk.aem4f : nimu.oem4f (.text:NIMUReceivePacket)
                  00009abd    00000001     --HOLE-- [fill = 0]
                  00009abe    00000002     httpget_pem4f.oem4f (.text:ti_ndk_config_Global_NetworkOpen)
                  00009ac0    000000cc     stk.aem4f : icmp.oem4f (.text:ICMPSendRtAdv)
                  00009b8c    000000cc     nettool_ipv4.aem4f : dhcpbild.oem4f (.text:dhcpBuildHeader)
                  00009c58    000000cc                        : dhcpsm.oem4f (.text:dhcpIPAdd)
                  00009d24    000000cc                        : dhcppkt.oem4f (.text:dhcpVerifyMessage)
                  00009df0    000000cc     ti.targets.arm.rtsarm.aem4f : Core-smem.oem4f (.text:xdc_runtime_Core_constructObject__I)
                  00009ebc    000000c8     stk.aem4f : rawethsock.oem4f (.text:RawEthSockNew)
                  00009f84    000000c8     netctrl_min_ipv4.aem4f : netsrv.oem4f (.text:SPIpNet)
                  0000a04c    00000004     os.aem4f : ossys.oem4f (.text:NDK_vsprintf)
                  0000a050    000000c8     sysbios.aem4f : BIOS.obj (.text:ti_sysbios_knl_Task_sleep__E)
                  0000a118    000000c4     drivers_tivaware.aem4f : EMACSnow.oem4f (.text:EMACSnow_InitDMADescriptors)
                  0000a1dc    000000c4     stk.aem4f : igmp.oem4f (.text:IGMPJoinHostGroup)
                  0000a2a0    000000c4     nettool_ipv4.aem4f : dhcpsm.oem4f (.text:StateBound)
                  0000a364    000000c4     http_ndk.aem4f : httpcli.oem4f (.text:getChunkedData)
                  0000a428    000000c2     nettool_ipv4.aem4f : dnspkt.oem4f (.text:DNSReadName)
                  0000a4ea    00000002     httpget_pem4f.oem4f (.text:ti_sysbios_BIOS_nullFunc__I)
                  0000a4ec    000000be     nettool_ipv4.aem4f : dnsclnt.oem4f (.text:DNSGetHostByName)
                  0000a5aa    000000bc     stk.aem4f : sockpcb.oem4f (.text:SockPcbFind)
                  0000a666    00000002     httpget_pem4f.oem4f (.text:xdc_runtime_Startup_reset__I)
                  0000a668    000000bc     stk.aem4f : vlan.oem4f (.text:VLANDeinit)
                  0000a724    00000004               : node.oem4f (.text:NodeSetRt)
                  0000a728    000000bc     sysbios.aem4f : BIOS.obj (.text:ti_sysbios_family_arm_m3_Hwi_excDebugMon__I)
                  0000a7e4    00000004     stk.aem4f : rawethsock_prot.oem4f (.text:RawEthSockPrAttach)
                  0000a7e8    000000bc     sysbios.aem4f : BIOS.obj (.text:ti_sysbios_family_arm_m3_Hwi_excHardFault__I)
                  0000a8a4    000000b8     EK_TM4C1294XL.obj (.text:EK_TM4C1294XL_initGeneral)
                  0000a95c    000000b8     stk.aem4f : icmpin.oem4f (.text:ICMPRevSrcRoute)
                  0000aa14    000000b8               : lli.oem4f (.text:_LLITimeoutCheck)
                  0000aacc    00000004               : rawethsock_prot.oem4f (.text:RawEthSockPrDetach)
                  0000aad0    000000b8     sysbios.aem4f : BIOS.obj (.text:ti_sysbios_knl_Task_exit__E)
                  0000ab88    000000b4     stk.aem4f : tcptime.oem4f (.text:TcpTimeoutKeep)
                  0000ac3c    000000b4     http_ndk.aem4f : httpcli.oem4f (.text:getStatus)
                  0000acf0    000000b4     sysbios.aem4f : BIOS.obj (.text:ti_sysbios_knl_Task_checkStacks__E)
                  0000ada4    000000b1     nettool_ipv4.aem4f : inetaddr.oem4f (.text:createAddrInfo)
                  0000ae55    00000001     --HOLE-- [fill = 0]
                  0000ae56    000000b0     stk.aem4f : rawethsock.oem4f (.text:RawEthSockSet)
                  0000af06    00000002     --HOLE-- [fill = 0]
                  0000af08    000000ac               : rtable.oem4f (.text:RtTimeoutCheck)
                  0000afb4    000000ac     http_ndk.aem4f : httpcli.oem4f (.text:httpProxyTunnel)
                  0000b060    000000ac     sysbios.aem4f : BIOS.obj (.text:ti_sysbios_family_arm_lm4_Timer_enableTiva__I)
                  0000b10c    000000aa     network_ndk.aem4f : ssock.oem4f (.text:Ssock_send)
                  0000b1b6    00000002     --HOLE-- [fill = 0]
                  0000b1b8    000000a8     stk.aem4f : sockint.oem4f (.text:SockCreatePacket)
                  0000b260    000000a4     sysbios.aem4f : BIOS.obj (.text:ti_sysbios_knl_Task_setPri__E)
                  0000b304    000000a0     stk.aem4f : ip.oem4f (.text:IPGetRoute)
                  0000b3a4    000000a0     auto_init.aem4f : auto_init.oem4f (.text)
                  0000b444    000000a0     ti.targets.arm.rtsarm.aem4f : Text.oem4f (.text:xdc_runtime_Text_putMod__E)
                  0000b4e4    0000009e     stk.aem4f : nimu.oem4f (.text:NIMUAddEthernetHeader)
                  0000b582    0000009e     nettool_ipv4.aem4f : dhcpbild.oem4f (.text:dhcpBuildRequest)
                  0000b620    0000009e     httpget.obj (.text:main)
                  0000b6be    00000002     --HOLE-- [fill = 0]
                  0000b6c0    0000009c     stk.aem4f : exec.oem4f (.text:ExecOpen)
                  0000b75c    0000009c     rtsv7M4_T_le_v4SPD16_eabi.lib : memcpy_t2.asm.obj (.text)
                  0000b7f8    0000009a     ti.targets.arm.rtsarm.aem4f : Text.oem4f (.text:xdc_runtime_Text_putSite__E)
                  0000b892    00000002     --HOLE-- [fill = 0]
                  0000b894    00000098     netctrl_min_ipv4.aem4f : netctrl.oem4f (.text:NC_SystemOpen)
                  0000b92c    00000098                            : netsrv.oem4f (.text:ServiceScan)
                  0000b9c4    00000098     Boot.aem4f : Boot.oem4f (.text:ti_catalog_arm_cortexm4_tiva_ce_Boot_sysCtlClockFreqSet__E)
                  0000ba5c    00000004     os.aem4f : semaphore.oem4f (.text:SemPend)
                  0000ba60    00000098     sysbios.aem4f : BIOS.obj (.text:ti_sysbios_knl_Task_schedule__I)
                  0000baf8    00000094     nettool_ipv4.aem4f : config.oem4f (.text:CfgRemoveEntry)
                  0000bb8c    00000004     os.aem4f : semaphore.oem4f (.text:SemPost)
                  0000bb90    00000094     sysbios.aem4f : BIOS.obj (.text:ti_sysbios_family_arm_m3_Hwi_Instance_init__E)
                  0000bc24    00000004     os.aem4f : semaphore.oem4f (.text:SemReset)
                  0000bc28    00000094     sysbios.aem4f : BIOS.obj (.text:ti_sysbios_family_arm_m3_Hwi_initNVIC__E)
                  0000bcbc    00000090     nettool_ipv4.aem4f : config.oem4f (.text:CfgExecute)
                  0000bd4c    00000090     stk.aem4f : igmp.oem4f (.text:IGMPMsg)
                  0000bddc    00000090     os.aem4f : mem.oem4f (.text:mmBulkAlloc)
                  0000be6c    00000090     http_ndk.aem4f : httpcli.oem4f (.text:readLine)
                  0000befc    00000004     network_ndk.aem4f : ssock.oem4f (.text:Ssock_getSocket)
                  0000bf00    00000090     sysbios.aem4f : BIOS.obj (.text:ti_sysbios_knl_Task_Module_startup__E)
                  0000bf90    00000090                   : BIOS.obj (.text:ti_sysbios_knl_Task_startCore__E)
                  0000c020    0000008c     nettool_ipv4.aem4f : dnscomn.oem4f (.text:DNSResolveQuery)
                  0000c0ac    0000008c     drivers_tivaware.aem4f : GPIOTiva.oem4f (.text:GPIO_init)
                  0000c138    0000008c     stk.aem4f : ip.oem4f (.text:IPMsg)
                  0000c1c4    0000008c     os.aem4f : mem.oem4f (.text:_mmInit)
                  0000c250    0000008c              : mem.oem4f (.text:mmInitPage)
                  0000c2dc    0000008c     sysbios.aem4f : m3_TaskSupport_asm.obj (.text:ti_sysbios_family_arm_m3_TaskSupport_buildTaskStack)
                  0000c368    0000008a     netctrl_min_ipv4.aem4f : netsrv.oem4f (.text:SPRoute)
                  0000c3f2    00000002     --HOLE-- [fill = 0]
                  0000c3f4    00000088                            : netsrv.oem4f (.text:ServiceSpawn)
                  0000c47c    00000088     stk.aem4f : sockpcb.oem4f (.text:SockPcbCtlError)
                  0000c504    00000087     httpget_pem4f.oem4f (.text:ti_ndk_config_Global_NetworkIPAddr)
                  0000c58b    00000001     --HOLE-- [fill = 0]
                  0000c58c    00000086     nettool_ipv4.aem4f : dhcpsm.oem4f (.text:StateRequesting)
                  0000c612    00000002     --HOLE-- [fill = 0]
                  0000c614    00000084                        : config.oem4f (.text:CfgGetEntry)
                  0000c698    00000084     drivers_tivaware.aem4f : EMACSnow.oem4f (.text:EMACSnow_processPhyInterrupt)
                  0000c71c    00000084     stk.aem4f : tcpprot.oem4f (.text:TcpPrAttach)
                  0000c7a0    00000084     os.aem4f : mem.oem4f (.text:mmBulkFree)
                  0000c824    00000084              : mem.oem4f (.text:mmFree)
                  0000c8a8    00000084     httpget.obj (.text:netIPAddrHook)
                  0000c92c    00000004     os.aem4f : task.oem4f (.text:TaskSelf)
                  0000c930    00000084     sysbios.aem4f : BIOS.obj (.text:ti_sysbios_family_arm_m3_Hwi_postInit__I)
                  0000c9b4    00000082     nettool_ipv4.aem4f : dhcpsm.oem4f (.text:StateRenewRebind)
                  0000ca36    00000002     --HOLE-- [fill = 0]
                  0000ca38    00000080     drivers_tivaware.aem4f : EMACSnow.oem4f (.text:EMACSnow_emacStop)
                  0000cab8    00000080                            : EMACSnow.oem4f (.text:EMACSnow_processPendingTx)
                  0000cb38    00000080     stk.aem4f : lli.oem4f (.text:LLINew)
                  0000cbb8    00000080     netctrl_min_ipv4.aem4f : netsrv.oem4f (.text:NS_BootTask)
                  0000cc38    00000080     stk.aem4f : pbm.oem4f (.text:PBM_alloc)
                  0000ccb8    00000080               : raw.oem4f (.text:RawOutput)
                  0000cd38    0000007e               : fileuser.oem4f (.text:fdClose)
                  0000cdb6    00000002     --HOLE-- [fill = 0]
                  0000cdb8    0000007c     nettool_ipv4.aem4f : config.oem4f (.text:CfgGetNextEntry)
                  0000ce34    0000007c     drivers_tivaware.aem4f : EMACSnow.oem4f (.text:EMACSnow_hwiIntFxn)
                  0000ceb0    0000007c     stk.aem4f : igmp.oem4f (.text:IGMPDoMCast)
                  0000cf2c    0000007c               : igmp.oem4f (.text:IGMPJoin)
                  0000cfa8    0000007c               : socket.oem4f (.text:NDK_setsockopt)
                  0000d024    0000007c               : nimu.oem4f (.text:NIMURegister)
                  0000d0a0    0000007c               : pbm.oem4f (.text:PBM_free)
                  0000d11c    0000007c     nettool_ipv4.aem4f : inetaddr.oem4f (.text:inet_pton)
                  0000d198    0000007c     sysbios.aem4f : BIOS.obj (.text:ti_sysbios_heaps_HeapMem_free__E)
                  0000d214    0000007a     rtsv7M4_T_le_v4SPD16_eabi.lib : memset_t2.asm.obj (.text)
                  0000d28e    00000002     --HOLE-- [fill = 0]
                  0000d290    00000078     driverlib.lib : emac.obj (.text:EMACInit)
                  0000d308    00000078     stk.aem4f : socket.oem4f (.text:NDK_sendto)
                  0000d380    00000078               : tcptime.oem4f (.text:TcpXmitTimer)
                  0000d3f8    00000078               : fileuser.oem4f (.text:fdOpenSession)
                  0000d470    00000078     os.aem4f : task.oem4f (.text:llExit)
                  0000d4e8    00000076     stk.aem4f : pipe.oem4f (.text:PipeSend)
                  0000d55e    00000002     --HOLE-- [fill = 0]
                  0000d560    00000075               : tcptime.oem4f (.text:TcpTimeoutSackRexmt)
                  0000d5d5    00000003     --HOLE-- [fill = 0]
                  0000d5d8    00000074               : igmp.oem4f (.text:IGMPLeaveHostGroup)
                  0000d64c    00000074               : nimu.oem4f (.text:NIMUShutdown)
                  0000d6c0    00000074               : raweth.oem4f (.text:RawEthRxPacket)
                  0000d734    00000074               : sockpcb.oem4f (.text:SockPcbConnect)
                  0000d7a8    00000074     nettool_ipv4.aem4f : inetaddr.oem4f (.text:setAddrInfo)
                  0000d81c    00000072     os.aem4f : semaphore.oem4f (.text:SemCreateBinary)
                  0000d88e    00000002     --HOLE-- [fill = 0]
                  0000d890    00000070     http_ndk.aem4f : httpcli.oem4f (.text:HTTPCli_sendRequest)
                  0000d900    00000070     stk.aem4f : socket.oem4f (.text:NDK_send)
                  0000d970    00000070               : rtable.oem4f (.text:RtFlush)
                  0000d9e0    00000070     netctrl_min_ipv4.aem4f : netsrv.oem4f (.text:SPConfig)
                  0000da50    00000070     stk.aem4f : sock.oem4f (.text:SockShutdown)
                  0000dac0    00000070     nettool_ipv4.aem4f : dhcptags.oem4f (.text:dhcpDecodeType)
                  0000db30    00000070     sysbios.aem4f : BIOS.obj (.text:ti_sysbios_knl_Clock_workFunc__E)
                  0000dba0    0000006e     stk.aem4f : socket.oem4f (.text:NDK_recv)
                  0000dc0e    00000002     --HOLE-- [fill = 0]
                  0000dc10    0000006e               : rtable.oem4f (.text:RtWalkNext)
                  0000dc7e    0000006e               : sockpcb.oem4f (.text:SockPcbFindRaw)
                  0000dcec    0000006d               : node.oem4f (.text:NodeNew)
                  0000dd59    00000003     --HOLE-- [fill = 0]
                  0000dd5c    0000006d     ti.targets.arm.rtsarm.aem4f : System.oem4f (.text:xdc_runtime_System_formatNum__I)
                  0000ddc9    00000003     --HOLE-- [fill = 0]
                  0000ddcc    0000006c     os.aem4f : ossys.oem4f (.text:DbgPrintf)
                  0000de38    0000006c     stk.aem4f : node.oem4f (.text:NodeTreeNew)
                  0000dea4    0000006c               : raweth.oem4f (.text:RawEthTxPacket)
                  0000df10    0000006c               : udp.oem4f (.text:UdpChecksum)
                  0000df7c    0000006c     http_ndk.aem4f : httpcli.oem4f (.text:checkContentField)
                  0000dfe8    0000006c     httpget_pem4f.oem4f (.text:ti_ndk_config_ip_init)
                  0000e054    00000004     os.aem4f : task.oem4f (.text:TaskSetPri)
                  0000e058    0000006c     sysbios.aem4f : BIOS.obj (.text:ti_sysbios_knl_Swi_restoreHwi__E)
                  0000e0c4    0000006c     ti.targets.arm.rtsarm.aem4f : Error.oem4f (.text:xdc_runtime_Error_print__E)
                  0000e130    0000006c                                 : Memory.oem4f (.text:xdc_runtime_Memory_alloc__E)
                  0000e19c    0000006a     stk.aem4f : tcpprot.oem4f (.text:TcpPrInherit)
                  0000e206    00000068               : socket.oem4f (.text:NDK_socket)
                  0000e26e    00000002     --HOLE-- [fill = 0]
                  0000e270    00000068               : pbm.oem4f (.text:PBM_open)
                  0000e2d8    00000068               : rtable.oem4f (.text:_RtNodeInsert)
                  0000e340    00000068     rtsv7M4_T_le_v4SPD16_eabi.lib : copy_decompress_lzss.c.obj (.text:decompress:lzss:__TI_decompress_lzss)
                  0000e3a8    00000066     ti.targets.arm.rtsarm.aem4f : Core-mem.oem4f (.text:xdc_runtime_Core_deleteObject__I)
                  0000e40e    00000002     --HOLE-- [fill = 0]
                  0000e410    00000064     nettool_ipv4.aem4f : config.oem4f (.text:CfgFree)
                  0000e474    00000064     drivers_tivaware.aem4f : GPIOTiva.oem4f (.text:GPIO_hwiIntFxn)
                  0000e4d8    00000064     stk.aem4f : pbm.oem4f (.text:PBMQ_enq)
                  0000e53c    00000064               : sockint.oem4f (.text:SockSpawnAbort)
                  0000e5a0    00000064     hal_timer_bios.aem4f : lltimer.oem4f (.text:llTimerTick)
                  0000e604    00000004     hal_ser_stub.aem4f : llserstb.oem4f (.text:_llSerialInit)
                  0000e608    00000064     sysbios.aem4f : BIOS.obj (.text:ti_sysbios_family_arm_lm4_Timer_Module_startup__E)
                  0000e66c    00000064     httpget_pem4f.oem4f (.text:ti_sysbios_family_arm_m3_Hwi_create)
                  0000e6d0    00000064     sysbios.aem4f : BIOS.obj (.text:ti_sysbios_family_arm_m3_Hwi_dispatchC__I)
                  0000e734    00000004     rtsv7M4_T_le_v4SPD16_eabi.lib : exit.c.obj (.text:abort:abort)
                  0000e738    00000064     sysbios.aem4f : BIOS.obj (.text:ti_sysbios_knl_Semaphore_post__E)
                  0000e79c    00000064     stk.aem4f : lliin.oem4f (.text:updateRtTable)
                  0000e800    00000062               : ipin.oem4f (.text:IPRouteIP)
                  0000e862    00000002     --HOLE-- [fill = 0]
                  0000e864    00000062               : sb.oem4f (.text:SBNew)
                  0000e8c6    00000002     --HOLE-- [fill = 0]
                  0000e8c8    00000060     nettool_ipv4.aem4f : config.oem4f (.text:CfgGetEntryCnt)
                  0000e928    00000060     stk.aem4f : file.oem4f (.text:FdWaitEvent)
                  0000e988    00000060               : nimu.oem4f (.text:NIMUUnregister)
                  0000e9e8    00000060               : node.oem4f (.text:NodeFind)
                  0000ea48    00000060               : rtc.oem4f (.text:RTCMsg)
                  0000eaa8    00000060               : tcp.oem4f (.text:TcpChecksum)
                  0000eb08    00000060     nettool_ipv4.aem4f : dhcptags.oem4f (.text:dhcpBuildOptions)
                  0000eb68    00000060     httpget_pem4f.oem4f (.text:ti_ndk_config_Global_serviceReport)
                  0000ebc8    0000005e     stk.aem4f : route.oem4f (.text:RtRemove)
                  0000ec26    0000005e     nettool_ipv4.aem4f : dhcpsm.oem4f (.text:StateSelecting)
                  0000ec84    0000005e     stk.aem4f : vlan.oem4f (.text:VLANReceivePacket)
                  0000ece2    00000002     --HOLE-- [fill = 0]
                  0000ece4    0000005c     nettool_ipv4.aem4f : config.oem4f (.text:CfgSetExecuteOrder)
                  0000ed40    0000005c     stk.aem4f : nimu.oem4f (.text:NIMUIoctlSpecialCmd)
                  0000ed9c    0000005c     netctrl_min_ipv4.aem4f : netsrv.oem4f (.text:SPService)
                  0000edf8    0000005c     httpget_pem4f.oem4f (.text:ti_sysbios_knl_Swi_create)
                  0000ee54    00000004     stk.aem4f : listlib.oem4f (.text:list_get_head)
                  0000ee58    0000005c     sysbios.aem4f : BIOS.obj (.text:ti_sysbios_knl_Swi_run__I)
                  0000eeb4    00000004     stk.aem4f : listlib.oem4f (.text:list_get_next)
                  0000eeb8    0000005c     sysbios.aem4f : BIOS.obj (.text:ti_sysbios_knl_Swi_schedule__I)
                  0000ef14    0000005c     httpget_pem4f.oem4f (.text:ti_sysbios_knl_Task_create)
                  0000ef70    0000005c     sysbios.aem4f : BIOS.obj (.text:ti_sysbios_knl_Task_unblockI__E)
                  0000efcc    0000005b     ti.targets.arm.rtsarm.aem4f : Text.oem4f (.text:xdc_runtime_Text_putLab__E)
                  0000f027    00000001     --HOLE-- [fill = 0]
                  0000f028    0000005a     stk.aem4f : route.oem4f (.text:RtRedirect)
                  0000f082    0000005a               : tcpprot.oem4f (.text:TcpValidateMetrics)
                  0000f0dc    0000005a     nettool_ipv4.aem4f : dhcpbild.oem4f (.text:dhcpBuildDecline)
                  0000f136    0000005a     os.aem4f : mem.oem4f (.text:mmCopy)
                  0000f190    0000005a     httpget_pem4f.oem4f (.text:ti_ndk_config_tcp_init)
                  0000f1ea    00000002     --HOLE-- [fill = 0]
                  0000f1ec    00000058     stk.aem4f : bind.oem4f (.text:BindFree)
                  0000f244    00000058     boot.aem4f : boot.oem4f (.text)
                  0000f29c    00000058     driverlib.lib : emac.obj (.text:EMACPHYConfigSet)
                  0000f2f4    00000058     rtsv7M4_T_le_v4SPD16_eabi.lib : hostwrite.c.obj (.text:HOSTwrite)
                  0000f34c    00000058     stk.aem4f : igmp.oem4f (.text:IGMPTimer)
                  0000f3a4    00000058     os.aem4f : semaphore.oem4f (.text:SemCreate)
                  0000f3fc    00000058     sysbios.aem4f : m3_Hwi_asm_switch.obj (.text:ti_sysbios_family_arm_m3_Hwi_initStacks__E)
                  0000f454    00000056     driverlib.lib : gpio.obj (.text:GPIOIntTypeSet)
                  0000f4aa    00000056     http_ndk.aem4f : httpcli.oem4f (.text:sprsend)
                  0000f500    00000054     nettool_ipv4.aem4f : config.oem4f (.text:CfgEntryDeRef)
                  0000f554    00000054     http_ndk.aem4f : httpcli.oem4f (.text:HTTPCli_sendField)
                  0000f5a8    00000054     stk.aem4f : igmp.oem4f (.text:IGMPLeave)
                  0000f5fc    00000054               : rawethsock_pcb.oem4f (.text:RawEthSockPcbAttach)
                  0000f650    00000054               : sockpcb.oem4f (.text:SockCleanPcb)
                  0000f6a4    00000054               : tcptime.oem4f (.text:TcpTimeoutPersist)
                  0000f6f8    00000054     http_ndk.aem4f : httpcli.oem4f (.text:asyncThread)
                  0000f74c    00000004                    : httpcli.oem4f (.text:threadExit)
                  0000f750    00000054     sysbios.aem4f : BIOS.obj (.text:ti_sysbios_family_arm_lm4_Timer_initDevice__I)
                  0000f7a4    00000004     httpget_pem4f.oem4f (.text:ti_sysbios_BIOS_RtsGateProxy_enter__E)
                  0000f7a8    00000054     sysbios.aem4f : BIOS.obj (.text:ti_sysbios_knl_Swi_Instance_init__E)
                  0000f7fc    00000054     ti.targets.arm.rtsarm.aem4f : Assert.oem4f (.text:xdc_runtime_Assert_raise__I)
                  0000f850    00000052     nettool_ipv4.aem4f : dnscomn.oem4f (.text:DNSReplyFree)
                  0000f8a2    00000052     stk.aem4f : tcpprot.oem4f (.text:TcpPrDetach)
                  0000f8f4    00000050     drivers_tivaware.aem4f : GPIOTiva.oem4f (.text:GPIO_setCallback)
                  0000f944    00000050                            : GPIOTiva.oem4f (.text:GPIO_write)
                  0000f994    00000050     stk.aem4f : socket.oem4f (.text:NDK_bind)
                  0000f9e4    00000050               : socket.oem4f (.text:NDK_connect)
                  0000fa34    00000050               : route.oem4f (.text:RtNew)
                  0000fa84    00000050     driverlib.lib : sysctl.obj (.text:SysCtlPeripheralReset)
                  0000fad4    00000050     Boot.aem4f : Boot_sysctl.oem4f (.text:_SysCtlFrequencyGet)
                  0000fb24    00000004     httpget_pem4f.oem4f (.text:ti_sysbios_BIOS_RtsGateProxy_leave__E)
                  0000fb28    00000050     sysbios.aem4f : BIOS.obj (.text:ti_sysbios_family_arm_m3_Hwi_Module_startup__E)
                  0000fb78    00000050                   : BIOS.obj (.text:ti_sysbios_knl_Clock_Instance_init__E)
                  0000fbc8    00000050     ti.targets.arm.rtsarm.aem4f : Startup.oem4f (.text:xdc_runtime_Startup_exec__E)
                  0000fc18    00000050                                 : Text.oem4f (.text:xdc_runtime_Text_visitRope2__I)
                  0000fc68    0000004e     stk.aem4f : node.oem4f (.text:NodeDeRef)
                  0000fcb6    0000004e     nettool_ipv4.aem4f : config.oem4f (.text:_CfgEntryScan)
                  0000fd04    0000004c                        : ipaddr.oem4f (.text:NtAddNetwork)
                  0000fd50    0000004c     stk.aem4f : sockint.oem4f (.text:SockValidateRoute)
                  0000fd9c    0000004c     rtsv7M4_T_le_v4SPD16_eabi.lib : atoi.c.obj (.text:atoi)
                  0000fde8    0000004c                                   : cpy_tbl.c.obj (.text:copy_in)
                  0000fe34    00000004     sysbios.aem4f : BIOS.obj (.text:ti_sysbios_family_arm_lm4_Timer_masterEnable__I)
                  0000fe38    0000004c                   : BIOS.obj (.text:ti_sysbios_heaps_HeapMem_getStats__E)
                  0000fe84    00000004     httpget_pem4f.oem4f (.text:ti_sysbios_family_arm_m3_Hwi_delete)
                  0000fe88    0000004c     sysbios.aem4f : BIOS.obj (.text:ti_sysbios_knl_Swi_runLoop__I)
                  0000fed4    00000004     httpget_pem4f.oem4f (.text:ti_sysbios_family_arm_m3_TaskSupport_Module__startupDone__S)
                  0000fed8    0000004c     sysbios.aem4f : BIOS.obj (.text:ti_sysbios_knl_Task_allBlockedFunction__I)
                  0000ff24    0000004a     netctrl_min_ipv4.aem4f : netsrv.oem4f (.text:ServiceKill)
                  0000ff6e    0000004a     stk.aem4f : sock.oem4f (.text:SockDisconnect)
                  0000ffb8    0000004a               : timer.oem4f (.text:TimerNew)
                  00010002    00000048     nettool_ipv4.aem4f : config.oem4f (.text:CfgNew)
                  0001004a    00000002     --HOLE-- [fill = 0]
                  0001004c    00000048     driverlib.lib : gpio.obj (.text:GPIOPinConfigure)
                  00010094    00000048     stk.aem4f : lli.oem4f (.text:LLIMsg)
                  000100dc    00000048               : node.oem4f (.text:NodeWalk)
                  00010124    00000048               : rawethsock_pcb.oem4f (.text:RawEthSockPcbDetach)
                  0001016c    00000048               : sockpcb.oem4f (.text:SockPcbResolveChain)
                  000101b4    00000048               : tcpprot.oem4f (.text:TcpDrop)
                  000101fc    00000048               : lli.oem4f (.text:_LLIExpListInsert)
                  00010244    00000048               : rtable.oem4f (.text:_RtExpListInsert)
                  0001028c    00000048               : file.oem4f (.text:fdint_lockfd)
                  000102d4    00000004     httpget_pem4f.oem4f (.text:ti_sysbios_heaps_HeapMem_Module_GateProxy_enter__E)
                  000102d8    00000048     sysbios.aem4f : BIOS.obj (.text:ti_sysbios_family_arm_lm4_Timer_enableTimers__I)
                  00010320    00000048                   : BIOS.obj (.text:ti_sysbios_family_arm_m3_Hwi_disableInterrupt__E)
                  00010368    00000048                   : BIOS.obj (.text:ti_sysbios_family_arm_m3_Hwi_enableInterrupt__E)
                  000103b0    00000048                   : BIOS.obj (.text:ti_sysbios_family_arm_m3_Hwi_excReserved__I)
                  000103f8    00000048                   : BIOS.obj (.text:ti_sysbios_knl_Task_deleteTerminatedTasksFunc__I)
                  00010440    00000046     nettool_ipv4.aem4f : ipaddr.oem4f (.text:NtIfIdx2Ip)
                  00010486    00000046     stk.aem4f : rawethsock.oem4f (.text:RawEthSockSend)
                  000104cc    00000046               : tcpprot.oem4f (.text:TcpPrCtlError)
                  00010512    00000046     os.aem4f : mem.oem4f (.text:mmZeroInit)
                  00010558    00000046     ti.targets.arm.rtsarm.aem4f : Core-params.oem4f (.text:xdc_runtime_Core_assignParams__I)
                  0001059e    00000002     --HOLE-- [fill = 0]
                  000105a0    00000044     drivers_tivaware.aem4f : EMACSnow.oem4f (.text:EMACSnow_processTransmitted)
                  000105e4    00000044     stk.aem4f : icmp.oem4f (.text:ICMPChecksum)
                  00010628    00000044               : ipfrag.oem4f (.text:IPReasmFree)
                  0001066c    00000044               : lli.oem4f (.text:LLIGetValidTime)
                  000106b0    00000044               : rtable.oem4f (.text:RouteMsg)
                  000106f4    00000044               : rtable.oem4f (.text:RtWalkEnd)
                  00010738    00000044               : sockpcb.oem4f (.text:SockPcbDetach)
                  0001077c    00000044               : timer.oem4f (.text:TimerListInsert)
                  000107c0    00000044     hal_timer_bios.aem4f : lltimer.oem4f (.text:llTimerGetTime)
                  00010804    00000004     httpget_pem4f.oem4f (.text:ti_sysbios_heaps_HeapMem_Module_GateProxy_leave__E)
                  00010808    00000044     sysbios.aem4f : BIOS.obj (.text:ti_sysbios_family_arm_lm4_Timer_isrStub__E)
                  0001084c    00000004     httpget_pem4f.oem4f (.text:ti_sysbios_knl_Clock_TimerProxy_getMaxTicks__E)
                  00010850    00000044     sysbios.aem4f : BIOS.obj (.text:ti_sysbios_family_arm_m3_Hwi_getStackInfo__E)
                  00010894    00000004     httpget_pem4f.oem4f (.text:ti_sysbios_knl_Queue_destruct)
                  00010898    00000044     sysbios.aem4f : BIOS.obj (.text:ti_sysbios_knl_Swi_post__E)
                  000108dc    00000044     ti.targets.arm.rtsarm.aem4f : Error.oem4f (.text:xdc_runtime_Error_setX__E)
                  00010920    00000044                                 : SysMin.oem4f (.text:xdc_runtime_SysMin_flush__E)
                  00010964    00000044                                 : Text.oem4f (.text:xdc_runtime_Text_xprintf__I)
                  000109a8    00000042     stk.aem4f : tcpprot.oem4f (.text:TcpPrSendOOB)
                  000109ea    00000042               : fileuser.oem4f (.text:fdCloseSession)
                  00010a2c    00000040     nettool_ipv4.aem4f : dnspkt.oem4f (.text:DNSBuildRequest)
                  00010a6c    00000040     http_ndk.aem4f : httpcli.oem4f (.text:HTTPCli_readResponseBody)
                  00010aac    00000040     stk.aem4f : lliin.oem4f (.text:LLIValidateRoute)
                  00010aec    00000040               : pbm.oem4f (.text:PBM_copy)
                  00010b2c    00000040               : sockpcb.oem4f (.text:SockPcbRtChange)
                  00010b6c    00000040               : tcpprot.oem4f (.text:TcpPrSend)
                  00010bac    00000040     rtsv7M4_T_le_v4SPD16_eabi.lib : u_divt2.asm.obj (.text)
                  00010bec    00000040     http_ndk.aem4f : httpcli.oem4f (.text:threadCreate)
                  00010c2c    00000004     httpget_pem4f.oem4f (.text:ti_sysbios_knl_Semaphore_delete)
                  00010c30    00000040     sysbios.aem4f : BIOS.obj (.text:ti_sysbios_family_arm_lm4_Timer_startup__E)
                  00010c70    00000040                   : BIOS.obj (.text:ti_sysbios_heaps_HeapMem_Instance_init__E)
                  00010cb0    0000003e     nettool_ipv4.aem4f : dhcpmain.oem4f (.text:DHCPClose)
                  00010cee    00000002     --HOLE-- [fill = 0]
                  00010cf0    0000003e     stk.aem4f : nimu.oem4f (.text:NIMUAllocateName)
                  00010d2e    0000003e     os.aem4f : task.oem4f (.text:TaskCreate)
                  00010d6c    0000003e     stk.aem4f : tcpprot.oem4f (.text:TcpPrDisconnect)
                  00010daa    0000003e               : file.oem4f (.text:fdint_unlockfd)
                  00010de8    0000003c     nettool_ipv4.aem4f : config.oem4f (.text:CfgEntryGetData)
                  00010e24    0000003c     driverlib.lib : emac.obj (.text:EMACIntDisable)
                  00010e60    0000003c     stk.aem4f : node.oem4f (.text:NodeUpdatePL)
                  00010e9c    0000003c               : rtable.oem4f (.text:RtWalkBegin)
                  00010ed8    0000003c               : tcpprot.oem4f (.text:TcpPrConnect)
                  00010f14    0000003c               : tcptime.oem4f (.text:TcpSetPersist)
                  00010f50    0000003c               : rtc.oem4f (.text:_RTCSendRtAdv)
                  00010f8c    0000003c               : rtable.oem4f (.text:_RtNodeRemove)
                  00010fc8    0000003c     hal_timer_bios.aem4f : lltimer.oem4f (.text:_llTimerInit)
                  00011004    0000003c     rtsv7M4_T_le_v4SPD16_eabi.lib : strncasecmp.c.obj (.text:strncasecmp)
                  00011040    0000003c     sysbios.aem4f : BIOS.obj (.text:ti_sysbios_family_arm_m3_Hwi_excSvCall__I)
                  0001107c    00000004     httpget_pem4f.oem4f (.text:ti_sysbios_knl_Semaphore_destruct)
                  00011080    0000003c     sysbios.aem4f : BIOS.obj (.text:ti_sysbios_heaps_HeapMem_init__I)
                  000110bc    00000004     httpget_pem4f.oem4f (.text:ti_sysbios_knl_Swi_delete)
                  000110c0    0000003c     sysbios.aem4f : BIOS.obj (.text:ti_sysbios_knl_Swi_restore__E)
                  000110fc    0000003a     driverlib.lib : emac.obj (.text:EMACIntEnable)
                  00011136    00000002     --HOLE-- [fill = 0]
                  00011138    00000038                   : emac.obj (.text:EMACConfigGet)
                  00011170    00000038     stk.aem4f : ipfrag.oem4f (.text:IPReasmTimeout)
                  000111a8    00000038               : node.oem4f (.text:NodeGetRt)
                  000111e0    00000038     driverlib.lib : sysctl.obj (.text:SysCtlPeripheralReady)
                  00011218    00000038     stk.aem4f : tcpprot.oem4f (.text:TcpClose)
                  00011250    00000038               : timer.oem4f (.text:TimerHSTick)
                  00011288    00000038     rtsv7M4_T_le_v4SPD16_eabi.lib : trgmsg.c.obj (.text:__TI_writemsg)
                  000112c0    00000038     nettool_ipv4.aem4f : dhcpbild.oem4f (.text:dhcpBuildDiscover)
                  000112f8    00000038                        : dhcptags.oem4f (.text:dhcpOptionsClear)
                  00011330    00000038     stk.aem4f : file.oem4f (.text:fdint_waitevent)
                  00011368    00000038     sysbios.aem4f : BIOS.obj (.text:ti_sysbios_family_arm_m3_Hwi_excNoIsr__I)
                  000113a0    00000038     httpget_pem4f.oem4f (.text:ti_sysbios_knl_Clock_create)
                  000113d8    00000038     sysbios.aem4f : BIOS.obj (.text:ti_sysbios_knl_Task_processVitalTaskFlag__I)
                  00011410    00000038     ti.targets.arm.rtsarm.aem4f : SysMin.oem4f (.text:xdc_runtime_SysMin_putch__E)
                  00011448    00000038                                 : System.oem4f (.text:xdc_runtime_System_atexit__E)
                  00011480    00000036     stk.aem4f : ip.oem4f (.text:IPChecksum)
                  000114b6    00000036     network_ndk.aem4f : ssock.oem4f (.text:Ssock_recv)
                  000114ec    00000036     rtsv7M4_T_le_v4SPD16_eabi.lib : strncpy.c.obj (.text:strncpy)
                  00011522    00000002     --HOLE-- [fill = 0]
                  00011524    00000035     httpget.obj (.text:printError)
                  00011559    00000003     --HOLE-- [fill = 0]
                  0001155c    00000034     nettool_ipv4.aem4f : config.oem4f (.text:CfgSetService)
                  00011590    00000034     driverlib.lib : emac.obj (.text:EMACConfigSet)
                  000115c4    00000034                   : emac.obj (.text:EMACIntClear)
                  000115f8    00000034     drivers_tivaware.aem4f : EMACSnow.oem4f (.text:EMACSnow_emacPoll)
                  0001162c    00000034                            : EMACSnow.oem4f (.text:EMACSnow_isLinkUp)
                  00011660    00000034                            : EMAC.oem4f (.text:EMAC_init)
                  00011694    00000034     stk.aem4f : exec.oem4f (.text:ExecClose)
                  000116c8    00000034               : nimu.oem4f (.text:NIMUFindByName)
                  000116fc    00000034               : nimu.oem4f (.text:NIMUInit)
                  00011730    00000034               : rawethsock.oem4f (.text:RawEthSockNotify)
                  00011764    00000034               : sockprot.oem4f (.text:SockPrCtlError)
                  00011798    00000034     driverlib.lib : sysctl.obj (.text:SysCtlPeripheralEnable)
                  000117cc    00000034     rtsv7M4_T_le_v4SPD16_eabi.lib : trgmsg.c.obj (.text:__TI_readmsg)
                  00011800    00000034     os.aem4f : mem.oem4f (.text:mmUnInitPage)
                  00011834    00000034              : ossys.oem4f (.text:stricmp)
                  00011868    00000034     rtsv7M4_T_le_v4SPD16_eabi.lib : strstr.c.obj (.text:strstr)
                  0001189c    00000004     httpget_pem4f.oem4f (.text:ti_sysbios_knl_Task_delete)
                  000118a0    00000034     sysbios.aem4f : BIOS.obj (.text:ti_sysbios_family_arm_m3_Hwi_Instance_finalize__E)
                  000118d4    00000004     ti.targets.arm.rtsarm.aem4f : Error.oem4f (.text:xdc_runtime_Error_getMsg__E)
                  000118d8    00000034     sysbios.aem4f : BIOS.obj (.text:ti_sysbios_family_arm_m3_Hwi_excNmi__I)
                  0001190c    00000004     ti.targets.arm.rtsarm.aem4f : Error.oem4f (.text:xdc_runtime_Error_getSite__E)
                  00011910    00000034     sysbios.aem4f : BIOS.obj (.text:ti_sysbios_hal_Hwi_checkStack)
                  00011944    00000034     httpget_pem4f.oem4f (.text:ti_sysbios_knl_Semaphore_create)
                  00011978    00000034     ti.targets.arm.rtsarm.aem4f : Core-label.oem4f (.text:xdc_runtime_Core_assignLabel__I)
                  000119ac    00000033                                 : Text.oem4f (.text:xdc_runtime_Text_printVisFxn__I)
                  000119df    00000001     --HOLE-- [fill = 0]
                  000119e0    00000032     nettool_ipv4.aem4f : config.oem4f (.text:CfgGetImmediate)
                  00011a12    00000032     stk.aem4f : route.oem4f (.text:RtDeRef)
                  00011a44    00000032               : route.oem4f (.text:RtSetFailure)
                  00011a76    00000032               : sb.oem4f (.text:SBFlush)
                  00011aa8    00000032               : sb.oem4f (.text:SBSetMax)
                  00011ada    00000032               : sock.oem4f (.text:SockIntAbort)
                  00011b0c    00000032     nettool_ipv4.aem4f : config.oem4f (.text:_CfgAcquire)
                  00011b3e    00000032                        : dhcpsm.oem4f (.text:dhcpIPRemove)
                  00011b70    00000032     sysbios.aem4f : BIOS.obj (.text:ti_sysbios_hal_Hwi_initStack)
                  00011ba2    00000006     driverlib.lib : emac.obj (.text:EMACTxDMADescriptorListSet)
                  00011ba8    00000032     sysbios.aem4f : BIOS.obj (.text:ti_sysbios_knl_Semaphore_pendTimeout__I)
                  00011bda    00000030     driverlib.lib : emac.obj (.text:EMACAddrSet)
                  00011c0a    00000002     --HOLE-- [fill = 0]
                  00011c0c    00000030     drivers_tivaware.aem4f : EMACSnow.oem4f (.text:EMACSnow_handlePackets)
                  00011c3c    00000030     netctrl_min_ipv4.aem4f : netsrv.oem4f (.text:NS_PreBoot)
                  00011c6c    00000030     stk.aem4f : sock.oem4f (.text:SockBind)
                  00011c9c    00000030     nettool_ipv4.aem4f : dhcpsock.oem4f (.text:dhcpPacketSend)
                  00011ccc    00000030     stk.aem4f : listlib.oem4f (.text:list_remove_node)
                  00011cfc    00000030     http_ndk.aem4f : httpcli.oem4f (.text:skipLine)
                  00011d2c    00000030     httpget_pem4f.oem4f (.text:ti_sysbios_BIOS_atExitFunc__I)
                  00011d5c    00000004     httpget_pem4f.oem4f (.text:xdc_runtime_System_Module_GateProxy_enter__E)
                  00011d60    00000030     sysbios.aem4f : BIOS.obj (.text:ti_sysbios_family_arm_lm4_Timer_stop__E)
                  00011d90    00000030                   : BIOS.obj (.text:ti_sysbios_family_arm_m3_TaskSupport_start__E)
                  00011dc0    00000030     httpget_pem4f.oem4f (.text:ti_sysbios_gates_GateHwi_Object__create__S)
                  00011df0    00000030     httpget_pem4f.oem4f (.text:ti_sysbios_gates_GateMutex_Object__create__S)
                  00011e20    00000030     sysbios.aem4f : BIOS.obj (.text:ti_sysbios_gates_GateMutex_enter__E)
                  00011e50    00000030     httpget_pem4f.oem4f (.text:ti_sysbios_heaps_HeapMem_Object__create__S)
                  00011e80    00000030     httpget_pem4f.oem4f (.text:ti_sysbios_knl_Semaphore_construct)
                  00011eb0    00000030     ti.targets.arm.rtsarm.aem4f : SysMin.oem4f (.text:xdc_runtime_SysMin_abort__E)
                  00011ee0    00000030                                 : System.oem4f (.text:xdc_runtime_System_processAtExit__E)
                  00011f10    0000002e     stk.aem4f : sb.oem4f (.text:SBFree)
                  00011f3e    0000002e     httpget_pem4f.oem4f (.text:malloc)
                  00011f6c    0000002e     rtsv7M4_T_le_v4SPD16_eabi.lib : strcasecmp.c.obj (.text:strcasecmp)
                  00011f9a    0000002c     driverlib.lib : emac.obj (.text:EMACIntStatus)
                  00011fc6    0000002c     stk.aem4f : file.oem4f (.text:FdSignalEvent)
                  00011ff2    00000002     --HOLE-- [fill = 0]
                  00011ff4    0000002c               : igmp.oem4f (.text:IGMPTestGroup)
                  00012020    0000002c     os.aem4f : task.oem4f (.text:NDK_hookCreate)
                  0001204c    0000002c     stk.aem4f : nimu.oem4f (.text:NIMUAllocateIndex)
                  00012078    0000002c               : nimu.oem4f (.text:NIMUPacketServiceCheck)
                  000120a4    0000002c               : pipe.oem4f (.text:PipeClose)
                  000120d0    0000002c               : sockpcb.oem4f (.text:SockPcbAttach)
                  000120fc    0000002c               : lli.oem4f (.text:_LLIExpListRemove)
                  00012128    0000002c               : lli.oem4f (.text:_LLITimeoutFlush)
                  00012154    0000002c               : rtable.oem4f (.text:_RtExpListRemove)
                  00012180    0000002c     http_ndk.aem4f : httpcli.oem4f (.text:lookUpResponseFields)
                  000121ac    0000002c     rtsv7M4_T_le_v4SPD16_eabi.lib : strncmp.c.obj (.text:strncmp)
                  000121d8    0000002c     httpget_pem4f.oem4f (.text:ti_sysbios_knl_Clock_doTick__I)
                  00012204    0000002c     httpget_pem4f.oem4f (.text:ti_sysbios_knl_Queue_construct)
                  00012230    0000002c     sysbios.aem4f : BIOS.obj (.text:ti_sysbios_knl_Task_restore__E)
                  0001225c    0000002c     ti.targets.arm.rtsarm.aem4f : Text.oem4f (.text:xdc_runtime_Text_cordText__E)
                  00012288    0000002a     driverlib.lib : gpio.obj (.text:GPIODirModeSet)
                  000122b2    0000002a     stk.aem4f : pbm.oem4f (.text:PBMQ_deq)
                  000122dc    0000002a     netctrl_min_ipv4.aem4f : netsrv.oem4f (.text:ServiceCallback)
                  00012306    0000002a     nettool_ipv4.aem4f : config.oem4f (.text:_CfgRelease)
                  00012330    0000002a                        : inetaddr.oem4f (.text:mergeLists)
                  0001235a    0000002a     ti.targets.arm.rtsarm.aem4f : System.oem4f (.text:xdc_runtime_System_putchar__I)
                  00012384    00000028     stk.aem4f : bind.oem4f (.text:BindFindByNet)
                  000123ac    00000028               : lli.oem4f (.text:LLIFree)
                  000123d4    00000028     netctrl_min_ipv4.aem4f : netctrl.oem4f (.text:NC_SystemClose)
                  000123fc    00000028     stk.aem4f : nimu.oem4f (.text:NIMUCreatePacket)
                  00012424    00000028               : nimu.oem4f (.text:NIMUPacketService)
                  0001244c    00000028               : tcpin.oem4f (.text:TcpEnterTimeWait)
                  00012474    00000028               : timer.oem4f (.text:TimerListRemove)
                  0001249c    00000028               : vlan.oem4f (.text:VLANFindSourceInterface)
                  000124c4    00000028               : vlan.oem4f (.text:VLANInit)
                  000124ec    00000028     nettool_ipv4.aem4f : dhcpsock.oem4f (.text:dhcpPacketReceive)
                  00012514    00000028     drivers_tivaware.aem4f : EMACSnow.oem4f (.text:signalLinkChange)
                  0001253c    00000004     httpget_pem4f.oem4f (.text:xdc_runtime_System_Module_GateProxy_leave__E)
                  00012540    00000028     sysbios.aem4f : BIOS.obj (.text:ti_sysbios_knl_Clock_addI__E)
                  00012568    00000028                   : BIOS.obj (.text:ti_sysbios_knl_Swi_Module_startup__E)
                  00012590    00000026     nettool_ipv4.aem4f : config.oem4f (.text:CfgEntryInfo)
                  000125b6    00000026     driverlib.lib : emac.obj (.text:EMACPHYRead)
                  000125dc    00000026                   : emac.obj (.text:EMACPHYWrite)
                  00012602    00000026     stk.aem4f : rawethsock.oem4f (.text:RawEthSockClose)
                  00012628    00000026     sysbios.aem4f : m3_Hwi_asm.obj (.text:ti_sysbios_family_arm_m3_Hwi_pendSV__I)
                  0001264e    00000026     ti.targets.arm.rtsarm.aem4f : System.oem4f (.text:xdc_runtime_System_avprintf__E)
                  00012674    00000024     stk.aem4f : bind.oem4f (.text:BindFindByHost)
                  00012698    00000024               : bind.oem4f (.text:BindGetIFByDBCast)
                  000126bc    00000024     drivers_tivaware.aem4f : EMACSnow.oem4f (.text:EMACSnow_pkt_service)
                  000126e0    00000024                            : EMACSnow.oem4f (.text:EMACSnow_primeRx)
                  00012704    00000024     stk.aem4f : exec.oem4f (.text:ExecTimer)
                  00012728    00000024     http_ndk.aem4f : httpcli.oem4f (.text:HTTPCli_disconnect)
                  0001274c    00000024     stk.aem4f : nimu.oem4f (.text:NIMUFindByIndex)
                  00012770    00000024               : rtc.oem4f (.text:RTCAddHook)
                  00012794    00000024               : rawethsock_pcb.oem4f (.text:RawEthSockPcbFind)
                  000127b8    00000024               : route.oem4f (.text:RtFree)
                  000127dc    00000024               : route.oem4f (.text:RtSetTimeout)
                  00012800    00000024               : sockpcb.oem4f (.text:SockPcbCleanup)
                  00012824    00000024               : tcptime.oem4f (.text:TcpTimeoutWait2)
                  00012848    00000024     nettool_ipv4.aem4f : config.oem4f (.text:_CfgEntryProcess)
                  0001286c    00000024     http_ndk.aem4f : httpcli.oem4f (.text:getRequestFieldValue)
                  00012890    00000024     httpget_pem4f.oem4f (.text:ti_sysbios_BIOS_errorRaiseHook__I)
                  000128b4    00000024     httpget_pem4f.oem4f (.text:ti_sysbios_BIOS_registerRTSLock__I)
                  000128d8    00000024     httpget_pem4f.oem4f (.text:ti_sysbios_BIOS_removeRTSLock__I)
                  000128fc    00000024     httpget_pem4f.oem4f (.text:ti_sysbios_BIOS_startFunc__I)
                  00012920    00000024     httpget_pem4f.oem4f (.text:ti_sysbios_gates_GateMutex_Object__delete__S)
                  00012944    00000004     ti.targets.arm.rtsarm.aem4f : System.oem4f (.text:xdc_runtime_System_aprintf_va__F)
                  00012948    00000024     sysbios.aem4f : BIOS.obj (.text:ti_sysbios_knl_Clock_Module_startup__E)
                  0001296c    00000004     ti.targets.arm.rtsarm.aem4f : System.oem4f (.text:xdc_runtime_System_printf_va__F)
                  00012970    00000024     sysbios.aem4f : BIOS.obj (.text:ti_sysbios_knl_Semaphore_Instance_init__E)
                  00012994    00000024     httpget_pem4f.oem4f (.text:ti_sysbios_knl_Semaphore_Object__delete__S)
                  000129b8    00000024     sysbios.aem4f : BIOS.obj (.text:ti_sysbios_knl_Task_restoreHwi__E)
                  000129dc    00000024     ti.targets.arm.rtsarm.aem4f : System.oem4f (.text:xdc_runtime_System_vprintf__E)
                  00012a00    00000022     nettool_ipv4.aem4f : config.oem4f (.text:CfgEntryRef)
                  00012a22    00000022     stk.aem4f : vlan.oem4f (.text:VLANFindNode)
                  00012a44    00000004     --HOLE-- [fill = 0]
                  00012a48    00000022     sysbios.aem4f : BIOS.obj (.text:ti_sysbios_family_arm_lm4_Timer_write__I)
                  00012a6a    00000022     httpget_pem4f.oem4f (.text:xdc_runtime_SysMin_output__I)
                  00012a8c    00000020     netctrl_min_ipv4.aem4f : netctrl.oem4f (.text:NC_BootComplete)
                  00012aac    00000020     stk.aem4f : nimu.oem4f (.text:NIMUGetNumOfObject)
                  00012acc    00000020               : rtc.oem4f (.text:RTCRemoveHook)
                  00012aec    00000020               : tcp.oem4f (.text:TcpTimeoutRemove)
                  00012b0c    00000020     Boot.aem4f : Boot_sysctl.oem4f (.text:_SysCtlMemTimingGet)
                  00012b2c    00000020     httpget_pem4f.oem4f (.text:ti_sysbios_BIOS_rtsLock__I)
                  00012b4c    00000020     httpget_pem4f.oem4f (.text:ti_sysbios_family_arm_m3_Hwi_Object__delete__S)
                  00012b6c    00000020     sysbios.aem4f : m3_Hwi_asm.obj (.text:ti_sysbios_family_arm_m3_Hwi_excHandlerAsm__I)
                  00012b8c    00000004     --HOLE-- [fill = 0]
                  00012b90    00000020                   : BIOS.obj (.text:ti_sysbios_family_arm_m3_Hwi_excHandler__I)
                  00012bb0    00000020     httpget_pem4f.oem4f (.text:ti_sysbios_gates_GateHwi_Object__delete__S)
                  00012bd0    00000020     httpget_pem4f.oem4f (.text:ti_sysbios_heaps_HeapMem_Object__delete__S)
                  00012bf0    00000020     sysbios.aem4f : BIOS.obj (.text:ti_sysbios_knl_Idle_run__E)
                  00012c10    00000020     httpget_pem4f.oem4f (.text:ti_sysbios_knl_Semaphore_Object__destruct__S)
                  00012c30    00000020     httpget_pem4f.oem4f (.text:ti_sysbios_knl_Swi_Object__delete__S)
                  00012c50    00000020     httpget_pem4f.oem4f (.text:ti_sysbios_knl_Task_Object__delete__S)
                  00012c70    00000020     ti.targets.arm.rtsarm.aem4f : Registry.oem4f (.text:xdc_runtime_Registry_findById__E)
                  00012c90    00000020                                 : SysMin.oem4f (.text:xdc_runtime_SysMin_Module_startup__E)
                  00012cb0    0000001e     stk.aem4f : fileuser.oem4f (.text:fdError)
                  00012cce    0000001e               : listlib.oem4f (.text:list_remove)
                  00012cec    0000001e     rtsv7M4_T_le_v4SPD16_eabi.lib : strcat.c.obj (.text:strcat)
                  00012d0a    0000001e     sysbios.aem4f : m3_Hwi_asm_switch.obj (.text:ti_sysbios_family_xxx_Hwi_switchAndRunFunc)
                  00012d28    0000001c     stk.aem4f : bind.oem4f (.text:BindFindByIF)
                  00012d44    0000001c               : exec.oem4f (.text:ExecBroadcast)
                  00012d60    0000001c     os.aem4f : ossys.oem4f (.text:NDK_sprintf)
                  00012d7c    0000001c     stk.aem4f : nimu.oem4f (.text:NIMUAddHeader)
                  00012d98    0000001c               : sockprot.oem4f (.text:SockPrDetach)
                  00012db4    0000001c     network_ndk.aem4f : ssock.oem4f (.text:Ssock_destruct)
                  00012dd0    0000001c     os.aem4f : task.oem4f (.text:TaskDestroy)
                  00012dec    0000001c     drivers_tivaware.aem4f : GPIOTiva.oem4f (.text:getGpioIntIndex)
                  00012e08    0000001c     httpget_pem4f.oem4f (.text:ti_ndk_config_global_taskCreateHook)
                  00012e24    00000004     --HOLE-- [fill = 0]
                  00012e28    0000001c     sysbios.aem4f : BIOS.obj (.text:ti_sysbios_gates_GateMutex_Instance_init__E)
                  00012e44    0000001c     httpget_pem4f.oem4f (.text:ti_sysbios_knl_Queue_Object__destruct__S)
                  00012e60    0000001c     sysbios.aem4f : BIOS.obj (.text:ti_sysbios_knl_Queue_put__E)
                  00012e7c    00000004     --HOLE-- [fill = 0]
                  00012e80    0000001c                   : BIOS.obj (.text:ti_sysbios_knl_Task_enter__I)
                  00012e9c    0000001c     ti.targets.arm.rtsarm.aem4f : Error.oem4f (.text:xdc_runtime_Error_raiseX__E)
                  00012eb8    0000001c                                 : Memory.oem4f (.text:xdc_runtime_Memory_valloc__E)
                  00012ed4    0000001c                                 : SysMin.oem4f (.text:xdc_runtime_SysMin_exit__E)
                  00012ef0    0000001c                                 : System.oem4f (.text:xdc_runtime_System_abort__E)
                  00012f0c    0000001a     stk.aem4f : bind.oem4f (.text:BindGetIP)
                  00012f26    0000001a               : sockint.oem4f (.text:SockSetOOBMark)
                  00012f40    0000001a               : file.oem4f (.text:fdint_getfdt)
                  00012f5a    0000001a     httpget_pem4f.oem4f (.text:free)
                  00012f74    0000001a     httpget_pem4f.oem4f (.text:ti_sysbios_family_arm_m3_Hwi_Handle__label__S)
                  00012f8e    0000001a     httpget_pem4f.oem4f (.text:ti_sysbios_gates_GateHwi_Handle__label__S)
                  00012fa8    0000001a     httpget_pem4f.oem4f (.text:ti_sysbios_gates_GateMutex_Handle__label__S)
                  00012fc2    0000001a     httpget_pem4f.oem4f (.text:ti_sysbios_heaps_HeapMem_Handle__label__S)
                  00012fdc    0000001a     httpget_pem4f.oem4f (.text:ti_sysbios_knl_Swi_Handle__label__S)
                  00012ff6    0000001a     httpget_pem4f.oem4f (.text:ti_sysbios_knl_Task_Handle__label__S)
                  00013010    0000001a     sysbios.aem4f : BIOS.obj (.text:ti_sysbios_knl_Task_sleepTimeout__I)
                  0001302a    0000001a     httpget_pem4f.oem4f (.text:xdc_runtime_System_aprintf__E)
                  00013044    0000001a     httpget_pem4f.oem4f (.text:xdc_runtime_System_printf__E)
                  0001305e    00000002     --HOLE-- [fill = 0]
                  00013060    00000018     drivers_tivaware.aem4f : EMACSnow.oem4f (.text:EMACSnow_emacSend)
                  00013078    00000018     stk.aem4f : ip.oem4f (.text:IPRtChange)
                  00013090    00000018               : rawethsock_pcb.oem4f (.text:RawEthSockPcbCleanup)
                  000130a8    00000018     nettool_ipv4.aem4f : ipaddr.oem4f (.text:RouteHook)
                  000130c0    00000018     stk.aem4f : tcpin.oem4f (.text:SEQ_GEQ)
                  000130d8    00000018               : tcpout.oem4f (.text:SEQ_GEQ)
                  000130f0    00000018               : tcpin.oem4f (.text:SEQ_GT)
                  00013108    00000018               : tcpout.oem4f (.text:SEQ_GT)
                  00013120    00000018               : tcpin.oem4f (.text:SEQ_LEQ)
                  00013138    00000018               : tcpout.oem4f (.text:SEQ_LEQ)
                  00013150    00000018               : tcpin.oem4f (.text:SEQ_LT)
                  00013168    00000018               : tcpout.oem4f (.text:SEQ_LT)
                  00013180    00000018               : tcp.oem4f (.text:TcpTimeoutAdd)
                  00013198    00000018     rtsv7M4_T_le_v4SPD16_eabi.lib : args_main.c.obj (.text:_args_main)
                  000131b0    00000018     nettool_ipv4.aem4f : dhcpsock.oem4f (.text:dhcpSocketClose)
                  000131c8    00000018                        : inetaddr.oem4f (.text:freeaddrinfo)
                  000131e0    00000018     stk.aem4f : listlib.oem4f (.text:list_add)
                  000131f8    00000018     rtsv7M4_T_le_v4SPD16_eabi.lib : strcmp.c.obj (.text:strcmp)
                  00013210    00000018     httpget_pem4f.oem4f (.text:ti_sysbios_BIOS_rtsUnlock__I)
                  00013228    00000018     httpget_pem4f.oem4f (.text:ti_sysbios_family_arm_lm4_Timer_Module__startupDone__F)
                  00013240    00000018     httpget_pem4f.oem4f (.text:ti_sysbios_family_arm_m3_Hwi_Module__startupDone__F)
                  00013258    00000018     sysbios.aem4f : m3_TaskSupport_asm.obj (.text:ti_sysbios_family_arm_m3_TaskSupport_swap__E)
                  00013270    00000018                   : BIOS.obj (.text:ti_sysbios_gates_GateMutex_leave__E)
                  00013288    00000018     ti.targets.arm.rtsarm.aem4f : Error.oem4f (.text:xdc_runtime_Error_check__E)
                  000132a0    00000018                                 : System.oem4f (.text:xdc_runtime_System_exit__E)
                  000132b8    00000018                                 : Text.oem4f (.text:xdc_runtime_Text_ropeText__E)
                  000132d0    00000016     driverlib.lib : emac.obj (.text:EMACReset)
                  000132e6    00000016                   : emac.obj (.text:EMACRxEnable)
                  000132fc    00000016                   : emac.obj (.text:EMACTxEnable)
                  00013312    00000016     http_ndk.aem4f : httpcli.oem4f (.text:HTTPCli_destruct)
                  00013328    00000016                    : httpcli.oem4f (.text:HTTPCli_readRawResponseBody)
                  0001333e    00000016     stk.aem4f : file.oem4f (.text:fdint_freefdt)
                  00013354    00000016     rtsv7M4_T_le_v4SPD16_eabi.lib : strchr.c.obj (.text:strchr)
                  0001336a    00000016     httpget_pem4f.oem4f (.text:ti_sysbios_BIOS_exitFunc__I)
                  00013380    00000016     httpget.obj (.text:ti_sysbios_knl_Task_Params_init)
                  00013396    00000016     ti.targets.arm.rtsarm.aem4f : System.oem4f (.text:xdc_runtime_System_vsprintf__E)
                  000133ac    00000014     stk.aem4f : bind.oem4f (.text:BindIPHost2IF)
                  000133c0    00000014     driverlib.lib : flash.obj (.text:FlashUserGet)
                  000133d4    00000014     http_ndk.aem4f : httpcli.oem4f (.text:HTTPCli_getResponseStatus)
                  000133e8    00000014     netctrl_min_ipv4.aem4f : netctrl.oem4f (.text:NC_NetStop)
                  000133fc    00000014     os.aem4f : task.oem4f (.text:NDK_hookExit)
                  00013410    00000014     stk.aem4f : nimu.oem4f (.text:NIMUSendPacket)
                  00013424    00000014     nettool_ipv4.aem4f : ipaddr.oem4f (.text:NtRemoveNetwork)
                  00013438    00000014     stk.aem4f : rawethsock_pcb.oem4f (.text:RawEthSockPcbInit)
                  0001344c    00000014     network_ndk.aem4f : ssock.oem4f (.text:Ssock_construct)
                  00013460    00000014     stk.aem4f : timer.oem4f (.text:TimerFree)
                  00013474    00000014     rtsv7M4_T_le_v4SPD16_eabi.lib : strcpy.c.obj (.text:strcpy)
                  00013488    00000014                                   : strlen.c.obj (.text:strlen)
                  0001349c    00000014     httpget_pem4f.oem4f (.text:ti_ndk_config_global_taskExitHook)
                  000134b0    00000014     httpget_pem4f.oem4f (.text:ti_sysbios_family_arm_m3_Hwi_Object__get__S)
                  000134c4    00000004     --HOLE-- [fill = 0]
                  000134c8    00000014     sysbios.aem4f : BIOS.obj (.text:ti_sysbios_family_arm_m3_Hwi_switchFromBootStack__E)
                  000134dc    00000014     httpget_pem4f.oem4f (.text:ti_sysbios_heaps_HeapMem_Object__get__S)
                  000134f0    00000014     httpget_pem4f.oem4f (.text:ti_sysbios_knl_Swi_Object__get__S)
                  00013504    00000014     httpget_pem4f.oem4f (.text:ti_sysbios_knl_Task_Object__first__S)
                  00013518    00000014     httpget_pem4f.oem4f (.text:ti_sysbios_knl_Task_Object__next__S)
                  0001352c    00000012     driverlib.lib : gpio.obj (.text:GPIOPinTypeEthernetLED)
                  0001353e    00000012     stk.aem4f : sockprot.oem4f (.text:SockPrAttach)
                  00013550    00000012               : sockint.oem4f (.text:SockSetOOBData)
                  00013562    00000012     nettool_ipv4.aem4f : inetaddr.oem4f (.text:inet_addr)
                  00013574    00000004     --HOLE-- [fill = 0]
                  00013578    00000012     sysbios.aem4f : BIOS.obj (.text:ti_sysbios_hal_Hwi_Module_startup__E)
                  0001358a    00000006     driverlib.lib : gpio.obj (.text:GPIOIntClear)
                  00013590    00000012     sysbios.aem4f : BIOS.obj (.text:ti_sysbios_knl_Semaphore_reset__E)
                  000135a2    00000012     httpget_pem4f.oem4f (.text:xdc_runtime_Startup_exec__I)
                  000135b4    00000010     httpget_pem4f.oem4f (.text:.bootCodeSection:ti_catalog_arm_cortexm4_tiva_ce_Boot_init__I)
                  000135c4    00000010     stk.aem4f : bind.oem4f (.text:BindIF2IPHost)
                  000135d4    00000010               : bind.oem4f (.text:BindIFNet2IPHost)
                  000135e4    00000010     driverlib.lib : emac.obj (.text:EMACFrameFilterSet)
                  000135f4    00000010     stk.aem4f : exec.oem4f (.text:ExecHRef)
                  00013604    00000010     netctrl_min_ipv4.aem4f : netctrl.oem4f (.text:NC_IPUpdate)
                  00013614    00000010     stk.aem4f : nimu.oem4f (.text:NIMUGetRsvdSizeInfo)
                  00013624    00000004     --HOLE-- [fill = 0]
                  00013628    00000010     sysbios.aem4f : BIOS.obj (.text:ti_sysbios_BIOS_exit__E)
                  00013638    00000010                   : BIOS.obj (.text:ti_sysbios_BIOS_getCpuFreq__E)
                  00013648    00000010                   : BIOS.obj (.text:ti_sysbios_BIOS_setThreadType__E)
                  00013658    00000010                   : BIOS.obj (.text:ti_sysbios_BIOS_start__E)
                  00013668    00000010                   : m3_TaskSupport_asm.obj (.text:ti_sysbios_family_arm_m3_TaskSupport_glue)
                  00013678    00000010                   : BIOS.obj (.text:ti_sysbios_gates_GateMutex_Instance_finalize__E)
                  00013688    00000010                   : BIOS.obj (.text:ti_sysbios_knl_Semaphore_Instance_finalize__E)
                  00013698    00000010                   : BIOS.obj (.text:ti_sysbios_knl_Swi_disable__E)
                  000136a8    00000010     httpget_pem4f.oem4f (.text:ti_sysbios_knl_Task_Object__get__S)
                  000136b8    00000010     sysbios.aem4f : BIOS.obj (.text:ti_sysbios_knl_Task_disable__E)
                  000136c8    00000010     ti.targets.arm.rtsarm.aem4f : Gate.oem4f (.text:xdc_runtime_Gate_leaveSystem__E)
                  000136d8    00000010                                 : Memory.oem4f (.text:xdc_runtime_Memory_free__E)
                  000136e8    00000010                                 : SysMin.oem4f (.text:xdc_runtime_SysMin_ready__E)
                  000136f8    00000010                                 : System.oem4f (.text:xdc_runtime_System_vsnprintf__E)
                  00013708    00000010     httpget_pem4f.oem4f (.text:xdc_runtime_Text_visitRope__I)
                  00013718    0000000e     drivers_tivaware.aem4f : EMACSnow.oem4f (.text:EMACSnow_emacioctl)
                  00013726    0000000e     stk.aem4f : exec.oem4f (.text:ExecLowResource)
                  00013734    0000000e     driverlib.lib : gpio.obj (.text:GPIOIntStatus)
                  00013742    0000000e     rtsv7M4_T_le_v4SPD16_eabi.lib : copy_decompress_none.c.obj (.text:decompress:none:__TI_decompress_none)
                  00013750    0000000e     http_ndk.aem4f : httpcli.oem4f (.text:isValidSocket)
                  0001375e    00000002     --HOLE-- [fill = 0]
                  00013760    0000000e     sysbios.aem4f : BIOS.obj (.text:ti_sysbios_knl_Idle_loop__E)
                  0001376e    00000002     --HOLE-- [fill = 0]
                  00013770    0000000e                   : BIOS.obj (.text:ti_sysbios_knl_Queue_empty__E)
                  0001377e    00000002     --HOLE-- [fill = 0]
                  00013780    0000000c     stk.aem4f : bind.oem4f (.text:BindGetFirst)
                  0001378c    0000000c     nettool_ipv4.aem4f : config.oem4f (.text:CfgSetDefault)
                  00013798    0000000c     drivers_tivaware.aem4f : EMACSnow.oem4f (.text:EMACSnow_init)
                  000137a4    0000000c     os.aem4f : task.oem4f (.text:NDK_hookInit)
                  000137b0    0000000c     stk.aem4f : nimu.oem4f (.text:NIMUSetRsvdSizeInfo)
                  000137bc    0000000c     os.aem4f : task.oem4f (.text:NotifyLowResource)
                  000137c8    0000000c     stk.aem4f : pbm.oem4f (.text:PBM_close)
                  000137d4    0000000c     os.aem4f : semaphore.oem4f (.text:SemDelete)
                  000137e0    0000000c     hal_timer_bios.aem4f : lltimer.oem4f (.text:_llTimerShutdown)
                  000137ec    0000000c     rtsv7M4_T_le_v4SPD16_eabi.lib : _lock.c.obj (.text:_register_lock)
                  000137f8    0000000c                                   : _lock.c.obj (.text:_register_unlock)
                  00013804    0000000c                                   : copy_zero_init.c.obj (.text:decompress:ZI:__TI_zero_init)
                  00013810    0000000c     hal_timer_bios.aem4f : lltimer.oem4f (.text:llTimerGetStartTime)
                  0001381c    00000004     --HOLE-- [fill = 0]
                  00013820    0000000c     sysbios.aem4f : BIOS.obj (.text:ti_sysbios_BIOS_getThreadType__E)
                  0001382c    00000004     --HOLE-- [fill = 0]
                  00013830    0000000c                   : BIOS.obj (.text:ti_sysbios_family_arm_lm4_Timer_getMaxTicks__E)
                  0001383c    0000000c     httpget_pem4f.oem4f (.text:ti_sysbios_family_arm_m3_Hwi_Params__init__S)
                  00013848    0000000c     sysbios.aem4f : BIOS.obj (.text:ti_sysbios_family_arm_m3_Hwi_disableFxn__E)
                  00013854    00000004     --HOLE-- [fill = 0]
                  00013858    0000000c                   : BIOS.obj (.text:ti_sysbios_family_arm_m3_TaskSupport_checkStack__E)
                  00013864    00000004     --HOLE-- [fill = 0]
                  00013868    0000000c                   : BIOS.obj (.text:ti_sysbios_family_arm_m3_TaskSupport_getStackAlignment__E)
                  00013874    00000004     --HOLE-- [fill = 0]
                  00013878    0000000c                   : BIOS.obj (.text:ti_sysbios_gates_GateHwi_enter__E)
                  00013884    0000000c     httpget_pem4f.oem4f (.text:ti_sysbios_knl_Clock_Params__init__S)
                  00013890    0000000c     sysbios.aem4f : BIOS.obj (.text:ti_sysbios_knl_Clock_getTicks__E)
                  0001389c    0000000c     httpget_pem4f.oem4f (.text:ti_sysbios_knl_Queue_Object__get__S)
                  000138a8    0000000c     httpget_pem4f.oem4f (.text:ti_sysbios_knl_Semaphore_Params__init__S)
                  000138b4    0000000c     httpget_pem4f.oem4f (.text:ti_sysbios_knl_Task_Params__init__S)
                  000138c0    0000000c     sysbios.aem4f : BIOS.obj (.text:ti_sysbios_knl_Task_getIdleTask__E)
                  000138cc    00000004     --HOLE-- [fill = 0]
                  000138d0    0000000c                   : BIOS.obj (.text:ti_sysbios_knl_Task_self__E)
                  000138dc    0000000c     ti.targets.arm.rtsarm.aem4f : Error.oem4f (.text:xdc_runtime_Error_init__E)
                  000138e8    0000000c                                 : Gate.oem4f (.text:xdc_runtime_Gate_enterSystem__E)
                  000138f4    0000000c                                 : Memory.oem4f (.text:xdc_runtime_Memory_calloc__E)
                  00013900    0000000c                                 : Memory.oem4f (.text:xdc_runtime_Memory_getMaxDefaultTypeAlign__E)
                  0001390c    0000000a     http_ndk.aem4f : httpcli.oem4f (.text:HTTPCli_setRequestFields)
                  00013916    0000000a                    : httpcli.oem4f (.text:HTTPCli_setResponseFields)
                  00013920    0000000a     stk.aem4f : file.oem4f (.text:fdint_signalevent)
                  0001392a    0000000a               : file.oem4f (.text:fdint_signaltimeout)
                  00013934    0000000a     httpget_pem4f.oem4f (.text:xdc_runtime_IHeap_alloc)
                  0001393e    0000000a     httpget_pem4f.oem4f (.text:xdc_runtime_IHeap_free)
[...]
00016168  ti_sysbios_knl_Clock_Module_State_clockQ__O                          
0001616c  ti_sysbios_knl_Semaphore_Instance_State_pendQ__O                     
00016170  ti_sysbios_knl_Swi_Object__count__C                                  
00016174  ti_sysbios_knl_Task_E_deleteNotAllowed__C                            
00016178  ti_sysbios_knl_Task_E_spOutOfBounds__C                               
0001617c  ti_sysbios_knl_Task_E_stackOverflow__C                               
00016180  ti_sysbios_knl_Task_Module_State_inactiveQ__O                        
00016184  ti_sysbios_knl_Task_Module_State_terminatedQ__O                      
00016188  ti_sysbios_knl_Task_Object__count__C                                 
0001618c  ti_sysbios_knl_Task_Object__heap__C                                  
00016190  ti_sysbios_knl_Task_allBlockedFunc__C                                
00016194  ti_sysbios_knl_Task_defaultStackHeap__C                              
00016198  ti_sysbios_knl_Task_defaultStackSize__C                              
0001619c  ti_sysbios_knl_Task_numConstructedTasks__C                           
000161a0  xdc_runtime_Assert_E_assertFailed__C                                 
000161a4  xdc_runtime_Core_A_initializedParams__C                              
000161a8  xdc_runtime_Core_Module__diagsEnabled__C                             
000161ac  xdc_runtime_Core_Module__diagsIncluded__C                            
000161b0  xdc_runtime_Core_Module__diagsMask__C                                
000161b4  xdc_runtime_Error_E_memory__C                                        
000161b8  xdc_runtime_Error_Module__diagsEnabled__C                            
000161bc  xdc_runtime_Error_Module__diagsIncluded__C                           
000161c0  xdc_runtime_Error_Module__diagsMask__C                               
000161c4  xdc_runtime_Error_Module__loggerFxn8__C                              
000161c8  xdc_runtime_Error_Module__loggerObj__C                               
000161cc  xdc_runtime_Error_policyFxn__C                                       
000161d0  xdc_runtime_Error_raiseHook__C                                       
000161d4  xdc_runtime_IGateProvider_Interface__BASE__C                         
000161d8  xdc_runtime_IHeap_Interface__BASE__C                                 
000161dc  xdc_runtime_IModule_Interface__BASE__C                               
000161e0  xdc_runtime_Log_L_error__C                                           
000161e4  xdc_runtime_Memory_defaultHeapInstance__C                            
000161e8  xdc_runtime_Startup_execImpl__C                                      
000161ec  xdc_runtime_Startup_maxPasses__C                                     
000161f0  xdc_runtime_Startup_sfxnRts__C                                       
000161f4  xdc_runtime_Startup_sfxnTab__C                                       
000161f8  xdc_runtime_SysMin_bufSize__C                                        
000161fc  xdc_runtime_SysMin_outputFunc__C                                     
00016200  xdc_runtime_System_Module__gateObj__C                                
00016204  xdc_runtime_System_abortFxn__C                                       
00016208  xdc_runtime_System_exitFxn__C                                        
0001620c  xdc_runtime_System_extendFxn__C                                      
00016210  xdc_runtime_System_maxAtexitHandlers__C                              
00016214  xdc_runtime_Text_charTab__C                                          
00016218  xdc_runtime_Text_nameEmpty__C                                        
0001621c  xdc_runtime_Text_nameStatic__C                                       
00016220  xdc_runtime_Text_nameUnknown__C                                      
00016224  xdc_runtime_Text_nodeTab__C                                          
00016228  xdc_runtime_Text_visitRopeFxn__C                                     
0001622c  ti_sysbios_heaps_HeapMem_Module__id__C                               
0001622e  ti_sysbios_knl_Task_Module__id__C                                    
00016230  xdc_runtime_Core_Module__id__C                                       
00016232  xdc_runtime_Error_Module__loggerDefined__C                           
00016234  xdc_runtime_Error_maxDepth__C                                        
00016236  xdc_runtime_Memory_Module__id__C                                     
00016238  xdc_runtime_SysMin_flushAtExit__C                                    
0001623a  xdc_runtime_Text_charCnt__C                                          
0001623c  xdc_runtime_Text_isLoaded__C                                         
0001623e  xdc_runtime_Text_registryModsLastId__C                               
00016240  xdc_runtime_Text_unnamedModsLastId__C                                
00016248  __TI_static_base__                                                   
000166c4  __TI_Handler_Table_Base                                              
000166d0  __TI_Handler_Table_Limit                                             
000166e0  __TI_CINIT_Base                                                      
000166f8  __TI_CINIT_Limit                                                     
20000000  ti_sysbios_family_arm_m3_Hwi_ramVectors                              
20000380  ti_sysbios_heaps_HeapMem_Instance_State_0_buf__A                     
20005380  ti_ndk_config_Global_pit                                             
20005428  ti_ndk_config_Global_pitBuffer                                       
20009c28  _ICMPIn                                                              
20009c74  PBMQ_free                                                            
20009c80  ti_ndk_config_Global_pBufMem                                         
2000d880  ti_ndk_config_Global_pHdrMem                                         
2000db78  ti_sysbios_knl_Task_Instance_State_0_stack__A                        
2000e178  ti_sysbios_knl_Task_Instance_State_1_stack__A                        
2000e378  ti_sysbios_family_arm_m3_Hwi_dispatchTable                           
2000e6d8  __CIOBUF_                                                            
2000e8f8  tcps                                                                 
2000ec14  xdc_runtime_SysMin_Module_State_0_outbuf__A                          
2000ec94  ips                                                                  
2000ecfc  nimu_mcb                                                             
2000ed60  _ICMPOut                                                             
2000edec  vlan_mcb                                                             
2000ee38  udps                                                                 
2000ee5c  BlockCount                                                           
2000ee78  BlockMax                                                             
2000ee94  PageCount                                                            
2000eeb0  PageMax                                                              
2000eecc  stkEvent                                                             
2000ef08  raweths                                                              
2000ef18  raws                                                                 
2000ef28  tpseudo                                                              
2000ef34  upseudo                                                              
2000ef40  emacObjects                                                          
2000ef48  parmbuf                                                              
2000ef78  _IGMPInDiscard                                                       
2000ef7c  _IGMPInQuery                                                         
2000ef80  _IGMPInQueryGroup                                                    
2000ef84  _IGMPInResponse                                                      
2000ef88  _IGMPOutResponse                                                     
2000ef8c  g_ulStatus                                                           
2000efa0  raweth_pcb                                                           
2000efa4  ti_sysbios_knl_Task_Instance_State_0_hookEnv__A                      
2000efa8  ti_sysbios_knl_Task_Instance_State_1_hookEnv__A                      
2000efac  HTTPStd_VER                                                          
2000efb0  HTTPStd_GET                                                          
2000efb4  HTTPStd_POST                                                         
2000efb8  HTTPStd_HEAD                                                         
2000efbc  HTTPStd_OPTIONS                                                      
2000efc0  HTTPStd_PUT                                                          
2000efc4  HTTPStd_DELETE                                                       
2000efc8  HTTPStd_CONNECT                                                      
2000efcc  HTTPStd_PATCH                                                        
2000efd0  HTTPStd_CONTENT_TYPE_APPLET                                          
2000efd4  HTTPStd_CONTENT_TYPE_AU                                              
2000efd8  HTTPStd_CONTENT_TYPE_CSS                                             
2000efdc  HTTPStd_CONTENT_TYPE_DOC                                             
2000efe0  HTTPStd_CONTENT_TYPE_GIF                                             
2000efe4  HTTPStd_CONTENT_TYPE_HTML                                            
2000efe8  HTTPStd_CONTENT_TYPE_JPG                                             
2000efec  HTTPStd_CONTENT_TYPE_MPEG                                            
2000eff0  HTTPStd_CONTENT_TYPE_PDF                                             
2000eff4  HTTPStd_CONTENT_TYPE_WAV                                             
2000eff8  HTTPStd_CONTENT_TYPE_ZIP                                             
2000effc  HTTPStd_CONTENT_TYPE_PLAIN                                           
2000f000  HTTPStd_FIELD_NAME_ACCEPT                                            
2000f004  HTTPStd_FIELD_NAME_ACCEPT_CHARSET                                    
2000f008  HTTPStd_FIELD_NAME_ACCEPT_ENCODING                                   
2000f00c  HTTPStd_FIELD_NAME_ACCEPT_LANGUAGE                                   
2000f010  HTTPStd_FIELD_NAME_ACCEPT_RANGES                                     
2000f014  HTTPStd_FIELD_NAME_AGE                                               
2000f018  HTTPStd_FIELD_NAME_ALLOW                                             
2000f01c  HTTPStd_FIELD_NAME_AUTHORIZATION                                     
2000f020  HTTPStd_FIELD_NAME_CACHE_CONTROL                                     
2000f024  HTTPStd_FIELD_NAME_CONNECTION                                        
2000f028  HTTPStd_FIELD_NAME_CONTENT_ENCODING                                  
2000f02c  HTTPStd_FIELD_NAME_CONTENT_LANGUAGE                                  
2000f030  HTTPStd_FIELD_NAME_CONTENT_LENGTH                                    
2000f034  HTTPStd_FIELD_NAME_CONTENT_LOCATION                                  
2000f038  HTTPStd_FIELD_NAME_CONTENT_MD5                                       
2000f03c  HTTPStd_FIELD_NAME_CONTENT_RANGE                                     
2000f040  HTTPStd_FIELD_NAME_CONTENT_TYPE                                      
2000f044  HTTPStd_FIELD_NAME_COOKIE                                            
2000f048  HTTPStd_FIELD_NAME_DATE                                              
2000f04c  HTTPStd_FIELD_NAME_ETAG                                              
2000f050  HTTPStd_FIELD_NAME_EXPECT                                            
2000f054  HTTPStd_FIELD_NAME_EXPIRES                                           
2000f058  HTTPStd_FIELD_NAME_FROM                                              
2000f05c  HTTPStd_FIELD_NAME_HOST                                              
2000f060  HTTPStd_FIELD_NAME_IF_MATCH                                          
2000f064  HTTPStd_FIELD_NAME_IF_MODIFIED_SINCE                                 
2000f068  HTTPStd_FIELD_NAME_IF_NONE_MATCH                                     
2000f06c  HTTPStd_FIELD_NAME_IF_RANGE                                          
2000f070  HTTPStd_FIELD_NAME_IF_UNMODIFIED_SINCE                               
2000f074  HTTPStd_FIELD_NAME_LAST_MODIFIED                                     
2000f078  HTTPStd_FIELD_NAME_LOCATION                                          
2000f07c  HTTPStd_FIELD_NAME_MAX_FORWARDS                                      
2000f080  HTTPStd_FIELD_NAME_ORIGIN                                            
2000f084  HTTPStd_FIELD_NAME_PRAGMA                                            
2000f088  HTTPStd_FIELD_NAME_PROXY_AUTHENTICATE                                
2000f08c  HTTPStd_FIELD_NAME_PROXY_AUTHORIZATION                               
2000f090  HTTPStd_FIELD_NAME_RANGE                                             
2000f094  HTTPStd_FIELD_NAME_REFERER                                           
2000f098  HTTPStd_FIELD_NAME_RETRY_AFTER                                       
2000f09c  HTTPStd_FIELD_NAME_SERVER                                            
2000f0a0  HTTPStd_FIELD_NAME_TE                                                
2000f0a4  HTTPStd_FIELD_NAME_TRAILER                                           
2000f0a8  HTTPStd_FIELD_NAME_TRANSFER_ENCODING                                 
2000f0ac  HTTPStd_FIELD_NAME_UPGRADE                                           
2000f0b0  HTTPStd_FIELD_NAME_USER_AGENT                                        
2000f0b4  HTTPStd_FIELD_NAME_VARY                                              
2000f0b8  HTTPStd_FIELD_NAME_VIA                                               
2000f0bc  HTTPStd_FIELD_NAME_WWW_AUTHENTICATE                                  
2000f0c0  HTTPStd_FIELD_NAME_WARNING                                           
2000f0c4  HTTPStd_FIELD_NAME_X_FORWARDED_FOR                                   
2000f0c8  _ipcfg                                                               
2000f17c  ti_sysbios_knl_Task_Object__table__V                                 
2000f214  ti_sysbios_knl_Swi_Module_State_0_readyQ__A                          
2000f294  ti_sysbios_knl_Task_Module_State_0_readyQ__A                         
2000f364  ti_sysbios_knl_Task_Module__state__V                                 
2000f428  ti_sysbios_family_arm_lm4_Timer_Module_State_0_device__A             
2000f468  ti_sysbios_family_arm_lm4_Timer_Object__table__V                     
2000f4a8  ti_sysbios_gates_GateMutex_Object__table__V                          
2000f514  ti_sysbios_family_arm_m3_Hwi_Module__state__V                        
2000f548  enablePrefetch                                                       
2000f54c  phyCounter                                                           
2000f57a  ti_sysbios_family_arm_m3_Hwi_Module_State_0_excActive__A             
2000f5ac  ti_sysbios_knl_Swi_Object__table__V                                  
2000f5dc  ti_sysbios_knl_Clock_Module__state__V                                
2000f608  pstrMsgName                                                          
2000f630  _oscfg                                                               
2000f654  PITCount                                                             
2000f658  PITUsed                                                              
2000f65c  PITHigh                                                              
2000f678  ti_sysbios_BIOS_Module__state__V                                     
2000f69c  ti_sysbios_family_arm_lm4_Timer_Module_State_0_handles__A            
2000f6d8  ti_ndk_config_Global_Id2Size                                         
2000f6f4  ti_sysbios_knl_Swi_Module__state__V                                  
2000f758  ti_sysbios_family_arm_m3_Hwi_Object__table__V                        
2000f770  ti_sysbios_heaps_HeapMem_Object__table__V                            
2000f7c4  gpioPinConfigs                                                       
2000f7ec  _IGMPForceVersion1                                                   
2000f7f4  ti_sysbios_family_arm_lm4_Timer_Module__state__V                     
2000f800  xdc_runtime_SysMin_Module__state__V                                  
2000f818  _lock                                                                
2000f81c  _unlock                                                              
2000f820  NIMUDeviceTable                                                      
2000f828  gpioCallbackFunctions                                                
2000f830  ti_ndk_config_Global_HostName                                        
2000f834  __xdc__init__addr                                                    
2000f848  _ICMPInErrors                                                        
2000f84c  _ICMPOutErrors                                                       
2000f850  _IPExecuting                                                         
2000f868  tcp_iss                                                              
2000f86c  ptTimeFirst                                                          
2000f878  ti_sysbios_family_arm_m3_Hwi_Module__root__V                         
2000f880  ti_sysbios_gates_GateHwi_Module__root__V                             
2000f888  ti_sysbios_gates_GateMutex_Module__root__V                           
2000f890  ti_sysbios_heaps_HeapMem_Module__root__V                             
2000f898  ti_sysbios_knl_Clock_Module__root__V                                 
2000f8a0  ti_sysbios_knl_Queue_Module__root__V                                 
2000f8a8  ti_sysbios_knl_Semaphore_Module__root__V                             
2000f8b0  ti_sysbios_knl_Swi_Module__root__V                                   
2000f8b8  ti_sysbios_knl_Task_Module__root__V                                  
2000f8c0  xdc_runtime_Registry_Module__state__V                                
2000f8c8  xdc_runtime_Startup_Module__state__V                                 
2000f8d0  xdc_runtime_System_Module_State_0_atexitHandlers__A                  
2000f8d8  xdc_runtime_System_Module__state__V                                  
2000f8e0  macAddress                                                           
2000f8f2  xdc_runtime_Error_Module__state__V                                   
2000f900  errno                                                                
2000f904  main_func_sp                                                         
2000f90c  _IPReasmPtr                                                          
2000f91c  ti_sysbios_family_arm_m3_Hwi_Module_State_0_excContext__A            
2000f920  ti_sysbios_family_arm_m3_Hwi_Module_State_0_excStack__A              
2000f924  ti_sysbios_gates_GateHwi_Object__table__V                            
2000f928  ti_sysbios_knl_Task_Module_State_0_idleTask__A                       
2000f92c  xdc_runtime_Memory_Module__state__V                                  
2000f930  __stack                                                              
20010130  __STACK_END                                                          
e000e000  ti_sysbios_family_arm_m3_Hwi_nvic                                    
ffffffff  __TI_pprof_out_hndl                                                  
ffffffff  __TI_prof_data_size                                                  
ffffffff  __TI_prof_data_start                                                 
ffffffff  __binit__                                                            
ffffffff  __c_args__                                                           
ffffffff  binit                                                                
UNDEFED   SHT$$INIT_ARRAY$$Base                                                
UNDEFED   SHT$$INIT_ARRAY$$Limit                                               

[1086 symbols]
